[2026-10-10 16:22:39Z INFO HostContext] No proxy settings were found based on environmental variables (http_proxy/https_proxy/HTTP_PROXY/HTTPS_PROXY)
[2026-10-10 16:22:39Z INFO HostContext] Well known directory 'Bin': 'C:\Users\CarlosC\OneDrive - Cesur-GCoremsa\Prácticas Data Center\Tareas\04 Git\proyectoGit\actions-runner\bin'
[2026-10-10 16:22:39Z INFO HostContext] Well known directory 'Root': 'C:\Users\CarlosC\OneDrive - Cesur-GCoremsa\Prácticas Data Center\Tareas\04 Git\proyectoGit\actions-runner'
[2026-10-10 16:22:39Z INFO HostContext] Well known config file 'Credentials': 'C:\Users\CarlosC\OneDrive - Cesur-GCoremsa\Prácticas Data Center\Tareas\04 Git\proyectoGit\actions-runner\.credentials'
[2026-10-10 16:22:39Z INFO HostContext] Well known directory 'Bin': 'C:\Users\CarlosC\OneDrive - Cesur-GCoremsa\Prácticas Data Center\Tareas\04 Git\proyectoGit\actions-runner\bin'
[2026-10-10 16:22:39Z INFO HostContext] Well known directory 'Root': 'C:\Users\CarlosC\OneDrive - Cesur-GCoremsa\Prácticas Data Center\Tareas\04 Git\proyectoGit\actions-runner'
[2026-10-10 16:22:39Z INFO HostContext] Well known config file 'Runner': 'C:\Users\CarlosC\OneDrive - Cesur-GCoremsa\Prácticas Data Center\Tareas\04 Git\proyectoGit\actions-runner\.runner'
[2026-10-10 16:22:39Z INFO Listener] Runner is built for Windows (X64) - win-x64.
[2026-10-10 16:22:39Z INFO Listener] RuntimeInformation: Microsoft Windows 10.0.26300.
[2026-10-10 16:22:39Z INFO Listener] Version: 2.337.0
[2026-10-10 16:22:39Z INFO Listener] Commit: 397b032cbf865e9c3ddfab89d533ec19325e1273
[2026-10-10 16:22:39Z INFO Listener] Culture: es-ES
[2026-10-10 16:22:39Z INFO Listener] UI Culture: es-ES
[2026-10-10 16:22:39Z INFO HostContext] Well known directory 'Bin': 'C:\Users\CarlosC\OneDrive - Cesur-GCoremsa\Prácticas Data Center\Tareas\04 Git\proyectoGit\actions-runner\bin'
[2026-10-10 16:22:39Z INFO HostContext] Well known directory 'Root': 'C:\Users\CarlosC\OneDrive - Cesur-GCoremsa\Prácticas Data Center\Tareas\04 Git\proyectoGit\actions-runner'
[2026-10-10 16:22:39Z INFO Listener] Validating directory permissions for: 'C:\Users\CarlosC\OneDrive - Cesur-GCoremsa\Prácticas Data Center\Tareas\04 Git\proyectoGit\actions-runner'
[2026-10-10 16:22:39Z INFO CommandLineParser] Parse
[2026-10-10 16:22:39Z INFO CommandLineParser] Parsing 1 args
[2026-10-10 16:22:39Z INFO CommandLineParser] parsing argument
[2026-10-10 16:22:39Z INFO CommandLineParser] HasArgs: False
[2026-10-10 16:22:39Z INFO CommandLineParser] Adding Command: run
[2026-10-10 16:22:39Z INFO Listener] Arguments parsed
[2026-10-10 16:22:39Z INFO Runner] ExecuteCommand
[2026-10-10 16:22:39Z INFO ConfigurationStore] currentAssemblyLocation: C:\Users\CarlosC\OneDrive - Cesur-GCoremsa\Prácticas Data Center\Tareas\04 Git\proyectoGit\actions-runner\bin\Runner.Listener.dll
[2026-10-10 16:22:39Z INFO HostContext] Well known directory 'Bin': 'C:\Users\CarlosC\OneDrive - Cesur-GCoremsa\Prácticas Data Center\Tareas\04 Git\proyectoGit\actions-runner\bin'
[2026-10-10 16:22:39Z INFO ConfigurationStore] binPath: C:\Users\CarlosC\OneDrive - Cesur-GCoremsa\Prácticas Data Center\Tareas\04 Git\proyectoGit\actions-runner\bin
[2026-10-10 16:22:39Z INFO HostContext] Well known directory 'Bin': 'C:\Users\CarlosC\OneDrive - Cesur-GCoremsa\Prácticas Data Center\Tareas\04 Git\proyectoGit\actions-runner\bin'
[2026-10-10 16:22:39Z INFO HostContext] Well known directory 'Root': 'C:\Users\CarlosC\OneDrive - Cesur-GCoremsa\Prácticas Data Center\Tareas\04 Git\proyectoGit\actions-runner'
[2026-10-10 16:22:39Z INFO ConfigurationStore] RootFolder: C:\Users\CarlosC\OneDrive - Cesur-GCoremsa\Prácticas Data Center\Tareas\04 Git\proyectoGit\actions-runner
[2026-10-10 16:22:39Z INFO HostContext] Well known directory 'Bin': 'C:\Users\CarlosC\OneDrive - Cesur-GCoremsa\Prácticas Data Center\Tareas\04 Git\proyectoGit\actions-runner\bin'
[2026-10-10 16:22:39Z INFO HostContext] Well known directory 'Root': 'C:\Users\CarlosC\OneDrive - Cesur-GCoremsa\Prácticas Data Center\Tareas\04 Git\proyectoGit\actions-runner'
[2026-10-10 16:22:39Z INFO HostContext] Well known config file 'Runner': 'C:\Users\CarlosC\OneDrive - Cesur-GCoremsa\Prácticas Data Center\Tareas\04 Git\proyectoGit\actions-runner\.runner'
[2026-10-10 16:22:39Z INFO ConfigurationStore] ConfigFilePath: C:\Users\CarlosC\OneDrive - Cesur-GCoremsa\Prácticas Data Center\Tareas\04 Git\proyectoGit\actions-runner\.runner
[2026-10-10 16:22:39Z INFO HostContext] Well known directory 'Bin': 'C:\Users\CarlosC\OneDrive - Cesur-GCoremsa\Prácticas Data Center\Tareas\04 Git\proyectoGit\actions-runner\bin'
[2026-10-10 16:22:39Z INFO HostContext] Well known directory 'Root': 'C:\Users\CarlosC\OneDrive - Cesur-GCoremsa\Prácticas Data Center\Tareas\04 Git\proyectoGit\actions-runner'
[2026-10-10 16:22:39Z INFO HostContext] Well known config file 'MigratedRunner': 'C:\Users\CarlosC\OneDrive - Cesur-GCoremsa\Prácticas Data Center\Tareas\04 Git\proyectoGit\actions-runner\.runner_migrated'
[2026-10-10 16:22:39Z INFO ConfigurationStore] MigratedConfigFilePath: C:\Users\CarlosC\OneDrive - Cesur-GCoremsa\Prácticas Data Center\Tareas\04 Git\proyectoGit\actions-runner\.runner_migrated
[2026-10-10 16:22:39Z INFO HostContext] Well known directory 'Bin': 'C:\Users\CarlosC\OneDrive - Cesur-GCoremsa\Prácticas Data Center\Tareas\04 Git\proyectoGit\actions-runner\bin'
[2026-10-10 16:22:39Z INFO HostContext] Well known directory 'Root': 'C:\Users\CarlosC\OneDrive - Cesur-GCoremsa\Prácticas Data Center\Tareas\04 Git\proyectoGit\actions-runner'
[2026-10-10 16:22:39Z INFO HostContext] Well known config file 'Credentials': 'C:\Users\CarlosC\OneDrive - Cesur-GCoremsa\Prácticas Data Center\Tareas\04 Git\proyectoGit\actions-runner\.credentials'
[2026-10-10 16:22:39Z INFO ConfigurationStore] CredFilePath: C:\Users\CarlosC\OneDrive - Cesur-GCoremsa\Prácticas Data Center\Tareas\04 Git\proyectoGit\actions-runner\.credentials
[2026-10-10 16:22:39Z INFO HostContext] Well known directory 'Bin': 'C:\Users\CarlosC\OneDrive - Cesur-GCoremsa\Prácticas Data Center\Tareas\04 Git\proyectoGit\actions-runner\bin'
[2026-10-10 16:22:39Z INFO HostContext] Well known directory 'Root': 'C:\Users\CarlosC\OneDrive - Cesur-GCoremsa\Prácticas Data Center\Tareas\04 Git\proyectoGit\actions-runner'
[2026-10-10 16:22:39Z INFO HostContext] Well known config file 'MigratedCredentials': 'C:\Users\CarlosC\OneDrive - Cesur-GCoremsa\Prácticas Data Center\Tareas\04 Git\proyectoGit\actions-runner\.credentials_migrated'
[2026-10-10 16:22:39Z INFO ConfigurationStore] MigratedCredFilePath: C:\Users\CarlosC\OneDrive - Cesur-GCoremsa\Prácticas Data Center\Tareas\04 Git\proyectoGit\actions-runner\.credentials_migrated
[2026-10-10 16:22:39Z INFO HostContext] Well known directory 'Bin': 'C:\Users\CarlosC\OneDrive - Cesur-GCoremsa\Prácticas Data Center\Tareas\04 Git\proyectoGit\actions-runner\bin'
[2026-10-10 16:22:39Z INFO HostContext] Well known directory 'Root': 'C:\Users\CarlosC\OneDrive - Cesur-GCoremsa\Prácticas Data Center\Tareas\04 Git\proyectoGit\actions-runner'
[2026-10-10 16:22:39Z INFO HostContext] Well known config file 'Service': 'C:\Users\CarlosC\OneDrive - Cesur-GCoremsa\Prácticas Data Center\Tareas\04 Git\proyectoGit\actions-runner\.service'
[2026-10-10 16:22:39Z INFO ConfigurationStore] ServiceConfigFilePath: C:\Users\CarlosC\OneDrive - Cesur-GCoremsa\Prácticas Data Center\Tareas\04 Git\proyectoGit\actions-runner\.service
[2026-10-10 16:22:39Z INFO CommandSettings] Flag 'help': 'False'
[2026-10-10 16:22:39Z INFO CommandSettings] Flag 'version': 'False'
[2026-10-10 16:22:39Z INFO CommandSettings] Flag 'commit': 'False'
[2026-10-10 16:22:39Z INFO CommandSettings] Flag 'check': 'False'
[2026-10-10 16:22:39Z INFO CommandSettings] Command 'configure': 'False'
[2026-10-10 16:22:39Z INFO CommandSettings] Command 'remove': 'False'
[2026-10-10 16:22:39Z INFO CommandSettings] Command 'warmup': 'False'
[2026-10-10 16:22:39Z INFO ConfigurationManager] LoadSettings
[2026-10-10 16:22:39Z INFO ConfigurationStore] IsConfigured()
[2026-10-10 16:22:39Z INFO ConfigurationStore] IsConfigured: True
[2026-10-10 16:22:39Z INFO ConfigurationManager] Is configured: True
[2026-10-10 16:22:39Z INFO ConfigurationStore] Read setting file: 398 chars
[2026-10-10 16:22:39Z INFO ConfigurationManager] Settings Loaded
[2026-10-10 16:22:39Z INFO ConfigurationStore] IsServiceConfigured()
[2026-10-10 16:22:39Z INFO ConfigurationStore] IsServiceConfigured: False
[2026-10-10 16:22:39Z INFO CommandSettings] Command 'run': 'True'
[2026-10-10 16:22:39Z INFO ConfigurationStore] IsConfigured()
[2026-10-10 16:22:39Z INFO ConfigurationStore] IsConfigured: True
[2026-10-10 16:22:39Z INFO ConfigurationManager] Is configured: True
[2026-10-10 16:22:39Z INFO Runner] Could not parse the argument value '' for StartupType. Defaulting to Manual
[2026-10-10 16:22:39Z INFO Runner] Set runner startup type - Manual
[2026-10-10 16:22:39Z INFO CommandSettings] Flag 'once': 'False'
[2026-10-10 16:22:39Z INFO CommandSettings] Flag 'once': 'False'
[2026-10-10 16:22:39Z INFO Runner] RunAsync
[2026-10-10 16:22:39Z INFO HostContext] Well known directory 'Bin': 'C:\Users\CarlosC\OneDrive - Cesur-GCoremsa\Prácticas Data Center\Tareas\04 Git\proyectoGit\actions-runner\bin'
[2026-10-10 16:22:39Z INFO HostContext] Well known directory 'Root': 'C:\Users\CarlosC\OneDrive - Cesur-GCoremsa\Prácticas Data Center\Tareas\04 Git\proyectoGit\actions-runner'
[2026-10-10 16:22:39Z INFO HostContext] Well known directory 'Work': 'C:\Users\CarlosC\OneDrive - Cesur-GCoremsa\Prácticas Data Center\Tareas\04 Git\proyectoGit\actions-runner\_work'
[2026-10-10 16:22:39Z INFO Runner] Validating directory permissions for: 'C:\Users\CarlosC\OneDrive - Cesur-GCoremsa\Prácticas Data Center\Tareas\04 Git\proyectoGit\actions-runner\_work'
[2026-10-10 16:22:39Z INFO ConfigurationManager] LoadMigratedSettings
[2026-10-10 16:22:39Z INFO ConfigurationStore] IsMigratedConfigured()
[2026-10-10 16:22:39Z INFO ConfigurationStore] IsMigratedConfigured: False
[2026-10-10 16:22:39Z INFO Runner] Failed to load migrated settings: No migrated configuration found.
[2026-10-10 16:22:39Z INFO Runner] Falling back to original .runner settings
[2026-10-10 16:22:39Z INFO Runner] Using BrokerMessageListener
[2026-10-10 16:22:39Z INFO BrokerMessageListener] Using provided settings
[2026-10-10 16:22:39Z INFO BrokerMessageListener] {
  "AgentId": 2,
  "AgentName": "CARLTONPIEDRA",
  "PoolId": 1,
  "PoolName": "Default",
  "ServerUrl": "https://pipelinesghubeus6.actions.githubusercontent.com/CvnxluUQKJ2cRC5HvGwna7J3IosHjoEdR5DuRyC8dQbK4IzdW1/",
  "GitHubUrl": "https://github.com/CarlosCDAW/proyectoGit",
  "WorkFolder": "_work",
  "UseV2Flow": true,
  "ServerUrlV2": "https://broker.actions.githubusercontent.com/"
}
[2026-10-10 16:22:39Z INFO BrokerMessageListener] Loading Credentials
[2026-10-10 16:22:39Z INFO ConfigurationStore] HasCredentials()
[2026-10-10 16:22:39Z INFO ConfigurationStore] stored True
[2026-10-10 16:22:39Z INFO CredentialManager] GetCredentialProvider
[2026-10-10 16:22:39Z INFO CredentialManager] Creating type OAuth
[2026-10-10 16:22:39Z INFO CredentialManager] Creating credential type: OAuth
[2026-10-10 16:22:39Z INFO HostContext] Well known directory 'Bin': 'C:\Users\CarlosC\OneDrive - Cesur-GCoremsa\Prácticas Data Center\Tareas\04 Git\proyectoGit\actions-runner\bin'
[2026-10-10 16:22:39Z INFO HostContext] Well known directory 'Root': 'C:\Users\CarlosC\OneDrive - Cesur-GCoremsa\Prácticas Data Center\Tareas\04 Git\proyectoGit\actions-runner'
[2026-10-10 16:22:39Z INFO HostContext] Well known config file 'RSACredentials': 'C:\Users\CarlosC\OneDrive - Cesur-GCoremsa\Prácticas Data Center\Tareas\04 Git\proyectoGit\actions-runner\.credentials_rsaparams'
[2026-10-10 16:22:39Z INFO RSAEncryptedFileKeyManager] Loading RSA key parameters from file C:\Users\CarlosC\OneDrive - Cesur-GCoremsa\Prácticas Data Center\Tareas\04 Git\proyectoGit\actions-runner\.credentials_rsaparams
[2026-10-10 16:22:39Z INFO BrokerMessageListener] Attempt to create session.
[2026-10-10 16:22:39Z INFO BrokerMessageListener] Connecting to the Broker Server...
[2026-10-10 16:22:39Z INFO ConfigurationStore] HasCredentials()
[2026-10-10 16:22:39Z INFO ConfigurationStore] stored True
[2026-10-10 16:22:39Z INFO CredentialManager] GetCredentialProvider
[2026-10-10 16:22:39Z INFO CredentialManager] Creating type OAuth
[2026-10-10 16:22:39Z INFO CredentialManager] Creating credential type: OAuth
[2026-10-10 16:22:39Z INFO RSAEncryptedFileKeyManager] Loading RSA key parameters from file C:\Users\CarlosC\OneDrive - Cesur-GCoremsa\Prácticas Data Center\Tareas\04 Git\proyectoGit\actions-runner\.credentials_rsaparams
[2026-10-10 16:22:39Z INFO BrokerMessageListener] VssConnection created
[2026-10-10 16:22:39Z INFO BrokerMessageListener] Connecting to the Runner server...
[2026-10-10 16:22:39Z INFO RunnerServer] EstablishVssConnection
[2026-10-10 16:22:39Z INFO RunnerServer] Establish connection with 100 seconds timeout.
[2026-10-10 16:22:39Z INFO GitHubActionsService] Starting operation Location.GetConnectionData
[2026-10-10 16:22:39Z INFO RunnerServer] EstablishVssConnection
[2026-10-10 16:22:39Z INFO RunnerServer] Establish connection with 60 seconds timeout.
[2026-10-10 16:22:40Z INFO GitHubActionsService] Starting operation Location.GetConnectionData
[2026-10-10 16:22:40Z INFO RunnerServer] EstablishVssConnection
[2026-10-10 16:22:40Z INFO RunnerServer] Establish connection with 60 seconds timeout.
[2026-10-10 16:22:40Z INFO GitHubActionsService] Starting operation Location.GetConnectionData
[2026-10-10 16:22:40Z INFO GitHubActionsService] Finished operation Location.GetConnectionData
[2026-10-10 16:22:40Z INFO GitHubActionsService] Finished operation Location.GetConnectionData
[2026-10-10 16:22:40Z INFO GitHubActionsService] Finished operation Location.GetConnectionData
[2026-10-10 16:22:40Z INFO BrokerMessageListener] VssConnection created
[2026-10-10 16:22:40Z INFO Terminal] WRITE LINE: 
[2026-10-10 16:22:40Z INFO Terminal] WRITE LINE: 
[2026-10-10 16:22:40Z INFO RSAEncryptedFileKeyManager] Loading RSA key parameters from file C:\Users\CarlosC\OneDrive - Cesur-GCoremsa\Prácticas Data Center\Tareas\04 Git\proyectoGit\actions-runner\.credentials_rsaparams
[2026-10-10 16:22:40Z INFO RSAEncryptedFileKeyManager] Loading RSA key parameters from file C:\Users\CarlosC\OneDrive - Cesur-GCoremsa\Prácticas Data Center\Tareas\04 Git\proyectoGit\actions-runner\.credentials_rsaparams
[2026-10-10 16:22:41Z INFO GitHubActionsService] AAD Correlation ID for this token request: Unknown
[2026-10-10 16:22:41Z INFO BrokerMessageListener] Session created.
[2026-10-10 16:22:41Z INFO Terminal] WRITE LINE: Current runner version: '2.337.0'
[2026-10-10 16:22:41Z INFO Terminal] WRITE LINE: 2026-10-10 16:22:41Z: Listening for Jobs
[2026-10-10 16:22:41Z INFO JobDispatcher] Set runner/worker IPC timeout to 30 seconds.
[2026-10-10 16:22:55Z INFO BrokerMessageListener] Acknowledging runner request 'a5bfecd3-b8ad-553b-9e90-2a0db166639f'.
[2026-10-10 16:22:55Z INFO ConfigurationStore] HasCredentials()
[2026-10-10 16:22:55Z INFO ConfigurationStore] stored True
[2026-10-10 16:22:55Z INFO CredentialManager] GetCredentialProvider
[2026-10-10 16:22:55Z INFO CredentialManager] Creating type OAuth
[2026-10-10 16:22:55Z INFO CredentialManager] Creating credential type: OAuth
[2026-10-10 16:22:55Z INFO RSAEncryptedFileKeyManager] Loading RSA key parameters from file C:\Users\CarlosC\OneDrive - Cesur-GCoremsa\Prácticas Data Center\Tareas\04 Git\proyectoGit\actions-runner\.credentials_rsaparams
[2026-10-10 16:22:55Z INFO RSAEncryptedFileKeyManager] Loading RSA key parameters from file C:\Users\CarlosC\OneDrive - Cesur-GCoremsa\Prácticas Data Center\Tareas\04 Git\proyectoGit\actions-runner\.credentials_rsaparams
[2026-10-10 16:22:55Z INFO RSAEncryptedFileKeyManager] Loading RSA key parameters from file C:\Users\CarlosC\OneDrive - Cesur-GCoremsa\Prácticas Data Center\Tareas\04 Git\proyectoGit\actions-runner\.credentials_rsaparams
[2026-10-10 16:22:56Z INFO GitHubActionsService] AAD Correlation ID for this token request: Unknown
[2026-10-10 16:22:57Z INFO JobDispatcher] Job request 0 for plan 7850d945-f7f3-8516-bac7-a5c10c6911a9 job a5bfecd3-b8ad-553b-9e90-2a0db166639f received.
[2026-10-10 16:22:57Z INFO JobDispatcher] Pull OrchestrationId 7850d945-f7f3-8516-bac7-a5c10c6911a9.validate-prod.__default from JWT claims
[2026-10-10 16:22:57Z INFO BrokerMessageListener] Received job status event. JobState: Busy
[2026-10-10 16:22:57Z INFO BrokerMessageListener] _getMessagesTokenSource is already disposed.
[2026-10-10 16:22:57Z INFO Terminal] WRITE LINE: 2026-10-10 16:22:57Z: Running job: validate-prod
[2026-10-10 16:22:57Z INFO JobDispatcher] Start renew job request 0 for job a5bfecd3-b8ad-553b-9e90-2a0db166639f.
[2026-10-10 16:22:57Z INFO JobDispatcher] Successfully renew job a5bfecd3-b8ad-553b-9e90-2a0db166639f, job is valid till 10/10/2026 16:32:57
[2026-10-10 16:22:57Z INFO HostContext] Well known directory 'Bin': 'C:\Users\CarlosC\OneDrive - Cesur-GCoremsa\Prácticas Data Center\Tareas\04 Git\proyectoGit\actions-runner\bin'
[2026-10-10 16:22:57Z INFO ProcessInvokerWrapper] Starting process:
[2026-10-10 16:22:57Z INFO ProcessInvokerWrapper]   File name: 'C:\Users\CarlosC\OneDrive - Cesur-GCoremsa\Prácticas Data Center\Tareas\04 Git\proyectoGit\actions-runner\bin\Runner.Worker.exe'
[2026-10-10 16:22:57Z INFO ProcessInvokerWrapper]   Arguments: 'spawnclient 2224 2236'
[2026-10-10 16:22:57Z INFO ProcessInvokerWrapper]   Working directory: 'C:\Users\CarlosC\OneDrive - Cesur-GCoremsa\Prácticas Data Center\Tareas\04 Git\proyectoGit\actions-runner\bin'
[2026-10-10 16:22:57Z INFO ProcessInvokerWrapper]   Require exit code zero: 'False'
[2026-10-10 16:22:57Z INFO ProcessInvokerWrapper]   Encoding web name:  ; code page: ''
[2026-10-10 16:22:57Z INFO ProcessInvokerWrapper]   Force kill process on cancellation: 'True'
[2026-10-10 16:22:57Z INFO ProcessInvokerWrapper]   Redirected STDIN: 'False'
[2026-10-10 16:22:57Z INFO ProcessInvokerWrapper]   Persist current code page: 'False'
[2026-10-10 16:22:57Z INFO ProcessInvokerWrapper]   Keep redirected STDIN open: 'False'
[2026-10-10 16:22:57Z INFO ProcessInvokerWrapper]   High priority process: 'True'
[2026-10-10 16:22:57Z INFO ProcessInvokerWrapper] Process started with process id 10800, waiting for process exit.
[2026-10-10 16:22:57Z INFO JobDispatcher] Send job request message to worker for job a5bfecd3-b8ad-553b-9e90-2a0db166639f.
[2026-10-10 16:22:57Z INFO ProcessChannel] Sending message of length 22619, with hash '2c884490b657c4c4683ff4c73e5da3b4e60aef1eb25a18d86f71b557001322f7'
[2026-10-10 16:22:57Z INFO JobNotification] Entering JobStarted Notification
[2026-10-10 16:22:57Z INFO JobNotification] Entering StartMonitor
[2026-10-10 16:23:01Z INFO ProcessInvokerWrapper] STDOUT/STDERR stream read finished.
[2026-10-10 16:23:01Z INFO ProcessInvokerWrapper] STDOUT/STDERR stream read finished.
[2026-10-10 16:23:01Z INFO ProcessInvokerWrapper] Finished process 10800 with exit code 102, and elapsed time 00:00:04.0144327.
[2026-10-10 16:23:01Z INFO JobDispatcher] Worker finished for job a5bfecd3-b8ad-553b-9e90-2a0db166639f. Code: 102
[2026-10-10 16:23:01Z INFO JobDispatcher] finish job request for job a5bfecd3-b8ad-553b-9e90-2a0db166639f with result: Failed
[2026-10-10 16:23:01Z INFO Terminal] WRITE LINE: 2026-10-10 16:23:01Z: Job validate-prod completed with result: Failed
[2026-10-10 16:23:01Z INFO JobDispatcher] Stop renew job request for job a5bfecd3-b8ad-553b-9e90-2a0db166639f.
[2026-10-10 16:23:01Z INFO JobDispatcher] job renew has been cancelled, stop renew job a5bfecd3-b8ad-553b-9e90-2a0db166639f.
[2026-10-10 16:23:01Z INFO JobNotification] Entering JobCompleted Notification
[2026-10-10 16:23:01Z INFO JobNotification] Entering EndMonitor
[2026-10-10 16:23:01Z INFO BrokerMessageListener] Received job status event. JobState: Online
[2026-10-10 16:23:01Z WARN GitHubActionsService] GET request to https://broker.actions.githubusercontent.com/message?sessionId=28a1acc2-f14e-4428-94a2-4d2e9dc0a2bf&status=Busy&runnerVersion=2.337.0&os=Windows&architecture=X64&disableUpdate=false has been cancelled.
[2026-10-10 16:23:01Z ERR  BrokerServer] Catch exception during request
[2026-10-10 16:23:01Z ERR  BrokerServer] System.Threading.Tasks.TaskCanceledException: The operation was canceled.
 ---> System.Threading.Tasks.TaskCanceledException: The operation was canceled.
 ---> System.IO.IOException: Unable to read data from the transport connection: La operación de E/S se anuló por una salida de subproceso o por una solicitud de aplicación..
 ---> System.Net.Sockets.SocketException (995): La operación de E/S se anuló por una salida de subproceso o por una solicitud de aplicación.
   --- End of inner exception stack trace ---
   at System.Net.Sockets.Socket.AwaitableSocketAsyncEventArgs.ThrowException(SocketError error, CancellationToken cancellationToken)
   at System.Net.Sockets.Socket.AwaitableSocketAsyncEventArgs.System.Threading.Tasks.Sources.IValueTaskSource<System.Int32>.GetResult(Int16 token)
   at System.Net.Security.SslStream.EnsureFullTlsFrameAsync[TIOAdapter](CancellationToken cancellationToken, Int32 estimatedSize)
   at System.Runtime.CompilerServices.PoolingAsyncValueTaskMethodBuilder`1.StateMachineBox`1.System.Threading.Tasks.Sources.IValueTaskSource<TResult>.GetResult(Int16 token)
   at System.Net.Security.SslStream.ReadAsyncInternal[TIOAdapter](Memory`1 buffer, CancellationToken cancellationToken)
   at System.Runtime.CompilerServices.PoolingAsyncValueTaskMethodBuilder`1.StateMachineBox`1.System.Threading.Tasks.Sources.IValueTaskSource<TResult>.GetResult(Int16 token)
   at System.Net.Http.HttpConnection.<EnsureReadAheadTaskHasStarted>g__ReadAheadWithZeroByteReadAsync|40_0()
   at System.Net.Http.HttpConnection.SendAsync(HttpRequestMessage request, Boolean async, CancellationToken cancellationToken)
   --- End of inner exception stack trace ---
   at System.Net.Http.HttpConnection.SendAsync(HttpRequestMessage request, Boolean async, CancellationToken cancellationToken)
   at System.Net.Http.AuthenticationHelper.SendWithNtAuthAsync(HttpRequestMessage request, Uri authUri, Boolean async, ICredentials credentials, Boolean isProxyAuth, HttpConnection connection, HttpConnectionPool connectionPool, CancellationToken cancellationToken)
   at System.Net.Http.HttpConnectionPool.SendWithVersionDetectionAndRetryAsync(HttpRequestMessage request, Boolean async, Boolean doRequestAuth, CancellationToken cancellationToken)
   at System.Net.Http.AuthenticationHelper.SendWithAuthAsync(HttpRequestMessage request, Uri authUri, Boolean async, ICredentials credentials, Boolean preAuthenticate, Boolean isProxyAuth, Boolean doRequestAuth, HttpConnectionPool pool, CancellationToken cancellationToken)
   at System.Net.Http.RedirectHandler.SendAsync(HttpRequestMessage request, Boolean async, CancellationToken cancellationToken)
   at GitHub.Services.Common.RawHttpMessageHandler.SendAsync(HttpRequestMessage request, CancellationToken cancellationToken)
   at GitHub.Services.Common.VssHttpRetryMessageHandler.SendAsync(HttpRequestMessage request, CancellationToken cancellationToken)
   at System.Net.Http.HttpClient.<SendAsync>g__Core|83_0(HttpRequestMessage request, HttpCompletionOption completionOption, CancellationTokenSource cts, Boolean disposeCts, CancellationTokenSource pendingRequestsCts, CancellationToken originalCancellationToken)
   --- End of inner exception stack trace ---
   at System.Net.Http.HttpClient.HandleFailure(Exception e, Boolean telemetryStarted, HttpResponseMessage response, CancellationTokenSource cts, CancellationToken cancellationToken, CancellationTokenSource pendingRequestsCts)
   at System.Net.Http.HttpClient.<SendAsync>g__Core|83_0(HttpRequestMessage request, HttpCompletionOption completionOption, CancellationTokenSource cts, Boolean disposeCts, CancellationTokenSource pendingRequestsCts, CancellationToken originalCancellationToken)
   at Sdk.WebApi.WebApi.RawHttpClientBase.SendAsync(HttpRequestMessage message, HttpCompletionOption completionOption, Object userState, CancellationToken cancellationToken)
   at Sdk.WebApi.WebApi.RawHttpClientBase.SendAsync[T](HttpRequestMessage message, Boolean readErrorBody, Object userState, CancellationToken cancellationToken)
   at Sdk.WebApi.WebApi.RawHttpClientBase.SendAsync[T](HttpMethod method, IEnumerable`1 additionalHeaders, Uri requestUri, HttpContent content, IEnumerable`1 queryParameters, Boolean readErrorBody, Object userState, CancellationToken cancellationToken)
   at GitHub.Actions.RunService.WebApi.BrokerHttpClient.GetRunnerMessageAsync(Nullable`1 sessionId, String runnerVersion, Nullable`1 status, String os, String architecture, Nullable`1 disableUpdate, CancellationToken cancellationToken)
   at GitHub.Runner.Common.BrokerServer.<>c__DisplayClass7_0.<<GetRunnerMessageAsync>b__0>d.MoveNext()
--- End of stack trace from previous location ---
   at GitHub.Runner.Common.RunnerService.RetryRequest[T](Func`1 func, CancellationToken cancellationToken, Int32 maxAttempts, Func`2 shouldRetry)
[2026-10-10 16:23:01Z ERR  BrokerServer] #####################################################
[2026-10-10 16:23:01Z ERR  BrokerServer] System.Threading.Tasks.TaskCanceledException: The operation was canceled.
 ---> System.IO.IOException: Unable to read data from the transport connection: La operación de E/S se anuló por una salida de subproceso o por una solicitud de aplicación..
 ---> System.Net.Sockets.SocketException (995): La operación de E/S se anuló por una salida de subproceso o por una solicitud de aplicación.
   --- End of inner exception stack trace ---
   at System.Net.Sockets.Socket.AwaitableSocketAsyncEventArgs.ThrowException(SocketError error, CancellationToken cancellationToken)
   at System.Net.Sockets.Socket.AwaitableSocketAsyncEventArgs.System.Threading.Tasks.Sources.IValueTaskSource<System.Int32>.GetResult(Int16 token)
   at System.Net.Security.SslStream.EnsureFullTlsFrameAsync[TIOAdapter](CancellationToken cancellationToken, Int32 estimatedSize)
   at System.Runtime.CompilerServices.PoolingAsyncValueTaskMethodBuilder`1.StateMachineBox`1.System.Threading.Tasks.Sources.IValueTaskSource<TResult>.GetResult(Int16 token)
   at System.Net.Security.SslStream.ReadAsyncInternal[TIOAdapter](Memory`1 buffer, CancellationToken cancellationToken)
   at System.Runtime.CompilerServices.PoolingAsyncValueTaskMethodBuilder`1.StateMachineBox`1.System.Threading.Tasks.Sources.IValueTaskSource<TResult>.GetResult(Int16 token)
   at System.Net.Http.HttpConnection.<EnsureReadAheadTaskHasStarted>g__ReadAheadWithZeroByteReadAsync|40_0()
   at System.Net.Http.HttpConnection.SendAsync(HttpRequestMessage request, Boolean async, CancellationToken cancellationToken)
   --- End of inner exception stack trace ---
   at System.Net.Http.HttpConnection.SendAsync(HttpRequestMessage request, Boolean async, CancellationToken cancellationToken)
   at System.Net.Http.AuthenticationHelper.SendWithNtAuthAsync(HttpRequestMessage request, Uri authUri, Boolean async, ICredentials credentials, Boolean isProxyAuth, HttpConnection connection, HttpConnectionPool connectionPool, CancellationToken cancellationToken)
   at System.Net.Http.HttpConnectionPool.SendWithVersionDetectionAndRetryAsync(HttpRequestMessage request, Boolean async, Boolean doRequestAuth, CancellationToken cancellationToken)
   at System.Net.Http.AuthenticationHelper.SendWithAuthAsync(HttpRequestMessage request, Uri authUri, Boolean async, ICredentials credentials, Boolean preAuthenticate, Boolean isProxyAuth, Boolean doRequestAuth, HttpConnectionPool pool, CancellationToken cancellationToken)
   at System.Net.Http.RedirectHandler.SendAsync(HttpRequestMessage request, Boolean async, CancellationToken cancellationToken)
   at GitHub.Services.Common.RawHttpMessageHandler.SendAsync(HttpRequestMessage request, CancellationToken cancellationToken)
   at GitHub.Services.Common.VssHttpRetryMessageHandler.SendAsync(HttpRequestMessage request, CancellationToken cancellationToken)
   at System.Net.Http.HttpClient.<SendAsync>g__Core|83_0(HttpRequestMessage request, HttpCompletionOption completionOption, CancellationTokenSource cts, Boolean disposeCts, CancellationTokenSource pendingRequestsCts, CancellationToken originalCancellationToken)
[2026-10-10 16:23:01Z ERR  BrokerServer] #####################################################
[2026-10-10 16:23:01Z ERR  BrokerServer] System.IO.IOException: Unable to read data from the transport connection: La operación de E/S se anuló por una salida de subproceso o por una solicitud de aplicación..
 ---> System.Net.Sockets.SocketException (995): La operación de E/S se anuló por una salida de subproceso o por una solicitud de aplicación.
   --- End of inner exception stack trace ---
   at System.Net.Sockets.Socket.AwaitableSocketAsyncEventArgs.ThrowException(SocketError error, CancellationToken cancellationToken)
   at System.Net.Sockets.Socket.AwaitableSocketAsyncEventArgs.System.Threading.Tasks.Sources.IValueTaskSource<System.Int32>.GetResult(Int16 token)
   at System.Net.Security.SslStream.EnsureFullTlsFrameAsync[TIOAdapter](CancellationToken cancellationToken, Int32 estimatedSize)
   at System.Runtime.CompilerServices.PoolingAsyncValueTaskMethodBuilder`1.StateMachineBox`1.System.Threading.Tasks.Sources.IValueTaskSource<TResult>.GetResult(Int16 token)
   at System.Net.Security.SslStream.ReadAsyncInternal[TIOAdapter](Memory`1 buffer, CancellationToken cancellationToken)
   at System.Runtime.CompilerServices.PoolingAsyncValueTaskMethodBuilder`1.StateMachineBox`1.System.Threading.Tasks.Sources.IValueTaskSource<TResult>.GetResult(Int16 token)
   at System.Net.Http.HttpConnection.<EnsureReadAheadTaskHasStarted>g__ReadAheadWithZeroByteReadAsync|40_0()
   at System.Net.Http.HttpConnection.SendAsync(HttpRequestMessage request, Boolean async, CancellationToken cancellationToken)
[2026-10-10 16:23:01Z ERR  BrokerServer] #####################################################
[2026-10-10 16:23:01Z ERR  BrokerServer] System.Net.Sockets.SocketException (995): La operación de E/S se anuló por una salida de subproceso o por una solicitud de aplicación.
[2026-10-10 16:23:01Z WARN BrokerServer] Back off 6,895 seconds before next retry. 4 attempt left.
[2026-10-10 16:23:01Z INFO BrokerMessageListener] Get messages has been cancelled using local token source. Continue to get messages with new status.
[2026-10-10 16:29:56Z INFO Terminal] WRITE LINE: Exiting...
[2026-10-10 16:29:56Z INFO ConfigurationStore] IsServiceConfigured()
[2026-10-10 16:29:56Z INFO ConfigurationStore] IsServiceConfigured: False
[2026-10-10 16:29:56Z INFO HostContext] Runner will be shutdown for UserCancelled
[2026-10-10 16:29:56Z WARN GitHubActionsService] GET request to https://broker.actions.githubusercontent.com/message?sessionId=28a1acc2-f14e-4428-94a2-4d2e9dc0a2bf&status=Online&runnerVersion=2.337.0&os=Windows&architecture=X64&disableUpdate=false has been cancelled.
[2026-10-10 16:29:56Z ERR  BrokerServer] Catch exception during request
[2026-10-10 16:29:56Z ERR  BrokerServer] System.Threading.Tasks.TaskCanceledException: The operation was canceled.
 ---> System.Threading.Tasks.TaskCanceledException: The operation was canceled.
 ---> System.IO.IOException: Unable to read data from the transport connection: La operación de E/S se anuló por una salida de subproceso o por una solicitud de aplicación..
 ---> System.Net.Sockets.SocketException (995): La operación de E/S se anuló por una salida de subproceso o por una solicitud de aplicación.
   --- End of inner exception stack trace ---
   at System.Net.Sockets.Socket.AwaitableSocketAsyncEventArgs.ThrowException(SocketError error, CancellationToken cancellationToken)
   at System.Net.Sockets.Socket.AwaitableSocketAsyncEventArgs.System.Threading.Tasks.Sources.IValueTaskSource<System.Int32>.GetResult(Int16 token)
   at System.Net.Security.SslStream.EnsureFullTlsFrameAsync[TIOAdapter](CancellationToken cancellationToken, Int32 estimatedSize)
   at System.Runtime.CompilerServices.PoolingAsyncValueTaskMethodBuilder`1.StateMachineBox`1.System.Threading.Tasks.Sources.IValueTaskSource<TResult>.GetResult(Int16 token)
   at System.Net.Security.SslStream.ReadAsyncInternal[TIOAdapter](Memory`1 buffer, CancellationToken cancellationToken)
   at System.Runtime.CompilerServices.PoolingAsyncValueTaskMethodBuilder`1.StateMachineBox`1.System.Threading.Tasks.Sources.IValueTaskSource<TResult>.GetResult(Int16 token)
   at System.Net.Http.HttpConnection.SendAsync(HttpRequestMessage request, Boolean async, CancellationToken cancellationToken)
   --- End of inner exception stack trace ---
   at System.Net.Http.HttpConnection.SendAsync(HttpRequestMessage request, Boolean async, CancellationToken cancellationToken)
   at System.Net.Http.AuthenticationHelper.SendWithNtAuthAsync(HttpRequestMessage request, Uri authUri, Boolean async, ICredentials credentials, Boolean isProxyAuth, HttpConnection connection, HttpConnectionPool connectionPool, CancellationToken cancellationToken)
   at System.Net.Http.HttpConnectionPool.SendWithVersionDetectionAndRetryAsync(HttpRequestMessage request, Boolean async, Boolean doRequestAuth, CancellationToken cancellationToken)
   at System.Net.Http.AuthenticationHelper.SendWithAuthAsync(HttpRequestMessage request, Uri authUri, Boolean async, ICredentials credentials, Boolean preAuthenticate, Boolean isProxyAuth, Boolean doRequestAuth, HttpConnectionPool pool, CancellationToken cancellationToken)
   at System.Net.Http.RedirectHandler.SendAsync(HttpRequestMessage request, Boolean async, CancellationToken cancellationToken)
   at GitHub.Services.Common.RawHttpMessageHandler.SendAsync(HttpRequestMessage request, CancellationToken cancellationToken)
   at GitHub.Services.Common.VssHttpRetryMessageHandler.SendAsync(HttpRequestMessage request, CancellationToken cancellationToken)
   at System.Net.Http.HttpClient.<SendAsync>g__Core|83_0(HttpRequestMessage request, HttpCompletionOption completionOption, CancellationTokenSource cts, Boolean disposeCts, CancellationTokenSource pendingRequestsCts, CancellationToken originalCancellationToken)
   --- End of inner exception stack trace ---
   at System.Net.Http.HttpClient.HandleFailure(Exception e, Boolean telemetryStarted, HttpResponseMessage response, CancellationTokenSource cts, CancellationToken cancellationToken, CancellationTokenSource pendingRequestsCts)
   at System.Net.Http.HttpClient.<SendAsync>g__Core|83_0(HttpRequestMessage request, HttpCompletionOption completionOption, CancellationTokenSource cts, Boolean disposeCts, CancellationTokenSource pendingRequestsCts, CancellationToken originalCancellationToken)
   at Sdk.WebApi.WebApi.RawHttpClientBase.SendAsync(HttpRequestMessage message, HttpCompletionOption completionOption, Object userState, CancellationToken cancellationToken)
   at Sdk.WebApi.WebApi.RawHttpClientBase.SendAsync[T](HttpRequestMessage message, Boolean readErrorBody, Object userState, CancellationToken cancellationToken)
   at Sdk.WebApi.WebApi.RawHttpClientBase.SendAsync[T](HttpMethod method, IEnumerable`1 additionalHeaders, Uri requestUri, HttpContent content, IEnumerable`1 queryParameters, Boolean readErrorBody, Object userState, CancellationToken cancellationToken)
   at GitHub.Actions.RunService.WebApi.BrokerHttpClient.GetRunnerMessageAsync(Nullable`1 sessionId, String runnerVersion, Nullable`1 status, String os, String architecture, Nullable`1 disableUpdate, CancellationToken cancellationToken)
   at GitHub.Runner.Common.BrokerServer.<>c__DisplayClass7_0.<<GetRunnerMessageAsync>b__0>d.MoveNext()
--- End of stack trace from previous location ---
   at GitHub.Runner.Common.RunnerService.RetryRequest[T](Func`1 func, CancellationToken cancellationToken, Int32 maxAttempts, Func`2 shouldRetry)
[2026-10-10 16:29:56Z ERR  BrokerServer] #####################################################
[2026-10-10 16:29:56Z ERR  BrokerServer] System.Threading.Tasks.TaskCanceledException: The operation was canceled.
 ---> System.IO.IOException: Unable to read data from the transport connection: La operación de E/S se anuló por una salida de subproceso o por una solicitud de aplicación..
 ---> System.Net.Sockets.SocketException (995): La operación de E/S se anuló por una salida de subproceso o por una solicitud de aplicación.
   --- End of inner exception stack trace ---
   at System.Net.Sockets.Socket.AwaitableSocketAsyncEventArgs.ThrowException(SocketError error, CancellationToken cancellationToken)
   at System.Net.Sockets.Socket.AwaitableSocketAsyncEventArgs.System.Threading.Tasks.Sources.IValueTaskSource<System.Int32>.GetResult(Int16 token)
   at System.Net.Security.SslStream.EnsureFullTlsFrameAsync[TIOAdapter](CancellationToken cancellationToken, Int32 estimatedSize)
   at System.Runtime.CompilerServices.PoolingAsyncValueTaskMethodBuilder`1.StateMachineBox`1.System.Threading.Tasks.Sources.IValueTaskSource<TResult>.GetResult(Int16 token)
   at System.Net.Security.SslStream.ReadAsyncInternal[TIOAdapter](Memory`1 buffer, CancellationToken cancellationToken)
   at System.Runtime.CompilerServices.PoolingAsyncValueTaskMethodBuilder`1.StateMachineBox`1.System.Threading.Tasks.Sources.IValueTaskSource<TResult>.GetResult(Int16 token)
   at System.Net.Http.HttpConnection.SendAsync(HttpRequestMessage request, Boolean async, CancellationToken cancellationToken)
   --- End of inner exception stack trace ---
   at System.Net.Http.HttpConnection.SendAsync(HttpRequestMessage request, Boolean async, CancellationToken cancellationToken)
   at System.Net.Http.AuthenticationHelper.SendWithNtAuthAsync(HttpRequestMessage request, Uri authUri, Boolean async, ICredentials credentials, Boolean isProxyAuth, HttpConnection connection, HttpConnectionPool connectionPool, CancellationToken cancellationToken)
   at System.Net.Http.HttpConnectionPool.SendWithVersionDetectionAndRetryAsync(HttpRequestMessage request, Boolean async, Boolean doRequestAuth, CancellationToken cancellationToken)
   at System.Net.Http.AuthenticationHelper.SendWithAuthAsync(HttpRequestMessage request, Uri authUri, Boolean async, ICredentials credentials, Boolean preAuthenticate, Boolean isProxyAuth, Boolean doRequestAuth, HttpConnectionPool pool, CancellationToken cancellationToken)
   at System.Net.Http.RedirectHandler.SendAsync(HttpRequestMessage request, Boolean async, CancellationToken cancellationToken)
   at GitHub.Services.Common.RawHttpMessageHandler.SendAsync(HttpRequestMessage request, CancellationToken cancellationToken)
   at GitHub.Services.Common.VssHttpRetryMessageHandler.SendAsync(HttpRequestMessage request, CancellationToken cancellationToken)
   at System.Net.Http.HttpClient.<SendAsync>g__Core|83_0(HttpRequestMessage request, HttpCompletionOption completionOption, CancellationTokenSource cts, Boolean disposeCts, CancellationTokenSource pendingRequestsCts, CancellationToken originalCancellationToken)
[2026-10-10 16:29:56Z ERR  BrokerServer] #####################################################
[2026-10-10 16:29:56Z ERR  BrokerServer] System.IO.IOException: Unable to read data from the transport connection: La operación de E/S se anuló por una salida de subproceso o por una solicitud de aplicación..
 ---> System.Net.Sockets.SocketException (995): La operación de E/S se anuló por una salida de subproceso o por una solicitud de aplicación.
   --- End of inner exception stack trace ---
   at System.Net.Sockets.Socket.AwaitableSocketAsyncEventArgs.ThrowException(SocketError error, CancellationToken cancellationToken)
   at System.Net.Sockets.Socket.AwaitableSocketAsyncEventArgs.System.Threading.Tasks.Sources.IValueTaskSource<System.Int32>.GetResult(Int16 token)
   at System.Net.Security.SslStream.EnsureFullTlsFrameAsync[TIOAdapter](CancellationToken cancellationToken, Int32 estimatedSize)
   at System.Runtime.CompilerServices.PoolingAsyncValueTaskMethodBuilder`1.StateMachineBox`1.System.Threading.Tasks.Sources.IValueTaskSource<TResult>.GetResult(Int16 token)
   at System.Net.Security.SslStream.ReadAsyncInternal[TIOAdapter](Memory`1 buffer, CancellationToken cancellationToken)
   at System.Runtime.CompilerServices.PoolingAsyncValueTaskMethodBuilder`1.StateMachineBox`1.System.Threading.Tasks.Sources.IValueTaskSource<TResult>.GetResult(Int16 token)
   at System.Net.Http.HttpConnection.SendAsync(HttpRequestMessage request, Boolean async, CancellationToken cancellationToken)
[2026-10-10 16:29:56Z ERR  BrokerServer] #####################################################
[2026-10-10 16:29:56Z ERR  BrokerServer] System.Net.Sockets.SocketException (995): La operación de E/S se anuló por una salida de subproceso o por una solicitud de aplicación.
[2026-10-10 16:29:56Z WARN BrokerServer] Back off 12,817 seconds before next retry. 4 attempt left.
[2026-10-10 16:29:56Z INFO BrokerMessageListener] Get next message has been cancelled.
[2026-10-10 16:29:56Z INFO JobDispatcher] Shutting down JobDispatcher. Make sure all WorkerDispatcher has finished.
[2026-10-10 16:29:56Z INFO JobDispatcher] Ensure WorkerDispatcher for job a5bfecd3-b8ad-553b-9e90-2a0db166639f run to finish, cancel any running job.
[2026-10-10 16:29:56Z INFO JobDispatcher] Job request a5bfecd3-b8ad-553b-9e90-2a0db166639f processed succeed.
[2026-10-10 16:29:56Z INFO Runner] Deleting Runner Session...
[2026-10-10 16:29:56Z INFO Listener] Runner execution been cancelled.
