[2026-10-10 16:32:15Z INFO HostContext] No proxy settings were found based on environmental variables (http_proxy/https_proxy/HTTP_PROXY/HTTPS_PROXY)
[2026-10-10 16:32:15Z INFO HostContext] Well known directory 'Bin': 'C:\Users\CarlosC\OneDrive - Cesur-GCoremsa\Prácticas Data Center\Tareas\04 Git\proyectoGit\actions-runner\bin'
[2026-10-10 16:32:15Z INFO HostContext] Well known directory 'Root': 'C:\Users\CarlosC\OneDrive - Cesur-GCoremsa\Prácticas Data Center\Tareas\04 Git\proyectoGit\actions-runner'
[2026-10-10 16:32:15Z INFO HostContext] Well known config file 'Credentials': 'C:\Users\CarlosC\OneDrive - Cesur-GCoremsa\Prácticas Data Center\Tareas\04 Git\proyectoGit\actions-runner\.credentials'
[2026-10-10 16:32:16Z INFO HostContext] Well known directory 'Bin': 'C:\Users\CarlosC\OneDrive - Cesur-GCoremsa\Prácticas Data Center\Tareas\04 Git\proyectoGit\actions-runner\bin'
[2026-10-10 16:32:16Z INFO HostContext] Well known directory 'Root': 'C:\Users\CarlosC\OneDrive - Cesur-GCoremsa\Prácticas Data Center\Tareas\04 Git\proyectoGit\actions-runner'
[2026-10-10 16:32:16Z INFO HostContext] Well known config file 'Runner': 'C:\Users\CarlosC\OneDrive - Cesur-GCoremsa\Prácticas Data Center\Tareas\04 Git\proyectoGit\actions-runner\.runner'
[2026-10-10 16:32:16Z INFO Listener] Runner is built for Windows (X64) - win-x64.
[2026-10-10 16:32:16Z INFO Listener] RuntimeInformation: Microsoft Windows 10.0.26300.
[2026-10-10 16:32:16Z INFO Listener] Version: 2.337.0
[2026-10-10 16:32:16Z INFO Listener] Commit: 397b032cbf865e9c3ddfab89d533ec19325e1273
[2026-10-10 16:32:16Z INFO Listener] Culture: es-ES
[2026-10-10 16:32:16Z INFO Listener] UI Culture: es-ES
[2026-10-10 16:32:16Z INFO HostContext] Well known directory 'Bin': 'C:\Users\CarlosC\OneDrive - Cesur-GCoremsa\Prácticas Data Center\Tareas\04 Git\proyectoGit\actions-runner\bin'
[2026-10-10 16:32:16Z INFO HostContext] Well known directory 'Root': 'C:\Users\CarlosC\OneDrive - Cesur-GCoremsa\Prácticas Data Center\Tareas\04 Git\proyectoGit\actions-runner'
[2026-10-10 16:32:16Z INFO Listener] Validating directory permissions for: 'C:\Users\CarlosC\OneDrive - Cesur-GCoremsa\Prácticas Data Center\Tareas\04 Git\proyectoGit\actions-runner'
[2026-10-10 16:32:16Z INFO CommandLineParser] Parse
[2026-10-10 16:32:16Z INFO CommandLineParser] Parsing 1 args
[2026-10-10 16:32:16Z INFO CommandLineParser] parsing argument
[2026-10-10 16:32:16Z INFO CommandLineParser] HasArgs: False
[2026-10-10 16:32:16Z INFO CommandLineParser] Adding Command: run
[2026-10-10 16:32:16Z INFO Listener] Arguments parsed
[2026-10-10 16:32:16Z INFO Runner] ExecuteCommand
[2026-10-10 16:32:16Z INFO ConfigurationStore] currentAssemblyLocation: C:\Users\CarlosC\OneDrive - Cesur-GCoremsa\Prácticas Data Center\Tareas\04 Git\proyectoGit\actions-runner\bin\Runner.Listener.dll
[2026-10-10 16:32:16Z INFO HostContext] Well known directory 'Bin': 'C:\Users\CarlosC\OneDrive - Cesur-GCoremsa\Prácticas Data Center\Tareas\04 Git\proyectoGit\actions-runner\bin'
[2026-10-10 16:32:16Z INFO ConfigurationStore] binPath: C:\Users\CarlosC\OneDrive - Cesur-GCoremsa\Prácticas Data Center\Tareas\04 Git\proyectoGit\actions-runner\bin
[2026-10-10 16:32:16Z INFO HostContext] Well known directory 'Bin': 'C:\Users\CarlosC\OneDrive - Cesur-GCoremsa\Prácticas Data Center\Tareas\04 Git\proyectoGit\actions-runner\bin'
[2026-10-10 16:32:16Z INFO HostContext] Well known directory 'Root': 'C:\Users\CarlosC\OneDrive - Cesur-GCoremsa\Prácticas Data Center\Tareas\04 Git\proyectoGit\actions-runner'
[2026-10-10 16:32:16Z INFO ConfigurationStore] RootFolder: C:\Users\CarlosC\OneDrive - Cesur-GCoremsa\Prácticas Data Center\Tareas\04 Git\proyectoGit\actions-runner
[2026-10-10 16:32:16Z INFO HostContext] Well known directory 'Bin': 'C:\Users\CarlosC\OneDrive - Cesur-GCoremsa\Prácticas Data Center\Tareas\04 Git\proyectoGit\actions-runner\bin'
[2026-10-10 16:32:16Z INFO HostContext] Well known directory 'Root': 'C:\Users\CarlosC\OneDrive - Cesur-GCoremsa\Prácticas Data Center\Tareas\04 Git\proyectoGit\actions-runner'
[2026-10-10 16:32:16Z INFO HostContext] Well known config file 'Runner': 'C:\Users\CarlosC\OneDrive - Cesur-GCoremsa\Prácticas Data Center\Tareas\04 Git\proyectoGit\actions-runner\.runner'
[2026-10-10 16:32:16Z INFO ConfigurationStore] ConfigFilePath: C:\Users\CarlosC\OneDrive - Cesur-GCoremsa\Prácticas Data Center\Tareas\04 Git\proyectoGit\actions-runner\.runner
[2026-10-10 16:32:16Z INFO HostContext] Well known directory 'Bin': 'C:\Users\CarlosC\OneDrive - Cesur-GCoremsa\Prácticas Data Center\Tareas\04 Git\proyectoGit\actions-runner\bin'
[2026-10-10 16:32:16Z INFO HostContext] Well known directory 'Root': 'C:\Users\CarlosC\OneDrive - Cesur-GCoremsa\Prácticas Data Center\Tareas\04 Git\proyectoGit\actions-runner'
[2026-10-10 16:32:16Z INFO HostContext] Well known config file 'MigratedRunner': 'C:\Users\CarlosC\OneDrive - Cesur-GCoremsa\Prácticas Data Center\Tareas\04 Git\proyectoGit\actions-runner\.runner_migrated'
[2026-10-10 16:32:16Z INFO ConfigurationStore] MigratedConfigFilePath: C:\Users\CarlosC\OneDrive - Cesur-GCoremsa\Prácticas Data Center\Tareas\04 Git\proyectoGit\actions-runner\.runner_migrated
[2026-10-10 16:32:16Z INFO HostContext] Well known directory 'Bin': 'C:\Users\CarlosC\OneDrive - Cesur-GCoremsa\Prácticas Data Center\Tareas\04 Git\proyectoGit\actions-runner\bin'
[2026-10-10 16:32:16Z INFO HostContext] Well known directory 'Root': 'C:\Users\CarlosC\OneDrive - Cesur-GCoremsa\Prácticas Data Center\Tareas\04 Git\proyectoGit\actions-runner'
[2026-10-10 16:32:16Z INFO HostContext] Well known config file 'Credentials': 'C:\Users\CarlosC\OneDrive - Cesur-GCoremsa\Prácticas Data Center\Tareas\04 Git\proyectoGit\actions-runner\.credentials'
[2026-10-10 16:32:16Z INFO ConfigurationStore] CredFilePath: C:\Users\CarlosC\OneDrive - Cesur-GCoremsa\Prácticas Data Center\Tareas\04 Git\proyectoGit\actions-runner\.credentials
[2026-10-10 16:32:16Z INFO HostContext] Well known directory 'Bin': 'C:\Users\CarlosC\OneDrive - Cesur-GCoremsa\Prácticas Data Center\Tareas\04 Git\proyectoGit\actions-runner\bin'
[2026-10-10 16:32:16Z INFO HostContext] Well known directory 'Root': 'C:\Users\CarlosC\OneDrive - Cesur-GCoremsa\Prácticas Data Center\Tareas\04 Git\proyectoGit\actions-runner'
[2026-10-10 16:32:16Z INFO HostContext] Well known config file 'MigratedCredentials': 'C:\Users\CarlosC\OneDrive - Cesur-GCoremsa\Prácticas Data Center\Tareas\04 Git\proyectoGit\actions-runner\.credentials_migrated'
[2026-10-10 16:32:16Z INFO ConfigurationStore] MigratedCredFilePath: C:\Users\CarlosC\OneDrive - Cesur-GCoremsa\Prácticas Data Center\Tareas\04 Git\proyectoGit\actions-runner\.credentials_migrated
[2026-10-10 16:32:16Z INFO HostContext] Well known directory 'Bin': 'C:\Users\CarlosC\OneDrive - Cesur-GCoremsa\Prácticas Data Center\Tareas\04 Git\proyectoGit\actions-runner\bin'
[2026-10-10 16:32:16Z INFO HostContext] Well known directory 'Root': 'C:\Users\CarlosC\OneDrive - Cesur-GCoremsa\Prácticas Data Center\Tareas\04 Git\proyectoGit\actions-runner'
[2026-10-10 16:32:16Z INFO HostContext] Well known config file 'Service': 'C:\Users\CarlosC\OneDrive - Cesur-GCoremsa\Prácticas Data Center\Tareas\04 Git\proyectoGit\actions-runner\.service'
[2026-10-10 16:32:16Z INFO ConfigurationStore] ServiceConfigFilePath: C:\Users\CarlosC\OneDrive - Cesur-GCoremsa\Prácticas Data Center\Tareas\04 Git\proyectoGit\actions-runner\.service
[2026-10-10 16:32:16Z INFO CommandSettings] Flag 'help': 'False'
[2026-10-10 16:32:16Z INFO CommandSettings] Flag 'version': 'False'
[2026-10-10 16:32:16Z INFO CommandSettings] Flag 'commit': 'False'
[2026-10-10 16:32:16Z INFO CommandSettings] Flag 'check': 'False'
[2026-10-10 16:32:16Z INFO CommandSettings] Command 'configure': 'False'
[2026-10-10 16:32:16Z INFO CommandSettings] Command 'remove': 'False'
[2026-10-10 16:32:16Z INFO CommandSettings] Command 'warmup': 'False'
[2026-10-10 16:32:16Z INFO ConfigurationManager] LoadSettings
[2026-10-10 16:32:16Z INFO ConfigurationStore] IsConfigured()
[2026-10-10 16:32:16Z INFO ConfigurationStore] IsConfigured: True
[2026-10-10 16:32:16Z INFO ConfigurationManager] Is configured: True
[2026-10-10 16:32:16Z INFO ConfigurationStore] Read setting file: 398 chars
[2026-10-10 16:32:16Z INFO ConfigurationManager] Settings Loaded
[2026-10-10 16:32:16Z INFO ConfigurationStore] IsServiceConfigured()
[2026-10-10 16:32:16Z INFO ConfigurationStore] IsServiceConfigured: False
[2026-10-10 16:32:16Z INFO CommandSettings] Command 'run': 'True'
[2026-10-10 16:32:16Z INFO ConfigurationStore] IsConfigured()
[2026-10-10 16:32:16Z INFO ConfigurationStore] IsConfigured: True
[2026-10-10 16:32:16Z INFO ConfigurationManager] Is configured: True
[2026-10-10 16:32:16Z INFO Runner] Could not parse the argument value '' for StartupType. Defaulting to Manual
[2026-10-10 16:32:16Z INFO Runner] Set runner startup type - Manual
[2026-10-10 16:32:16Z INFO CommandSettings] Flag 'once': 'False'
[2026-10-10 16:32:16Z INFO CommandSettings] Flag 'once': 'False'
[2026-10-10 16:32:16Z INFO Runner] RunAsync
[2026-10-10 16:32:16Z INFO HostContext] Well known directory 'Bin': 'C:\Users\CarlosC\OneDrive - Cesur-GCoremsa\Prácticas Data Center\Tareas\04 Git\proyectoGit\actions-runner\bin'
[2026-10-10 16:32:16Z INFO HostContext] Well known directory 'Root': 'C:\Users\CarlosC\OneDrive - Cesur-GCoremsa\Prácticas Data Center\Tareas\04 Git\proyectoGit\actions-runner'
[2026-10-10 16:32:16Z INFO HostContext] Well known directory 'Work': 'C:\Users\CarlosC\OneDrive - Cesur-GCoremsa\Prácticas Data Center\Tareas\04 Git\proyectoGit\actions-runner\_work'
[2026-10-10 16:32:16Z INFO Runner] Validating directory permissions for: 'C:\Users\CarlosC\OneDrive - Cesur-GCoremsa\Prácticas Data Center\Tareas\04 Git\proyectoGit\actions-runner\_work'
[2026-10-10 16:32:16Z INFO ConfigurationManager] LoadMigratedSettings
[2026-10-10 16:32:16Z INFO ConfigurationStore] IsMigratedConfigured()
[2026-10-10 16:32:16Z INFO ConfigurationStore] IsMigratedConfigured: False
[2026-10-10 16:32:16Z INFO Runner] Failed to load migrated settings: No migrated configuration found.
[2026-10-10 16:32:16Z INFO Runner] Falling back to original .runner settings
[2026-10-10 16:32:16Z INFO Runner] Using BrokerMessageListener
[2026-10-10 16:32:16Z INFO BrokerMessageListener] Using provided settings
[2026-10-10 16:32:16Z INFO BrokerMessageListener] {
  "AgentId": 2,
  "AgentName": "CARLTONPIEDRA",
  "PoolId": 1,
  "PoolName": "Default",
  "ServerUrl": "https://pipelinesghubeus6.actions.githubusercontent.com/CvnxluUQKJ2cRC5HvGwna7J3IosHjoEdR5DuRyC8dQbK4IzdW1/",
  "GitHubUrl": "https://github.com/CarlosCDAW/proyectoGit",
  "WorkFolder": "_work",
  "UseV2Flow": true,
  "ServerUrlV2": "https://broker.actions.githubusercontent.com/"
}
[2026-10-10 16:32:16Z INFO BrokerMessageListener] Loading Credentials
[2026-10-10 16:32:16Z INFO ConfigurationStore] HasCredentials()
[2026-10-10 16:32:16Z INFO ConfigurationStore] stored True
[2026-10-10 16:32:16Z INFO CredentialManager] GetCredentialProvider
[2026-10-10 16:32:16Z INFO CredentialManager] Creating type OAuth
[2026-10-10 16:32:16Z INFO CredentialManager] Creating credential type: OAuth
[2026-10-10 16:32:16Z INFO HostContext] Well known directory 'Bin': 'C:\Users\CarlosC\OneDrive - Cesur-GCoremsa\Prácticas Data Center\Tareas\04 Git\proyectoGit\actions-runner\bin'
[2026-10-10 16:32:16Z INFO HostContext] Well known directory 'Root': 'C:\Users\CarlosC\OneDrive - Cesur-GCoremsa\Prácticas Data Center\Tareas\04 Git\proyectoGit\actions-runner'
[2026-10-10 16:32:16Z INFO HostContext] Well known config file 'RSACredentials': 'C:\Users\CarlosC\OneDrive - Cesur-GCoremsa\Prácticas Data Center\Tareas\04 Git\proyectoGit\actions-runner\.credentials_rsaparams'
[2026-10-10 16:32:16Z INFO RSAEncryptedFileKeyManager] Loading RSA key parameters from file C:\Users\CarlosC\OneDrive - Cesur-GCoremsa\Prácticas Data Center\Tareas\04 Git\proyectoGit\actions-runner\.credentials_rsaparams
[2026-10-10 16:32:16Z INFO BrokerMessageListener] Attempt to create session.
[2026-10-10 16:32:16Z INFO BrokerMessageListener] Connecting to the Broker Server...
[2026-10-10 16:32:16Z INFO ConfigurationStore] HasCredentials()
[2026-10-10 16:32:16Z INFO ConfigurationStore] stored True
[2026-10-10 16:32:16Z INFO CredentialManager] GetCredentialProvider
[2026-10-10 16:32:16Z INFO CredentialManager] Creating type OAuth
[2026-10-10 16:32:16Z INFO CredentialManager] Creating credential type: OAuth
[2026-10-10 16:32:16Z INFO RSAEncryptedFileKeyManager] Loading RSA key parameters from file C:\Users\CarlosC\OneDrive - Cesur-GCoremsa\Prácticas Data Center\Tareas\04 Git\proyectoGit\actions-runner\.credentials_rsaparams
[2026-10-10 16:32:16Z INFO BrokerMessageListener] VssConnection created
[2026-10-10 16:32:16Z INFO BrokerMessageListener] Connecting to the Runner server...
[2026-10-10 16:32:16Z INFO RunnerServer] EstablishVssConnection
[2026-10-10 16:32:16Z INFO RunnerServer] Establish connection with 100 seconds timeout.
[2026-10-10 16:32:16Z INFO GitHubActionsService] Starting operation Location.GetConnectionData
[2026-10-10 16:32:16Z INFO RunnerServer] EstablishVssConnection
[2026-10-10 16:32:16Z INFO RunnerServer] Establish connection with 60 seconds timeout.
[2026-10-10 16:32:16Z INFO GitHubActionsService] Starting operation Location.GetConnectionData
[2026-10-10 16:32:16Z INFO RunnerServer] EstablishVssConnection
[2026-10-10 16:32:16Z INFO RunnerServer] Establish connection with 60 seconds timeout.
[2026-10-10 16:32:16Z INFO GitHubActionsService] Starting operation Location.GetConnectionData
[2026-10-10 16:32:16Z INFO GitHubActionsService] Finished operation Location.GetConnectionData
[2026-10-10 16:32:16Z INFO GitHubActionsService] Finished operation Location.GetConnectionData
[2026-10-10 16:32:16Z INFO GitHubActionsService] Finished operation Location.GetConnectionData
[2026-10-10 16:32:16Z INFO BrokerMessageListener] VssConnection created
[2026-10-10 16:32:16Z INFO Terminal] WRITE LINE: 
[2026-10-10 16:32:16Z INFO Terminal] WRITE LINE: 
[2026-10-10 16:32:16Z INFO RSAEncryptedFileKeyManager] Loading RSA key parameters from file C:\Users\CarlosC\OneDrive - Cesur-GCoremsa\Prácticas Data Center\Tareas\04 Git\proyectoGit\actions-runner\.credentials_rsaparams
[2026-10-10 16:32:16Z INFO RSAEncryptedFileKeyManager] Loading RSA key parameters from file C:\Users\CarlosC\OneDrive - Cesur-GCoremsa\Prácticas Data Center\Tareas\04 Git\proyectoGit\actions-runner\.credentials_rsaparams
[2026-10-10 16:32:17Z INFO GitHubActionsService] AAD Correlation ID for this token request: Unknown
[2026-10-10 16:32:17Z INFO BrokerMessageListener] Session created.
[2026-10-10 16:32:17Z INFO Terminal] WRITE LINE: Current runner version: '2.337.0'
[2026-10-10 16:32:17Z INFO Terminal] WRITE LINE: 2026-10-10 16:32:17Z: Listening for Jobs
[2026-10-10 16:32:17Z INFO JobDispatcher] Set runner/worker IPC timeout to 30 seconds.
[2026-10-10 16:42:38Z INFO BrokerMessageListener] Acknowledging runner request '2903f887-2cbe-5d33-b7cf-45bbea7d63f8'.
[2026-10-10 16:42:38Z INFO ConfigurationStore] HasCredentials()
[2026-10-10 16:42:38Z INFO ConfigurationStore] stored True
[2026-10-10 16:42:38Z INFO CredentialManager] GetCredentialProvider
[2026-10-10 16:42:38Z INFO CredentialManager] Creating type OAuth
[2026-10-10 16:42:38Z INFO CredentialManager] Creating credential type: OAuth
[2026-10-10 16:42:38Z INFO RSAEncryptedFileKeyManager] Loading RSA key parameters from file C:\Users\CarlosC\OneDrive - Cesur-GCoremsa\Prácticas Data Center\Tareas\04 Git\proyectoGit\actions-runner\.credentials_rsaparams
[2026-10-10 16:42:38Z INFO RSAEncryptedFileKeyManager] Loading RSA key parameters from file C:\Users\CarlosC\OneDrive - Cesur-GCoremsa\Prácticas Data Center\Tareas\04 Git\proyectoGit\actions-runner\.credentials_rsaparams
[2026-10-10 16:42:38Z INFO RSAEncryptedFileKeyManager] Loading RSA key parameters from file C:\Users\CarlosC\OneDrive - Cesur-GCoremsa\Prácticas Data Center\Tareas\04 Git\proyectoGit\actions-runner\.credentials_rsaparams
[2026-10-10 16:42:38Z INFO GitHubActionsService] AAD Correlation ID for this token request: Unknown
[2026-10-10 16:42:39Z INFO JobDispatcher] Job request 0 for plan ce214bbe-8440-849e-9ec9-dc9df4d2d086 job 2903f887-2cbe-5d33-b7cf-45bbea7d63f8 received.
[2026-10-10 16:42:39Z INFO JobDispatcher] Pull OrchestrationId ce214bbe-8440-849e-9ec9-dc9df4d2d086.validate-prod.__default from JWT claims
[2026-10-10 16:42:39Z INFO BrokerMessageListener] Received job status event. JobState: Busy
[2026-10-10 16:42:39Z INFO BrokerMessageListener] _getMessagesTokenSource is already disposed.
[2026-10-10 16:42:39Z INFO Terminal] WRITE LINE: 2026-10-10 16:42:39Z: Running job: validate-prod
[2026-10-10 16:42:39Z INFO JobDispatcher] Start renew job request 0 for job 2903f887-2cbe-5d33-b7cf-45bbea7d63f8.
[2026-10-10 16:42:39Z INFO JobDispatcher] Successfully renew job 2903f887-2cbe-5d33-b7cf-45bbea7d63f8, job is valid till 10/10/2026 16:52:39
[2026-10-10 16:42:39Z INFO HostContext] Well known directory 'Bin': 'C:\Users\CarlosC\OneDrive - Cesur-GCoremsa\Prácticas Data Center\Tareas\04 Git\proyectoGit\actions-runner\bin'
[2026-10-10 16:42:39Z INFO ProcessInvokerWrapper] Starting process:
[2026-10-10 16:42:39Z INFO ProcessInvokerWrapper]   File name: 'C:\Users\CarlosC\OneDrive - Cesur-GCoremsa\Prácticas Data Center\Tareas\04 Git\proyectoGit\actions-runner\bin\Runner.Worker.exe'
[2026-10-10 16:42:39Z INFO ProcessInvokerWrapper]   Arguments: 'spawnclient 2236 2264'
[2026-10-10 16:42:39Z INFO ProcessInvokerWrapper]   Working directory: 'C:\Users\CarlosC\OneDrive - Cesur-GCoremsa\Prácticas Data Center\Tareas\04 Git\proyectoGit\actions-runner\bin'
[2026-10-10 16:42:39Z INFO ProcessInvokerWrapper]   Require exit code zero: 'False'
[2026-10-10 16:42:39Z INFO ProcessInvokerWrapper]   Encoding web name:  ; code page: ''
[2026-10-10 16:42:39Z INFO ProcessInvokerWrapper]   Force kill process on cancellation: 'True'
[2026-10-10 16:42:39Z INFO ProcessInvokerWrapper]   Redirected STDIN: 'False'
[2026-10-10 16:42:39Z INFO ProcessInvokerWrapper]   Persist current code page: 'False'
[2026-10-10 16:42:39Z INFO ProcessInvokerWrapper]   Keep redirected STDIN open: 'False'
[2026-10-10 16:42:39Z INFO ProcessInvokerWrapper]   High priority process: 'True'
[2026-10-10 16:42:39Z INFO ProcessInvokerWrapper] Process started with process id 3556, waiting for process exit.
[2026-10-10 16:42:39Z INFO JobDispatcher] Send job request message to worker for job 2903f887-2cbe-5d33-b7cf-45bbea7d63f8.
[2026-10-10 16:42:39Z INFO ProcessChannel] Sending message of length 23400, with hash '1bd3f5565f0d53163032a7503138e373a34baa505ff19494f323696ed2972c98'
[2026-10-10 16:42:40Z INFO JobNotification] Entering JobStarted Notification
[2026-10-10 16:42:40Z INFO JobNotification] Entering StartMonitor
[2026-10-10 16:42:44Z INFO ProcessInvokerWrapper] STDOUT/STDERR stream read finished.
[2026-10-10 16:42:44Z INFO ProcessInvokerWrapper] STDOUT/STDERR stream read finished.
[2026-10-10 16:42:44Z INFO ProcessInvokerWrapper] Finished process 3556 with exit code 100, and elapsed time 00:00:04.1290217.
[2026-10-10 16:42:44Z INFO JobDispatcher] Worker finished for job 2903f887-2cbe-5d33-b7cf-45bbea7d63f8. Code: 100
[2026-10-10 16:42:44Z INFO JobDispatcher] finish job request for job 2903f887-2cbe-5d33-b7cf-45bbea7d63f8 with result: Succeeded
[2026-10-10 16:42:44Z INFO Terminal] WRITE LINE: 2026-10-10 16:42:44Z: Job validate-prod completed with result: Succeeded
[2026-10-10 16:42:44Z INFO JobDispatcher] Stop renew job request for job 2903f887-2cbe-5d33-b7cf-45bbea7d63f8.
[2026-10-10 16:42:44Z INFO JobDispatcher] job renew has been cancelled, stop renew job 2903f887-2cbe-5d33-b7cf-45bbea7d63f8.
[2026-10-10 16:42:44Z INFO JobNotification] Entering JobCompleted Notification
[2026-10-10 16:42:44Z INFO JobNotification] Entering EndMonitor
[2026-10-10 16:42:44Z INFO BrokerMessageListener] Received job status event. JobState: Online
[2026-10-10 16:42:44Z WARN GitHubActionsService] GET request to https://broker.actions.githubusercontent.com/message?sessionId=4f76148e-5f40-4a27-a42e-78102c9e17c4&status=Busy&runnerVersion=2.337.0&os=Windows&architecture=X64&disableUpdate=false has been cancelled.
[2026-10-10 16:42:44Z ERR  BrokerServer] Catch exception during request
[2026-10-10 16:42:44Z ERR  BrokerServer] System.Threading.Tasks.TaskCanceledException: The operation was canceled.
 ---> System.Threading.Tasks.TaskCanceledException: The operation was canceled.
 ---> System.IO.IOException: Unable to read data from the transport connection: La operación de E/S se anuló por una salida de subproceso o por una solicitud de aplicación..
 ---> System.Net.Sockets.SocketException (995): La operación de E/S se anuló por una salida de subproceso o por una solicitud de aplicación.
   --- End of inner exception stack trace ---
   at System.Net.Sockets.Socket.AwaitableSocketAsyncEventArgs.ThrowException(SocketError error, CancellationToken cancellationToken)
   at System.Net.Sockets.Socket.AwaitableSocketAsyncEventArgs.System.Threading.Tasks.Sources.IValueTaskSource<System.Int32>.GetResult(Int16 token)
   at System.Net.Security.SslStream.EnsureFullTlsFrameAsync[TIOAdapter](CancellationToken cancellationToken, Int32 estimatedSize)
   at System.Runtime.CompilerServices.PoolingAsyncValueTaskMethodBuilder`1.StateMachineBox`1.System.Threading.Tasks.Sources.IValueTaskSource<TResult>.GetResult(Int16 token)
   at System.Net.Security.SslStream.ReadAsyncInternal[TIOAdapter](Memory`1 buffer, CancellationToken cancellationToken)
   at System.Runtime.CompilerServices.PoolingAsyncValueTaskMethodBuilder`1.StateMachineBox`1.System.Threading.Tasks.Sources.IValueTaskSource<TResult>.GetResult(Int16 token)
   at System.Net.Http.HttpConnection.SendAsync(HttpRequestMessage request, Boolean async, CancellationToken cancellationToken)
   --- End of inner exception stack trace ---
   at System.Net.Http.HttpConnection.SendAsync(HttpRequestMessage request, Boolean async, CancellationToken cancellationToken)
   at System.Net.Http.AuthenticationHelper.SendWithNtAuthAsync(HttpRequestMessage request, Uri authUri, Boolean async, ICredentials credentials, Boolean isProxyAuth, HttpConnection connection, HttpConnectionPool connectionPool, CancellationToken cancellationToken)
   at System.Net.Http.HttpConnectionPool.SendWithVersionDetectionAndRetryAsync(HttpRequestMessage request, Boolean async, Boolean doRequestAuth, CancellationToken cancellationToken)
   at System.Net.Http.AuthenticationHelper.SendWithAuthAsync(HttpRequestMessage request, Uri authUri, Boolean async, ICredentials credentials, Boolean preAuthenticate, Boolean isProxyAuth, Boolean doRequestAuth, HttpConnectionPool pool, CancellationToken cancellationToken)
   at System.Net.Http.RedirectHandler.SendAsync(HttpRequestMessage request, Boolean async, CancellationToken cancellationToken)
   at GitHub.Services.Common.RawHttpMessageHandler.SendAsync(HttpRequestMessage request, CancellationToken cancellationToken)
   at GitHub.Services.Common.VssHttpRetryMessageHandler.SendAsync(HttpRequestMessage request, CancellationToken cancellationToken)
   at System.Net.Http.HttpClient.<SendAsync>g__Core|83_0(HttpRequestMessage request, HttpCompletionOption completionOption, CancellationTokenSource cts, Boolean disposeCts, CancellationTokenSource pendingRequestsCts, CancellationToken originalCancellationToken)
   --- End of inner exception stack trace ---
   at System.Net.Http.HttpClient.HandleFailure(Exception e, Boolean telemetryStarted, HttpResponseMessage response, CancellationTokenSource cts, CancellationToken cancellationToken, CancellationTokenSource pendingRequestsCts)
   at System.Net.Http.HttpClient.<SendAsync>g__Core|83_0(HttpRequestMessage request, HttpCompletionOption completionOption, CancellationTokenSource cts, Boolean disposeCts, CancellationTokenSource pendingRequestsCts, CancellationToken originalCancellationToken)
   at Sdk.WebApi.WebApi.RawHttpClientBase.SendAsync(HttpRequestMessage message, HttpCompletionOption completionOption, Object userState, CancellationToken cancellationToken)
   at Sdk.WebApi.WebApi.RawHttpClientBase.SendAsync[T](HttpRequestMessage message, Boolean readErrorBody, Object userState, CancellationToken cancellationToken)
   at Sdk.WebApi.WebApi.RawHttpClientBase.SendAsync[T](HttpMethod method, IEnumerable`1 additionalHeaders, Uri requestUri, HttpContent content, IEnumerable`1 queryParameters, Boolean readErrorBody, Object userState, CancellationToken cancellationToken)
   at GitHub.Actions.RunService.WebApi.BrokerHttpClient.GetRunnerMessageAsync(Nullable`1 sessionId, String runnerVersion, Nullable`1 status, String os, String architecture, Nullable`1 disableUpdate, CancellationToken cancellationToken)
   at GitHub.Runner.Common.BrokerServer.<>c__DisplayClass7_0.<<GetRunnerMessageAsync>b__0>d.MoveNext()
--- End of stack trace from previous location ---
   at GitHub.Runner.Common.RunnerService.RetryRequest[T](Func`1 func, CancellationToken cancellationToken, Int32 maxAttempts, Func`2 shouldRetry)
[2026-10-10 16:42:44Z ERR  BrokerServer] #####################################################
[2026-10-10 16:42:44Z ERR  BrokerServer] System.Threading.Tasks.TaskCanceledException: The operation was canceled.
 ---> System.IO.IOException: Unable to read data from the transport connection: La operación de E/S se anuló por una salida de subproceso o por una solicitud de aplicación..
 ---> System.Net.Sockets.SocketException (995): La operación de E/S se anuló por una salida de subproceso o por una solicitud de aplicación.
   --- End of inner exception stack trace ---
   at System.Net.Sockets.Socket.AwaitableSocketAsyncEventArgs.ThrowException(SocketError error, CancellationToken cancellationToken)
   at System.Net.Sockets.Socket.AwaitableSocketAsyncEventArgs.System.Threading.Tasks.Sources.IValueTaskSource<System.Int32>.GetResult(Int16 token)
   at System.Net.Security.SslStream.EnsureFullTlsFrameAsync[TIOAdapter](CancellationToken cancellationToken, Int32 estimatedSize)
   at System.Runtime.CompilerServices.PoolingAsyncValueTaskMethodBuilder`1.StateMachineBox`1.System.Threading.Tasks.Sources.IValueTaskSource<TResult>.GetResult(Int16 token)
   at System.Net.Security.SslStream.ReadAsyncInternal[TIOAdapter](Memory`1 buffer, CancellationToken cancellationToken)
   at System.Runtime.CompilerServices.PoolingAsyncValueTaskMethodBuilder`1.StateMachineBox`1.System.Threading.Tasks.Sources.IValueTaskSource<TResult>.GetResult(Int16 token)
   at System.Net.Http.HttpConnection.SendAsync(HttpRequestMessage request, Boolean async, CancellationToken cancellationToken)
   --- End of inner exception stack trace ---
   at System.Net.Http.HttpConnection.SendAsync(HttpRequestMessage request, Boolean async, CancellationToken cancellationToken)
   at System.Net.Http.AuthenticationHelper.SendWithNtAuthAsync(HttpRequestMessage request, Uri authUri, Boolean async, ICredentials credentials, Boolean isProxyAuth, HttpConnection connection, HttpConnectionPool connectionPool, CancellationToken cancellationToken)
   at System.Net.Http.HttpConnectionPool.SendWithVersionDetectionAndRetryAsync(HttpRequestMessage request, Boolean async, Boolean doRequestAuth, CancellationToken cancellationToken)
   at System.Net.Http.AuthenticationHelper.SendWithAuthAsync(HttpRequestMessage request, Uri authUri, Boolean async, ICredentials credentials, Boolean preAuthenticate, Boolean isProxyAuth, Boolean doRequestAuth, HttpConnectionPool pool, CancellationToken cancellationToken)
   at System.Net.Http.RedirectHandler.SendAsync(HttpRequestMessage request, Boolean async, CancellationToken cancellationToken)
   at GitHub.Services.Common.RawHttpMessageHandler.SendAsync(HttpRequestMessage request, CancellationToken cancellationToken)
   at GitHub.Services.Common.VssHttpRetryMessageHandler.SendAsync(HttpRequestMessage request, CancellationToken cancellationToken)
   at System.Net.Http.HttpClient.<SendAsync>g__Core|83_0(HttpRequestMessage request, HttpCompletionOption completionOption, CancellationTokenSource cts, Boolean disposeCts, CancellationTokenSource pendingRequestsCts, CancellationToken originalCancellationToken)
[2026-10-10 16:42:44Z ERR  BrokerServer] #####################################################
[2026-10-10 16:42:44Z ERR  BrokerServer] System.IO.IOException: Unable to read data from the transport connection: La operación de E/S se anuló por una salida de subproceso o por una solicitud de aplicación..
 ---> System.Net.Sockets.SocketException (995): La operación de E/S se anuló por una salida de subproceso o por una solicitud de aplicación.
   --- End of inner exception stack trace ---
   at System.Net.Sockets.Socket.AwaitableSocketAsyncEventArgs.ThrowException(SocketError error, CancellationToken cancellationToken)
   at System.Net.Sockets.Socket.AwaitableSocketAsyncEventArgs.System.Threading.Tasks.Sources.IValueTaskSource<System.Int32>.GetResult(Int16 token)
   at System.Net.Security.SslStream.EnsureFullTlsFrameAsync[TIOAdapter](CancellationToken cancellationToken, Int32 estimatedSize)
   at System.Runtime.CompilerServices.PoolingAsyncValueTaskMethodBuilder`1.StateMachineBox`1.System.Threading.Tasks.Sources.IValueTaskSource<TResult>.GetResult(Int16 token)
   at System.Net.Security.SslStream.ReadAsyncInternal[TIOAdapter](Memory`1 buffer, CancellationToken cancellationToken)
   at System.Runtime.CompilerServices.PoolingAsyncValueTaskMethodBuilder`1.StateMachineBox`1.System.Threading.Tasks.Sources.IValueTaskSource<TResult>.GetResult(Int16 token)
   at System.Net.Http.HttpConnection.SendAsync(HttpRequestMessage request, Boolean async, CancellationToken cancellationToken)
[2026-10-10 16:42:44Z ERR  BrokerServer] #####################################################
[2026-10-10 16:42:44Z ERR  BrokerServer] System.Net.Sockets.SocketException (995): La operación de E/S se anuló por una salida de subproceso o por una solicitud de aplicación.
[2026-10-10 16:42:44Z WARN BrokerServer] Back off 14,87 seconds before next retry. 4 attempt left.
[2026-10-10 16:42:44Z INFO BrokerMessageListener] Get messages has been cancelled using local token source. Continue to get messages with new status.
[2026-10-10 16:56:21Z INFO BrokerMessageListener] Acknowledging runner request 'c235c6b1-bb68-5112-9219-629824f1d7cc'.
[2026-10-10 16:56:21Z INFO ConfigurationStore] HasCredentials()
[2026-10-10 16:56:21Z INFO ConfigurationStore] stored True
[2026-10-10 16:56:21Z INFO CredentialManager] GetCredentialProvider
[2026-10-10 16:56:21Z INFO CredentialManager] Creating type OAuth
[2026-10-10 16:56:21Z INFO CredentialManager] Creating credential type: OAuth
[2026-10-10 16:56:21Z INFO RSAEncryptedFileKeyManager] Loading RSA key parameters from file C:\Users\CarlosC\OneDrive - Cesur-GCoremsa\Prácticas Data Center\Tareas\04 Git\proyectoGit\actions-runner\.credentials_rsaparams
[2026-10-10 16:56:21Z INFO RSAEncryptedFileKeyManager] Loading RSA key parameters from file C:\Users\CarlosC\OneDrive - Cesur-GCoremsa\Prácticas Data Center\Tareas\04 Git\proyectoGit\actions-runner\.credentials_rsaparams
[2026-10-10 16:56:21Z INFO RSAEncryptedFileKeyManager] Loading RSA key parameters from file C:\Users\CarlosC\OneDrive - Cesur-GCoremsa\Prácticas Data Center\Tareas\04 Git\proyectoGit\actions-runner\.credentials_rsaparams
[2026-10-10 16:56:22Z INFO GitHubActionsService] AAD Correlation ID for this token request: Unknown
[2026-10-10 16:56:22Z INFO JobDispatcher] Job request 0 for plan 81c7b3e8-b867-8dc3-bf64-5707f592c922 job c235c6b1-bb68-5112-9219-629824f1d7cc received.
[2026-10-10 16:56:22Z INFO JobDispatcher] Pull OrchestrationId 81c7b3e8-b867-8dc3-bf64-5707f592c922.validate-prod.__default from JWT claims
[2026-10-10 16:56:22Z INFO BrokerMessageListener] Received job status event. JobState: Busy
[2026-10-10 16:56:22Z INFO BrokerMessageListener] _getMessagesTokenSource is already disposed.
[2026-10-10 16:56:22Z INFO JobDispatcher] Job request 2903f887-2cbe-5d33-b7cf-45bbea7d63f8 processed succeed.
[2026-10-10 16:56:22Z INFO Terminal] WRITE LINE: 2026-10-10 16:56:22Z: Running job: validate-prod
[2026-10-10 16:56:22Z INFO JobDispatcher] Start renew job request 0 for job c235c6b1-bb68-5112-9219-629824f1d7cc.
[2026-10-10 16:56:23Z INFO JobDispatcher] Successfully renew job c235c6b1-bb68-5112-9219-629824f1d7cc, job is valid till 10/10/2026 17:06:23
[2026-10-10 16:56:23Z INFO HostContext] Well known directory 'Bin': 'C:\Users\CarlosC\OneDrive - Cesur-GCoremsa\Prácticas Data Center\Tareas\04 Git\proyectoGit\actions-runner\bin'
[2026-10-10 16:56:23Z INFO ProcessInvokerWrapper] Starting process:
[2026-10-10 16:56:23Z INFO ProcessInvokerWrapper]   File name: 'C:\Users\CarlosC\OneDrive - Cesur-GCoremsa\Prácticas Data Center\Tareas\04 Git\proyectoGit\actions-runner\bin\Runner.Worker.exe'
[2026-10-10 16:56:23Z INFO ProcessInvokerWrapper]   Arguments: 'spawnclient 2400 2184'
[2026-10-10 16:56:23Z INFO ProcessInvokerWrapper]   Working directory: 'C:\Users\CarlosC\OneDrive - Cesur-GCoremsa\Prácticas Data Center\Tareas\04 Git\proyectoGit\actions-runner\bin'
[2026-10-10 16:56:23Z INFO ProcessInvokerWrapper]   Require exit code zero: 'False'
[2026-10-10 16:56:23Z INFO ProcessInvokerWrapper]   Encoding web name:  ; code page: ''
[2026-10-10 16:56:23Z INFO ProcessInvokerWrapper]   Force kill process on cancellation: 'True'
[2026-10-10 16:56:23Z INFO ProcessInvokerWrapper]   Redirected STDIN: 'False'
[2026-10-10 16:56:23Z INFO ProcessInvokerWrapper]   Persist current code page: 'False'
[2026-10-10 16:56:23Z INFO ProcessInvokerWrapper]   Keep redirected STDIN open: 'False'
[2026-10-10 16:56:23Z INFO ProcessInvokerWrapper]   High priority process: 'True'
[2026-10-10 16:56:23Z INFO ProcessInvokerWrapper] Process started with process id 13860, waiting for process exit.
[2026-10-10 16:56:23Z INFO JobDispatcher] Send job request message to worker for job c235c6b1-bb68-5112-9219-629824f1d7cc.
[2026-10-10 16:56:23Z INFO ProcessChannel] Sending message of length 23403, with hash '9c77be56c6f2c524dff0419fd0c809ba5a705dd0edb6cc45150292eb252b103e'
[2026-10-10 16:56:23Z INFO JobNotification] Entering JobStarted Notification
[2026-10-10 16:56:23Z INFO JobNotification] Entering StartMonitor
[2026-10-10 16:56:27Z INFO ProcessInvokerWrapper] STDOUT/STDERR stream read finished.
[2026-10-10 16:56:27Z INFO ProcessInvokerWrapper] STDOUT/STDERR stream read finished.
[2026-10-10 16:56:27Z INFO ProcessInvokerWrapper] Finished process 13860 with exit code 100, and elapsed time 00:00:03.9550893.
[2026-10-10 16:56:27Z INFO JobDispatcher] Worker finished for job c235c6b1-bb68-5112-9219-629824f1d7cc. Code: 100
[2026-10-10 16:56:27Z INFO JobDispatcher] finish job request for job c235c6b1-bb68-5112-9219-629824f1d7cc with result: Succeeded
[2026-10-10 16:56:27Z INFO Terminal] WRITE LINE: 2026-10-10 16:56:27Z: Job validate-prod completed with result: Succeeded
[2026-10-10 16:56:27Z INFO JobDispatcher] Stop renew job request for job c235c6b1-bb68-5112-9219-629824f1d7cc.
[2026-10-10 16:56:27Z INFO JobDispatcher] job renew has been cancelled, stop renew job c235c6b1-bb68-5112-9219-629824f1d7cc.
[2026-10-10 16:56:27Z INFO JobNotification] Entering JobCompleted Notification
[2026-10-10 16:56:27Z INFO JobNotification] Entering EndMonitor
[2026-10-10 16:56:27Z INFO BrokerMessageListener] Received job status event. JobState: Online
[2026-10-10 16:56:27Z WARN GitHubActionsService] GET request to https://broker.actions.githubusercontent.com/message?sessionId=4f76148e-5f40-4a27-a42e-78102c9e17c4&status=Busy&runnerVersion=2.337.0&os=Windows&architecture=X64&disableUpdate=false has been cancelled.
[2026-10-10 16:56:27Z ERR  BrokerServer] Catch exception during request
[2026-10-10 16:56:27Z ERR  BrokerServer] System.Threading.Tasks.TaskCanceledException: The operation was canceled.
 ---> System.Threading.Tasks.TaskCanceledException: The operation was canceled.
 ---> System.IO.IOException: Unable to read data from the transport connection: La operación de E/S se anuló por una salida de subproceso o por una solicitud de aplicación..
 ---> System.Net.Sockets.SocketException (995): La operación de E/S se anuló por una salida de subproceso o por una solicitud de aplicación.
   --- End of inner exception stack trace ---
   at System.Net.Sockets.Socket.AwaitableSocketAsyncEventArgs.System.Threading.Tasks.Sources.IValueTaskSource<System.Int32>.GetResult(Int16 token)
   at System.Net.Security.SslStream.EnsureFullTlsFrameAsync[TIOAdapter](CancellationToken cancellationToken, Int32 estimatedSize)
   at System.Runtime.CompilerServices.PoolingAsyncValueTaskMethodBuilder`1.StateMachineBox`1.System.Threading.Tasks.Sources.IValueTaskSource<TResult>.GetResult(Int16 token)
   at System.Net.Security.SslStream.ReadAsyncInternal[TIOAdapter](Memory`1 buffer, CancellationToken cancellationToken)
   at System.Runtime.CompilerServices.PoolingAsyncValueTaskMethodBuilder`1.StateMachineBox`1.System.Threading.Tasks.Sources.IValueTaskSource<TResult>.GetResult(Int16 token)
   at System.Net.Http.HttpConnection.SendAsync(HttpRequestMessage request, Boolean async, CancellationToken cancellationToken)
   --- End of inner exception stack trace ---
   at System.Net.Http.HttpConnection.SendAsync(HttpRequestMessage request, Boolean async, CancellationToken cancellationToken)
   at System.Net.Http.AuthenticationHelper.SendWithNtAuthAsync(HttpRequestMessage request, Uri authUri, Boolean async, ICredentials credentials, Boolean isProxyAuth, HttpConnection connection, HttpConnectionPool connectionPool, CancellationToken cancellationToken)
   at System.Net.Http.HttpConnectionPool.SendWithVersionDetectionAndRetryAsync(HttpRequestMessage request, Boolean async, Boolean doRequestAuth, CancellationToken cancellationToken)
   at System.Net.Http.AuthenticationHelper.SendWithAuthAsync(HttpRequestMessage request, Uri authUri, Boolean async, ICredentials credentials, Boolean preAuthenticate, Boolean isProxyAuth, Boolean doRequestAuth, HttpConnectionPool pool, CancellationToken cancellationToken)
   at System.Net.Http.RedirectHandler.SendAsync(HttpRequestMessage request, Boolean async, CancellationToken cancellationToken)
   at GitHub.Services.Common.RawHttpMessageHandler.SendAsync(HttpRequestMessage request, CancellationToken cancellationToken)
   at GitHub.Services.Common.VssHttpRetryMessageHandler.SendAsync(HttpRequestMessage request, CancellationToken cancellationToken)
   at System.Net.Http.HttpClient.<SendAsync>g__Core|83_0(HttpRequestMessage request, HttpCompletionOption completionOption, CancellationTokenSource cts, Boolean disposeCts, CancellationTokenSource pendingRequestsCts, CancellationToken originalCancellationToken)
   --- End of inner exception stack trace ---
   at System.Net.Http.HttpClient.HandleFailure(Exception e, Boolean telemetryStarted, HttpResponseMessage response, CancellationTokenSource cts, CancellationToken cancellationToken, CancellationTokenSource pendingRequestsCts)
   at System.Net.Http.HttpClient.<SendAsync>g__Core|83_0(HttpRequestMessage request, HttpCompletionOption completionOption, CancellationTokenSource cts, Boolean disposeCts, CancellationTokenSource pendingRequestsCts, CancellationToken originalCancellationToken)
   at Sdk.WebApi.WebApi.RawHttpClientBase.SendAsync(HttpRequestMessage message, HttpCompletionOption completionOption, Object userState, CancellationToken cancellationToken)
   at Sdk.WebApi.WebApi.RawHttpClientBase.SendAsync[T](HttpRequestMessage message, Boolean readErrorBody, Object userState, CancellationToken cancellationToken)
   at Sdk.WebApi.WebApi.RawHttpClientBase.SendAsync[T](HttpMethod method, IEnumerable`1 additionalHeaders, Uri requestUri, HttpContent content, IEnumerable`1 queryParameters, Boolean readErrorBody, Object userState, CancellationToken cancellationToken)
   at GitHub.Actions.RunService.WebApi.BrokerHttpClient.GetRunnerMessageAsync(Nullable`1 sessionId, String runnerVersion, Nullable`1 status, String os, String architecture, Nullable`1 disableUpdate, CancellationToken cancellationToken)
   at GitHub.Runner.Common.BrokerServer.<>c__DisplayClass7_0.<<GetRunnerMessageAsync>b__0>d.MoveNext()
--- End of stack trace from previous location ---
   at GitHub.Runner.Common.RunnerService.RetryRequest[T](Func`1 func, CancellationToken cancellationToken, Int32 maxAttempts, Func`2 shouldRetry)
[2026-10-10 16:56:27Z ERR  BrokerServer] #####################################################
[2026-10-10 16:56:27Z ERR  BrokerServer] System.Threading.Tasks.TaskCanceledException: The operation was canceled.
 ---> System.IO.IOException: Unable to read data from the transport connection: La operación de E/S se anuló por una salida de subproceso o por una solicitud de aplicación..
 ---> System.Net.Sockets.SocketException (995): La operación de E/S se anuló por una salida de subproceso o por una solicitud de aplicación.
   --- End of inner exception stack trace ---
   at System.Net.Sockets.Socket.AwaitableSocketAsyncEventArgs.System.Threading.Tasks.Sources.IValueTaskSource<System.Int32>.GetResult(Int16 token)
   at System.Net.Security.SslStream.EnsureFullTlsFrameAsync[TIOAdapter](CancellationToken cancellationToken, Int32 estimatedSize)
   at System.Runtime.CompilerServices.PoolingAsyncValueTaskMethodBuilder`1.StateMachineBox`1.System.Threading.Tasks.Sources.IValueTaskSource<TResult>.GetResult(Int16 token)
   at System.Net.Security.SslStream.ReadAsyncInternal[TIOAdapter](Memory`1 buffer, CancellationToken cancellationToken)
   at System.Runtime.CompilerServices.PoolingAsyncValueTaskMethodBuilder`1.StateMachineBox`1.System.Threading.Tasks.Sources.IValueTaskSource<TResult>.GetResult(Int16 token)
   at System.Net.Http.HttpConnection.SendAsync(HttpRequestMessage request, Boolean async, CancellationToken cancellationToken)
   --- End of inner exception stack trace ---
   at System.Net.Http.HttpConnection.SendAsync(HttpRequestMessage request, Boolean async, CancellationToken cancellationToken)
   at System.Net.Http.AuthenticationHelper.SendWithNtAuthAsync(HttpRequestMessage request, Uri authUri, Boolean async, ICredentials credentials, Boolean isProxyAuth, HttpConnection connection, HttpConnectionPool connectionPool, CancellationToken cancellationToken)
   at System.Net.Http.HttpConnectionPool.SendWithVersionDetectionAndRetryAsync(HttpRequestMessage request, Boolean async, Boolean doRequestAuth, CancellationToken cancellationToken)
   at System.Net.Http.AuthenticationHelper.SendWithAuthAsync(HttpRequestMessage request, Uri authUri, Boolean async, ICredentials credentials, Boolean preAuthenticate, Boolean isProxyAuth, Boolean doRequestAuth, HttpConnectionPool pool, CancellationToken cancellationToken)
   at System.Net.Http.RedirectHandler.SendAsync(HttpRequestMessage request, Boolean async, CancellationToken cancellationToken)
   at GitHub.Services.Common.RawHttpMessageHandler.SendAsync(HttpRequestMessage request, CancellationToken cancellationToken)
   at GitHub.Services.Common.VssHttpRetryMessageHandler.SendAsync(HttpRequestMessage request, CancellationToken cancellationToken)
   at System.Net.Http.HttpClient.<SendAsync>g__Core|83_0(HttpRequestMessage request, HttpCompletionOption completionOption, CancellationTokenSource cts, Boolean disposeCts, CancellationTokenSource pendingRequestsCts, CancellationToken originalCancellationToken)
[2026-10-10 16:56:27Z ERR  BrokerServer] #####################################################
[2026-10-10 16:56:27Z ERR  BrokerServer] System.IO.IOException: Unable to read data from the transport connection: La operación de E/S se anuló por una salida de subproceso o por una solicitud de aplicación..
 ---> System.Net.Sockets.SocketException (995): La operación de E/S se anuló por una salida de subproceso o por una solicitud de aplicación.
   --- End of inner exception stack trace ---
   at System.Net.Sockets.Socket.AwaitableSocketAsyncEventArgs.System.Threading.Tasks.Sources.IValueTaskSource<System.Int32>.GetResult(Int16 token)
   at System.Net.Security.SslStream.EnsureFullTlsFrameAsync[TIOAdapter](CancellationToken cancellationToken, Int32 estimatedSize)
   at System.Runtime.CompilerServices.PoolingAsyncValueTaskMethodBuilder`1.StateMachineBox`1.System.Threading.Tasks.Sources.IValueTaskSource<TResult>.GetResult(Int16 token)
   at System.Net.Security.SslStream.ReadAsyncInternal[TIOAdapter](Memory`1 buffer, CancellationToken cancellationToken)
   at System.Runtime.CompilerServices.PoolingAsyncValueTaskMethodBuilder`1.StateMachineBox`1.System.Threading.Tasks.Sources.IValueTaskSource<TResult>.GetResult(Int16 token)
   at System.Net.Http.HttpConnection.SendAsync(HttpRequestMessage request, Boolean async, CancellationToken cancellationToken)
[2026-10-10 16:56:27Z ERR  BrokerServer] #####################################################
[2026-10-10 16:56:27Z ERR  BrokerServer] System.Net.Sockets.SocketException (995): La operación de E/S se anuló por una salida de subproceso o por una solicitud de aplicación.
[2026-10-10 16:56:27Z WARN BrokerServer] Back off 8,637 seconds before next retry. 4 attempt left.
[2026-10-10 16:56:27Z INFO BrokerMessageListener] Get messages has been cancelled using local token source. Continue to get messages with new status.
[2026-10-10 17:06:02Z INFO BrokerMessageListener] Acknowledging runner request '2f2fcbd2-7a1b-5a7e-99b1-2825f7506482'.
[2026-10-10 17:06:02Z INFO ConfigurationStore] HasCredentials()
[2026-10-10 17:06:02Z INFO ConfigurationStore] stored True
[2026-10-10 17:06:02Z INFO CredentialManager] GetCredentialProvider
[2026-10-10 17:06:02Z INFO CredentialManager] Creating type OAuth
[2026-10-10 17:06:02Z INFO CredentialManager] Creating credential type: OAuth
[2026-10-10 17:06:02Z INFO RSAEncryptedFileKeyManager] Loading RSA key parameters from file C:\Users\CarlosC\OneDrive - Cesur-GCoremsa\Prácticas Data Center\Tareas\04 Git\proyectoGit\actions-runner\.credentials_rsaparams
[2026-10-10 17:06:02Z INFO RSAEncryptedFileKeyManager] Loading RSA key parameters from file C:\Users\CarlosC\OneDrive - Cesur-GCoremsa\Prácticas Data Center\Tareas\04 Git\proyectoGit\actions-runner\.credentials_rsaparams
[2026-10-10 17:06:02Z INFO RSAEncryptedFileKeyManager] Loading RSA key parameters from file C:\Users\CarlosC\OneDrive - Cesur-GCoremsa\Prácticas Data Center\Tareas\04 Git\proyectoGit\actions-runner\.credentials_rsaparams
[2026-10-10 17:06:02Z INFO GitHubActionsService] AAD Correlation ID for this token request: Unknown
[2026-10-10 17:06:03Z INFO JobDispatcher] Job request 0 for plan d27ddf37-3824-8bfd-a55b-453808254cae job 2f2fcbd2-7a1b-5a7e-99b1-2825f7506482 received.
[2026-10-10 17:06:03Z INFO JobDispatcher] Pull OrchestrationId d27ddf37-3824-8bfd-a55b-453808254cae.validate-prod.__default from JWT claims
[2026-10-10 17:06:03Z INFO BrokerMessageListener] Received job status event. JobState: Busy
[2026-10-10 17:06:03Z INFO BrokerMessageListener] _getMessagesTokenSource is already disposed.
[2026-10-10 17:06:03Z INFO JobDispatcher] Job request c235c6b1-bb68-5112-9219-629824f1d7cc processed succeed.
[2026-10-10 17:06:03Z INFO Terminal] WRITE LINE: 2026-10-10 17:06:03Z: Running job: validate-prod
[2026-10-10 17:06:03Z INFO JobDispatcher] Start renew job request 0 for job 2f2fcbd2-7a1b-5a7e-99b1-2825f7506482.
[2026-10-10 17:06:03Z INFO JobDispatcher] Successfully renew job 2f2fcbd2-7a1b-5a7e-99b1-2825f7506482, job is valid till 10/10/2026 17:16:04
[2026-10-10 17:06:03Z INFO HostContext] Well known directory 'Bin': 'C:\Users\CarlosC\OneDrive - Cesur-GCoremsa\Prácticas Data Center\Tareas\04 Git\proyectoGit\actions-runner\bin'
[2026-10-10 17:06:03Z INFO ProcessInvokerWrapper] Starting process:
[2026-10-10 17:06:03Z INFO ProcessInvokerWrapper]   File name: 'C:\Users\CarlosC\OneDrive - Cesur-GCoremsa\Prácticas Data Center\Tareas\04 Git\proyectoGit\actions-runner\bin\Runner.Worker.exe'
[2026-10-10 17:06:03Z INFO ProcessInvokerWrapper]   Arguments: 'spawnclient 1596 1624'
[2026-10-10 17:06:03Z INFO ProcessInvokerWrapper]   Working directory: 'C:\Users\CarlosC\OneDrive - Cesur-GCoremsa\Prácticas Data Center\Tareas\04 Git\proyectoGit\actions-runner\bin'
[2026-10-10 17:06:03Z INFO ProcessInvokerWrapper]   Require exit code zero: 'False'
[2026-10-10 17:06:03Z INFO ProcessInvokerWrapper]   Encoding web name:  ; code page: ''
[2026-10-10 17:06:03Z INFO ProcessInvokerWrapper]   Force kill process on cancellation: 'True'
[2026-10-10 17:06:03Z INFO ProcessInvokerWrapper]   Redirected STDIN: 'False'
[2026-10-10 17:06:03Z INFO ProcessInvokerWrapper]   Persist current code page: 'False'
[2026-10-10 17:06:03Z INFO ProcessInvokerWrapper]   Keep redirected STDIN open: 'False'
[2026-10-10 17:06:03Z INFO ProcessInvokerWrapper]   High priority process: 'True'
[2026-10-10 17:06:03Z INFO ProcessInvokerWrapper] Process started with process id 16276, waiting for process exit.
[2026-10-10 17:06:03Z INFO JobDispatcher] Send job request message to worker for job 2f2fcbd2-7a1b-5a7e-99b1-2825f7506482.
[2026-10-10 17:06:03Z INFO ProcessChannel] Sending message of length 23402, with hash 'c31af1f876286904e307a83d9e9a5035937411c79f6fa11d5fcefbda03cd8ae3'
[2026-10-10 17:06:04Z INFO JobNotification] Entering JobStarted Notification
[2026-10-10 17:06:04Z INFO JobNotification] Entering StartMonitor
[2026-10-10 17:06:07Z INFO ProcessInvokerWrapper] STDOUT/STDERR stream read finished.
[2026-10-10 17:06:07Z INFO ProcessInvokerWrapper] STDOUT/STDERR stream read finished.
[2026-10-10 17:06:07Z INFO ProcessInvokerWrapper] Finished process 16276 with exit code 100, and elapsed time 00:00:04.0076377.
[2026-10-10 17:06:07Z INFO JobDispatcher] Worker finished for job 2f2fcbd2-7a1b-5a7e-99b1-2825f7506482. Code: 100
[2026-10-10 17:06:07Z INFO JobDispatcher] finish job request for job 2f2fcbd2-7a1b-5a7e-99b1-2825f7506482 with result: Succeeded
[2026-10-10 17:06:07Z INFO Terminal] WRITE LINE: 2026-10-10 17:06:07Z: Job validate-prod completed with result: Succeeded
[2026-10-10 17:06:07Z INFO JobDispatcher] Stop renew job request for job 2f2fcbd2-7a1b-5a7e-99b1-2825f7506482.
[2026-10-10 17:06:07Z INFO JobDispatcher] job renew has been cancelled, stop renew job 2f2fcbd2-7a1b-5a7e-99b1-2825f7506482.
[2026-10-10 17:06:07Z INFO JobNotification] Entering JobCompleted Notification
[2026-10-10 17:06:07Z INFO JobNotification] Entering EndMonitor
[2026-10-10 17:06:07Z INFO BrokerMessageListener] Received job status event. JobState: Online
[2026-10-10 17:06:07Z WARN GitHubActionsService] GET request to https://broker.actions.githubusercontent.com/message?sessionId=4f76148e-5f40-4a27-a42e-78102c9e17c4&status=Busy&runnerVersion=2.337.0&os=Windows&architecture=X64&disableUpdate=false has been cancelled.
[2026-10-10 17:06:07Z ERR  BrokerServer] Catch exception during request
[2026-10-10 17:06:07Z ERR  BrokerServer] System.Threading.Tasks.TaskCanceledException: The operation was canceled.
 ---> System.Threading.Tasks.TaskCanceledException: The operation was canceled.
 ---> System.IO.IOException: Unable to read data from the transport connection: La operación de E/S se anuló por una salida de subproceso o por una solicitud de aplicación..
 ---> System.Net.Sockets.SocketException (995): La operación de E/S se anuló por una salida de subproceso o por una solicitud de aplicación.
   --- End of inner exception stack trace ---
   at System.Net.Sockets.Socket.AwaitableSocketAsyncEventArgs.System.Threading.Tasks.Sources.IValueTaskSource<System.Int32>.GetResult(Int16 token)
   at System.Net.Security.SslStream.EnsureFullTlsFrameAsync[TIOAdapter](CancellationToken cancellationToken, Int32 estimatedSize)
   at System.Runtime.CompilerServices.PoolingAsyncValueTaskMethodBuilder`1.StateMachineBox`1.System.Threading.Tasks.Sources.IValueTaskSource<TResult>.GetResult(Int16 token)
   at System.Net.Security.SslStream.ReadAsyncInternal[TIOAdapter](Memory`1 buffer, CancellationToken cancellationToken)
   at System.Runtime.CompilerServices.PoolingAsyncValueTaskMethodBuilder`1.StateMachineBox`1.System.Threading.Tasks.Sources.IValueTaskSource<TResult>.GetResult(Int16 token)
   at System.Net.Http.HttpConnection.<EnsureReadAheadTaskHasStarted>g__ReadAheadWithZeroByteReadAsync|40_0()
   at System.Net.Http.HttpConnection.SendAsync(HttpRequestMessage request, Boolean async, CancellationToken cancellationToken)
   --- End of inner exception stack trace ---
   at System.Net.Http.HttpConnection.SendAsync(HttpRequestMessage request, Boolean async, CancellationToken cancellationToken)
   at System.Net.Http.AuthenticationHelper.SendWithNtAuthAsync(HttpRequestMessage request, Uri authUri, Boolean async, ICredentials credentials, Boolean isProxyAuth, HttpConnection connection, HttpConnectionPool connectionPool, CancellationToken cancellationToken)
   at System.Net.Http.HttpConnectionPool.SendWithVersionDetectionAndRetryAsync(HttpRequestMessage request, Boolean async, Boolean doRequestAuth, CancellationToken cancellationToken)
   at System.Net.Http.AuthenticationHelper.SendWithAuthAsync(HttpRequestMessage request, Uri authUri, Boolean async, ICredentials credentials, Boolean preAuthenticate, Boolean isProxyAuth, Boolean doRequestAuth, HttpConnectionPool pool, CancellationToken cancellationToken)
   at System.Net.Http.RedirectHandler.SendAsync(HttpRequestMessage request, Boolean async, CancellationToken cancellationToken)
   at GitHub.Services.Common.RawHttpMessageHandler.SendAsync(HttpRequestMessage request, CancellationToken cancellationToken)
   at GitHub.Services.Common.VssHttpRetryMessageHandler.SendAsync(HttpRequestMessage request, CancellationToken cancellationToken)
   at System.Net.Http.HttpClient.<SendAsync>g__Core|83_0(HttpRequestMessage request, HttpCompletionOption completionOption, CancellationTokenSource cts, Boolean disposeCts, CancellationTokenSource pendingRequestsCts, CancellationToken originalCancellationToken)
   --- End of inner exception stack trace ---
   at System.Net.Http.HttpClient.HandleFailure(Exception e, Boolean telemetryStarted, HttpResponseMessage response, CancellationTokenSource cts, CancellationToken cancellationToken, CancellationTokenSource pendingRequestsCts)
   at System.Net.Http.HttpClient.<SendAsync>g__Core|83_0(HttpRequestMessage request, HttpCompletionOption completionOption, CancellationTokenSource cts, Boolean disposeCts, CancellationTokenSource pendingRequestsCts, CancellationToken originalCancellationToken)
   at Sdk.WebApi.WebApi.RawHttpClientBase.SendAsync(HttpRequestMessage message, HttpCompletionOption completionOption, Object userState, CancellationToken cancellationToken)
   at Sdk.WebApi.WebApi.RawHttpClientBase.SendAsync[T](HttpRequestMessage message, Boolean readErrorBody, Object userState, CancellationToken cancellationToken)
   at Sdk.WebApi.WebApi.RawHttpClientBase.SendAsync[T](HttpMethod method, IEnumerable`1 additionalHeaders, Uri requestUri, HttpContent content, IEnumerable`1 queryParameters, Boolean readErrorBody, Object userState, CancellationToken cancellationToken)
   at GitHub.Actions.RunService.WebApi.BrokerHttpClient.GetRunnerMessageAsync(Nullable`1 sessionId, String runnerVersion, Nullable`1 status, String os, String architecture, Nullable`1 disableUpdate, CancellationToken cancellationToken)
   at GitHub.Runner.Common.BrokerServer.<>c__DisplayClass7_0.<<GetRunnerMessageAsync>b__0>d.MoveNext()
--- End of stack trace from previous location ---
   at GitHub.Runner.Common.RunnerService.RetryRequest[T](Func`1 func, CancellationToken cancellationToken, Int32 maxAttempts, Func`2 shouldRetry)
[2026-10-10 17:06:07Z ERR  BrokerServer] #####################################################
[2026-10-10 17:06:07Z ERR  BrokerServer] System.Threading.Tasks.TaskCanceledException: The operation was canceled.
 ---> System.IO.IOException: Unable to read data from the transport connection: La operación de E/S se anuló por una salida de subproceso o por una solicitud de aplicación..
 ---> System.Net.Sockets.SocketException (995): La operación de E/S se anuló por una salida de subproceso o por una solicitud de aplicación.
   --- End of inner exception stack trace ---
   at System.Net.Sockets.Socket.AwaitableSocketAsyncEventArgs.System.Threading.Tasks.Sources.IValueTaskSource<System.Int32>.GetResult(Int16 token)
   at System.Net.Security.SslStream.EnsureFullTlsFrameAsync[TIOAdapter](CancellationToken cancellationToken, Int32 estimatedSize)
   at System.Runtime.CompilerServices.PoolingAsyncValueTaskMethodBuilder`1.StateMachineBox`1.System.Threading.Tasks.Sources.IValueTaskSource<TResult>.GetResult(Int16 token)
   at System.Net.Security.SslStream.ReadAsyncInternal[TIOAdapter](Memory`1 buffer, CancellationToken cancellationToken)
   at System.Runtime.CompilerServices.PoolingAsyncValueTaskMethodBuilder`1.StateMachineBox`1.System.Threading.Tasks.Sources.IValueTaskSource<TResult>.GetResult(Int16 token)
   at System.Net.Http.HttpConnection.<EnsureReadAheadTaskHasStarted>g__ReadAheadWithZeroByteReadAsync|40_0()
   at System.Net.Http.HttpConnection.SendAsync(HttpRequestMessage request, Boolean async, CancellationToken cancellationToken)
   --- End of inner exception stack trace ---
   at System.Net.Http.HttpConnection.SendAsync(HttpRequestMessage request, Boolean async, CancellationToken cancellationToken)
   at System.Net.Http.AuthenticationHelper.SendWithNtAuthAsync(HttpRequestMessage request, Uri authUri, Boolean async, ICredentials credentials, Boolean isProxyAuth, HttpConnection connection, HttpConnectionPool connectionPool, CancellationToken cancellationToken)
   at System.Net.Http.HttpConnectionPool.SendWithVersionDetectionAndRetryAsync(HttpRequestMessage request, Boolean async, Boolean doRequestAuth, CancellationToken cancellationToken)
   at System.Net.Http.AuthenticationHelper.SendWithAuthAsync(HttpRequestMessage request, Uri authUri, Boolean async, ICredentials credentials, Boolean preAuthenticate, Boolean isProxyAuth, Boolean doRequestAuth, HttpConnectionPool pool, CancellationToken cancellationToken)
   at System.Net.Http.RedirectHandler.SendAsync(HttpRequestMessage request, Boolean async, CancellationToken cancellationToken)
   at GitHub.Services.Common.RawHttpMessageHandler.SendAsync(HttpRequestMessage request, CancellationToken cancellationToken)
   at GitHub.Services.Common.VssHttpRetryMessageHandler.SendAsync(HttpRequestMessage request, CancellationToken cancellationToken)
   at System.Net.Http.HttpClient.<SendAsync>g__Core|83_0(HttpRequestMessage request, HttpCompletionOption completionOption, CancellationTokenSource cts, Boolean disposeCts, CancellationTokenSource pendingRequestsCts, CancellationToken originalCancellationToken)
[2026-10-10 17:06:07Z ERR  BrokerServer] #####################################################
[2026-10-10 17:06:07Z ERR  BrokerServer] System.IO.IOException: Unable to read data from the transport connection: La operación de E/S se anuló por una salida de subproceso o por una solicitud de aplicación..
 ---> System.Net.Sockets.SocketException (995): La operación de E/S se anuló por una salida de subproceso o por una solicitud de aplicación.
   --- End of inner exception stack trace ---
   at System.Net.Sockets.Socket.AwaitableSocketAsyncEventArgs.System.Threading.Tasks.Sources.IValueTaskSource<System.Int32>.GetResult(Int16 token)
   at System.Net.Security.SslStream.EnsureFullTlsFrameAsync[TIOAdapter](CancellationToken cancellationToken, Int32 estimatedSize)
   at System.Runtime.CompilerServices.PoolingAsyncValueTaskMethodBuilder`1.StateMachineBox`1.System.Threading.Tasks.Sources.IValueTaskSource<TResult>.GetResult(Int16 token)
   at System.Net.Security.SslStream.ReadAsyncInternal[TIOAdapter](Memory`1 buffer, CancellationToken cancellationToken)
   at System.Runtime.CompilerServices.PoolingAsyncValueTaskMethodBuilder`1.StateMachineBox`1.System.Threading.Tasks.Sources.IValueTaskSource<TResult>.GetResult(Int16 token)
   at System.Net.Http.HttpConnection.<EnsureReadAheadTaskHasStarted>g__ReadAheadWithZeroByteReadAsync|40_0()
   at System.Net.Http.HttpConnection.SendAsync(HttpRequestMessage request, Boolean async, CancellationToken cancellationToken)
[2026-10-10 17:06:07Z ERR  BrokerServer] #####################################################
[2026-10-10 17:06:07Z ERR  BrokerServer] System.Net.Sockets.SocketException (995): La operación de E/S se anuló por una salida de subproceso o por una solicitud de aplicación.
[2026-10-10 17:06:07Z WARN BrokerServer] Back off 6,829 seconds before next retry. 4 attempt left.
[2026-10-10 17:06:07Z INFO BrokerMessageListener] Get messages has been cancelled using local token source. Continue to get messages with new status.
[2026-10-10 17:16:02Z INFO BrokerMessageListener] Acknowledging runner request '11340f51-4ecb-5772-8aac-3327d03e65f1'.
[2026-10-10 17:16:02Z INFO ConfigurationStore] HasCredentials()
[2026-10-10 17:16:02Z INFO ConfigurationStore] stored True
[2026-10-10 17:16:02Z INFO CredentialManager] GetCredentialProvider
[2026-10-10 17:16:02Z INFO CredentialManager] Creating type OAuth
[2026-10-10 17:16:02Z INFO CredentialManager] Creating credential type: OAuth
[2026-10-10 17:16:02Z INFO RSAEncryptedFileKeyManager] Loading RSA key parameters from file C:\Users\CarlosC\OneDrive - Cesur-GCoremsa\Prácticas Data Center\Tareas\04 Git\proyectoGit\actions-runner\.credentials_rsaparams
[2026-10-10 17:16:02Z INFO RSAEncryptedFileKeyManager] Loading RSA key parameters from file C:\Users\CarlosC\OneDrive - Cesur-GCoremsa\Prácticas Data Center\Tareas\04 Git\proyectoGit\actions-runner\.credentials_rsaparams
[2026-10-10 17:16:02Z INFO RSAEncryptedFileKeyManager] Loading RSA key parameters from file C:\Users\CarlosC\OneDrive - Cesur-GCoremsa\Prácticas Data Center\Tareas\04 Git\proyectoGit\actions-runner\.credentials_rsaparams
[2026-10-10 17:16:02Z INFO GitHubActionsService] AAD Correlation ID for this token request: Unknown
[2026-10-10 17:16:03Z INFO JobDispatcher] Job request 0 for plan a75fa4d6-ac78-8a3a-b66e-b54ea7cb228e job 11340f51-4ecb-5772-8aac-3327d03e65f1 received.
[2026-10-10 17:16:03Z INFO JobDispatcher] Pull OrchestrationId a75fa4d6-ac78-8a3a-b66e-b54ea7cb228e.validate-prod.__default from JWT claims
[2026-10-10 17:16:03Z INFO BrokerMessageListener] Received job status event. JobState: Busy
[2026-10-10 17:16:03Z INFO BrokerMessageListener] _getMessagesTokenSource is already disposed.
[2026-10-10 17:16:03Z INFO JobDispatcher] Job request 2f2fcbd2-7a1b-5a7e-99b1-2825f7506482 processed succeed.
[2026-10-10 17:16:03Z INFO Terminal] WRITE LINE: 2026-10-10 17:16:03Z: Running job: validate-prod
[2026-10-10 17:16:03Z INFO JobDispatcher] Start renew job request 0 for job 11340f51-4ecb-5772-8aac-3327d03e65f1.
[2026-10-10 17:16:03Z INFO JobDispatcher] Successfully renew job 11340f51-4ecb-5772-8aac-3327d03e65f1, job is valid till 10/10/2026 17:26:03
[2026-10-10 17:16:03Z INFO HostContext] Well known directory 'Bin': 'C:\Users\CarlosC\OneDrive - Cesur-GCoremsa\Prácticas Data Center\Tareas\04 Git\proyectoGit\actions-runner\bin'
[2026-10-10 17:16:03Z INFO ProcessInvokerWrapper] Starting process:
[2026-10-10 17:16:03Z INFO ProcessInvokerWrapper]   File name: 'C:\Users\CarlosC\OneDrive - Cesur-GCoremsa\Prácticas Data Center\Tareas\04 Git\proyectoGit\actions-runner\bin\Runner.Worker.exe'
[2026-10-10 17:16:03Z INFO ProcessInvokerWrapper]   Arguments: 'spawnclient 1388 1364'
[2026-10-10 17:16:03Z INFO ProcessInvokerWrapper]   Working directory: 'C:\Users\CarlosC\OneDrive - Cesur-GCoremsa\Prácticas Data Center\Tareas\04 Git\proyectoGit\actions-runner\bin'
[2026-10-10 17:16:03Z INFO ProcessInvokerWrapper]   Require exit code zero: 'False'
[2026-10-10 17:16:03Z INFO ProcessInvokerWrapper]   Encoding web name:  ; code page: ''
[2026-10-10 17:16:03Z INFO ProcessInvokerWrapper]   Force kill process on cancellation: 'True'
[2026-10-10 17:16:03Z INFO ProcessInvokerWrapper]   Redirected STDIN: 'False'
[2026-10-10 17:16:03Z INFO ProcessInvokerWrapper]   Persist current code page: 'False'
[2026-10-10 17:16:03Z INFO ProcessInvokerWrapper]   Keep redirected STDIN open: 'False'
[2026-10-10 17:16:03Z INFO ProcessInvokerWrapper]   High priority process: 'True'
[2026-10-10 17:16:03Z INFO ProcessInvokerWrapper] Process started with process id 28652, waiting for process exit.
[2026-10-10 17:16:03Z INFO JobDispatcher] Send job request message to worker for job 11340f51-4ecb-5772-8aac-3327d03e65f1.
[2026-10-10 17:16:03Z INFO ProcessChannel] Sending message of length 23318, with hash 'd9243ffb065edaf9eed1e1346d1f68828d80319b2490a94db86b7614c21c730f'
[2026-10-10 17:16:03Z INFO JobNotification] Entering JobStarted Notification
[2026-10-10 17:16:03Z INFO JobNotification] Entering StartMonitor
[2026-10-10 17:16:07Z INFO ProcessInvokerWrapper] STDOUT/STDERR stream read finished.
[2026-10-10 17:16:07Z INFO ProcessInvokerWrapper] STDOUT/STDERR stream read finished.
[2026-10-10 17:16:07Z INFO ProcessInvokerWrapper] Finished process 28652 with exit code 100, and elapsed time 00:00:03.9794141.
[2026-10-10 17:16:07Z INFO JobDispatcher] Worker finished for job 11340f51-4ecb-5772-8aac-3327d03e65f1. Code: 100
[2026-10-10 17:16:07Z INFO JobDispatcher] finish job request for job 11340f51-4ecb-5772-8aac-3327d03e65f1 with result: Succeeded
[2026-10-10 17:16:07Z INFO Terminal] WRITE LINE: 2026-10-10 17:16:07Z: Job validate-prod completed with result: Succeeded
[2026-10-10 17:16:07Z INFO JobDispatcher] Stop renew job request for job 11340f51-4ecb-5772-8aac-3327d03e65f1.
[2026-10-10 17:16:07Z INFO JobDispatcher] job renew has been cancelled, stop renew job 11340f51-4ecb-5772-8aac-3327d03e65f1.
[2026-10-10 17:16:07Z INFO JobNotification] Entering JobCompleted Notification
[2026-10-10 17:16:07Z INFO JobNotification] Entering EndMonitor
[2026-10-10 17:16:07Z INFO BrokerMessageListener] Received job status event. JobState: Online
[2026-10-10 17:16:07Z WARN GitHubActionsService] GET request to https://broker.actions.githubusercontent.com/message?sessionId=4f76148e-5f40-4a27-a42e-78102c9e17c4&status=Busy&runnerVersion=2.337.0&os=Windows&architecture=X64&disableUpdate=false has been cancelled.
[2026-10-10 17:16:07Z ERR  BrokerServer] Catch exception during request
[2026-10-10 17:16:07Z ERR  BrokerServer] System.Threading.Tasks.TaskCanceledException: The operation was canceled.
 ---> System.Threading.Tasks.TaskCanceledException: The operation was canceled.
 ---> System.IO.IOException: Unable to read data from the transport connection: La operación de E/S se anuló por una salida de subproceso o por una solicitud de aplicación..
 ---> System.Net.Sockets.SocketException (995): La operación de E/S se anuló por una salida de subproceso o por una solicitud de aplicación.
   --- End of inner exception stack trace ---
   at System.Net.Sockets.Socket.AwaitableSocketAsyncEventArgs.System.Threading.Tasks.Sources.IValueTaskSource<System.Int32>.GetResult(Int16 token)
   at System.Net.Security.SslStream.EnsureFullTlsFrameAsync[TIOAdapter](CancellationToken cancellationToken, Int32 estimatedSize)
   at System.Runtime.CompilerServices.PoolingAsyncValueTaskMethodBuilder`1.StateMachineBox`1.System.Threading.Tasks.Sources.IValueTaskSource<TResult>.GetResult(Int16 token)
   at System.Net.Security.SslStream.ReadAsyncInternal[TIOAdapter](Memory`1 buffer, CancellationToken cancellationToken)
   at System.Runtime.CompilerServices.PoolingAsyncValueTaskMethodBuilder`1.StateMachineBox`1.System.Threading.Tasks.Sources.IValueTaskSource<TResult>.GetResult(Int16 token)
   at System.Net.Http.HttpConnection.SendAsync(HttpRequestMessage request, Boolean async, CancellationToken cancellationToken)
   --- End of inner exception stack trace ---
   at System.Net.Http.HttpConnection.SendAsync(HttpRequestMessage request, Boolean async, CancellationToken cancellationToken)
   at System.Net.Http.AuthenticationHelper.SendWithNtAuthAsync(HttpRequestMessage request, Uri authUri, Boolean async, ICredentials credentials, Boolean isProxyAuth, HttpConnection connection, HttpConnectionPool connectionPool, CancellationToken cancellationToken)
   at System.Net.Http.HttpConnectionPool.SendWithVersionDetectionAndRetryAsync(HttpRequestMessage request, Boolean async, Boolean doRequestAuth, CancellationToken cancellationToken)
   at System.Net.Http.AuthenticationHelper.SendWithAuthAsync(HttpRequestMessage request, Uri authUri, Boolean async, ICredentials credentials, Boolean preAuthenticate, Boolean isProxyAuth, Boolean doRequestAuth, HttpConnectionPool pool, CancellationToken cancellationToken)
   at System.Net.Http.RedirectHandler.SendAsync(HttpRequestMessage request, Boolean async, CancellationToken cancellationToken)
   at GitHub.Services.Common.RawHttpMessageHandler.SendAsync(HttpRequestMessage request, CancellationToken cancellationToken)
   at GitHub.Services.Common.VssHttpRetryMessageHandler.SendAsync(HttpRequestMessage request, CancellationToken cancellationToken)
   at System.Net.Http.HttpClient.<SendAsync>g__Core|83_0(HttpRequestMessage request, HttpCompletionOption completionOption, CancellationTokenSource cts, Boolean disposeCts, CancellationTokenSource pendingRequestsCts, CancellationToken originalCancellationToken)
   --- End of inner exception stack trace ---
   at System.Net.Http.HttpClient.HandleFailure(Exception e, Boolean telemetryStarted, HttpResponseMessage response, CancellationTokenSource cts, CancellationToken cancellationToken, CancellationTokenSource pendingRequestsCts)
   at System.Net.Http.HttpClient.<SendAsync>g__Core|83_0(HttpRequestMessage request, HttpCompletionOption completionOption, CancellationTokenSource cts, Boolean disposeCts, CancellationTokenSource pendingRequestsCts, CancellationToken originalCancellationToken)
   at Sdk.WebApi.WebApi.RawHttpClientBase.SendAsync(HttpRequestMessage message, HttpCompletionOption completionOption, Object userState, CancellationToken cancellationToken)
   at Sdk.WebApi.WebApi.RawHttpClientBase.SendAsync[T](HttpRequestMessage message, Boolean readErrorBody, Object userState, CancellationToken cancellationToken)
   at Sdk.WebApi.WebApi.RawHttpClientBase.SendAsync[T](HttpMethod method, IEnumerable`1 additionalHeaders, Uri requestUri, HttpContent content, IEnumerable`1 queryParameters, Boolean readErrorBody, Object userState, CancellationToken cancellationToken)
   at GitHub.Actions.RunService.WebApi.BrokerHttpClient.GetRunnerMessageAsync(Nullable`1 sessionId, String runnerVersion, Nullable`1 status, String os, String architecture, Nullable`1 disableUpdate, CancellationToken cancellationToken)
   at GitHub.Runner.Common.BrokerServer.<>c__DisplayClass7_0.<<GetRunnerMessageAsync>b__0>d.MoveNext()
--- End of stack trace from previous location ---
   at GitHub.Runner.Common.RunnerService.RetryRequest[T](Func`1 func, CancellationToken cancellationToken, Int32 maxAttempts, Func`2 shouldRetry)
[2026-10-10 17:16:07Z ERR  BrokerServer] #####################################################
[2026-10-10 17:16:07Z ERR  BrokerServer] System.Threading.Tasks.TaskCanceledException: The operation was canceled.
 ---> System.IO.IOException: Unable to read data from the transport connection: La operación de E/S se anuló por una salida de subproceso o por una solicitud de aplicación..
 ---> System.Net.Sockets.SocketException (995): La operación de E/S se anuló por una salida de subproceso o por una solicitud de aplicación.
   --- End of inner exception stack trace ---
   at System.Net.Sockets.Socket.AwaitableSocketAsyncEventArgs.System.Threading.Tasks.Sources.IValueTaskSource<System.Int32>.GetResult(Int16 token)
   at System.Net.Security.SslStream.EnsureFullTlsFrameAsync[TIOAdapter](CancellationToken cancellationToken, Int32 estimatedSize)
   at System.Runtime.CompilerServices.PoolingAsyncValueTaskMethodBuilder`1.StateMachineBox`1.System.Threading.Tasks.Sources.IValueTaskSource<TResult>.GetResult(Int16 token)
   at System.Net.Security.SslStream.ReadAsyncInternal[TIOAdapter](Memory`1 buffer, CancellationToken cancellationToken)
   at System.Runtime.CompilerServices.PoolingAsyncValueTaskMethodBuilder`1.StateMachineBox`1.System.Threading.Tasks.Sources.IValueTaskSource<TResult>.GetResult(Int16 token)
   at System.Net.Http.HttpConnection.SendAsync(HttpRequestMessage request, Boolean async, CancellationToken cancellationToken)
   --- End of inner exception stack trace ---
   at System.Net.Http.HttpConnection.SendAsync(HttpRequestMessage request, Boolean async, CancellationToken cancellationToken)
   at System.Net.Http.AuthenticationHelper.SendWithNtAuthAsync(HttpRequestMessage request, Uri authUri, Boolean async, ICredentials credentials, Boolean isProxyAuth, HttpConnection connection, HttpConnectionPool connectionPool, CancellationToken cancellationToken)
   at System.Net.Http.HttpConnectionPool.SendWithVersionDetectionAndRetryAsync(HttpRequestMessage request, Boolean async, Boolean doRequestAuth, CancellationToken cancellationToken)
   at System.Net.Http.AuthenticationHelper.SendWithAuthAsync(HttpRequestMessage request, Uri authUri, Boolean async, ICredentials credentials, Boolean preAuthenticate, Boolean isProxyAuth, Boolean doRequestAuth, HttpConnectionPool pool, CancellationToken cancellationToken)
   at System.Net.Http.RedirectHandler.SendAsync(HttpRequestMessage request, Boolean async, CancellationToken cancellationToken)
   at GitHub.Services.Common.RawHttpMessageHandler.SendAsync(HttpRequestMessage request, CancellationToken cancellationToken)
   at GitHub.Services.Common.VssHttpRetryMessageHandler.SendAsync(HttpRequestMessage request, CancellationToken cancellationToken)
   at System.Net.Http.HttpClient.<SendAsync>g__Core|83_0(HttpRequestMessage request, HttpCompletionOption completionOption, CancellationTokenSource cts, Boolean disposeCts, CancellationTokenSource pendingRequestsCts, CancellationToken originalCancellationToken)
[2026-10-10 17:16:07Z ERR  BrokerServer] #####################################################
[2026-10-10 17:16:07Z ERR  BrokerServer] System.IO.IOException: Unable to read data from the transport connection: La operación de E/S se anuló por una salida de subproceso o por una solicitud de aplicación..
 ---> System.Net.Sockets.SocketException (995): La operación de E/S se anuló por una salida de subproceso o por una solicitud de aplicación.
   --- End of inner exception stack trace ---
   at System.Net.Sockets.Socket.AwaitableSocketAsyncEventArgs.System.Threading.Tasks.Sources.IValueTaskSource<System.Int32>.GetResult(Int16 token)
   at System.Net.Security.SslStream.EnsureFullTlsFrameAsync[TIOAdapter](CancellationToken cancellationToken, Int32 estimatedSize)
   at System.Runtime.CompilerServices.PoolingAsyncValueTaskMethodBuilder`1.StateMachineBox`1.System.Threading.Tasks.Sources.IValueTaskSource<TResult>.GetResult(Int16 token)
   at System.Net.Security.SslStream.ReadAsyncInternal[TIOAdapter](Memory`1 buffer, CancellationToken cancellationToken)
   at System.Runtime.CompilerServices.PoolingAsyncValueTaskMethodBuilder`1.StateMachineBox`1.System.Threading.Tasks.Sources.IValueTaskSource<TResult>.GetResult(Int16 token)
   at System.Net.Http.HttpConnection.SendAsync(HttpRequestMessage request, Boolean async, CancellationToken cancellationToken)
[2026-10-10 17:16:07Z ERR  BrokerServer] #####################################################
[2026-10-10 17:16:07Z ERR  BrokerServer] System.Net.Sockets.SocketException (995): La operación de E/S se anuló por una salida de subproceso o por una solicitud de aplicación.
[2026-10-10 17:16:07Z WARN BrokerServer] Back off 6,549 seconds before next retry. 4 attempt left.
[2026-10-10 17:16:07Z INFO BrokerMessageListener] Get messages has been cancelled using local token source. Continue to get messages with new status.
[2026-10-10 17:23:09Z INFO RSAEncryptedFileKeyManager] Loading RSA key parameters from file C:\Users\CarlosC\OneDrive - Cesur-GCoremsa\Prácticas Data Center\Tareas\04 Git\proyectoGit\actions-runner\.credentials_rsaparams
[2026-10-10 17:23:09Z INFO GitHubActionsService] AAD Correlation ID for this token request: Unknown
