[2026-10-10 11:34:27Z INFO HostContext] No proxy settings were found based on environmental variables (http_proxy/https_proxy/HTTP_PROXY/HTTPS_PROXY)
[2026-10-10 11:34:27Z INFO HostContext] Well known directory 'Bin': 'C:\Users\CarlosC\OneDrive - Cesur-GCoremsa\Prácticas Data Center\Tareas\04 Git\proyectoGit\actions-runner\bin'
[2026-10-10 11:34:27Z INFO HostContext] Well known directory 'Root': 'C:\Users\CarlosC\OneDrive - Cesur-GCoremsa\Prácticas Data Center\Tareas\04 Git\proyectoGit\actions-runner'
[2026-10-10 11:34:27Z INFO HostContext] Well known config file 'Credentials': 'C:\Users\CarlosC\OneDrive - Cesur-GCoremsa\Prácticas Data Center\Tareas\04 Git\proyectoGit\actions-runner\.credentials'
[2026-10-10 11:34:27Z INFO HostContext] Well known directory 'Bin': 'C:\Users\CarlosC\OneDrive - Cesur-GCoremsa\Prácticas Data Center\Tareas\04 Git\proyectoGit\actions-runner\bin'
[2026-10-10 11:34:27Z INFO HostContext] Well known directory 'Root': 'C:\Users\CarlosC\OneDrive - Cesur-GCoremsa\Prácticas Data Center\Tareas\04 Git\proyectoGit\actions-runner'
[2026-10-10 11:34:27Z INFO HostContext] Well known config file 'Runner': 'C:\Users\CarlosC\OneDrive - Cesur-GCoremsa\Prácticas Data Center\Tareas\04 Git\proyectoGit\actions-runner\.runner'
[2026-10-10 11:34:27Z INFO Worker] Version: 2.337.0
[2026-10-10 11:34:27Z INFO Worker] Commit: 397b032cbf865e9c3ddfab89d533ec19325e1273
[2026-10-10 11:34:27Z INFO Worker] Culture: es-ES
[2026-10-10 11:34:27Z INFO Worker] UI Culture: es-ES
[2026-10-10 11:34:27Z INFO Worker] Waiting to receive the job message from the channel.
[2026-10-10 11:34:27Z INFO ProcessChannel] Receiving message of length 22120, with hash 'dea46e2e49db885eed619a0e0d0d34c245336aca8ff08a442050a9b1b05bd369'
[2026-10-10 11:34:27Z INFO Worker] Message received.
[2026-10-10 11:34:27Z INFO Worker] Job message:
 {
  "fileTable": [
    ".github/workflows/prueba.yml"
  ],
  "mask": [
    {
      "type": "regex",
      "value": "***"
    },
    {
      "type": "regex",
      "value": "***"
    },
    {
      "type": "regex",
      "value": "***"
    },
    {
      "type": "regex",
      "value": "***"
    },
    {
      "type": "regex",
      "value": "***"
    },
    {
      "type": "regex",
      "value": "***"
    },
    {
      "type": "regex",
      "value": "***"
    },
    {
      "type": "regex",
      "value": "***"
    },
    {
      "type": "regex",
      "value": "***"
    },
    {
      "type": "regex",
      "value": "***"
    },
    {
      "type": "regex",
      "value": "***"
    },
    {
      "type": "regex",
      "value": "***"
    },
    {
      "type": "regex",
      "value": "***"
    },
    {
      "type": "regex",
      "value": "***"
    },
    {
      "type": "regex",
      "value": "***"
    },
    {
      "type": "regex",
      "value": "***"
    },
    {
      "type": "regex",
      "value": "***"
    },
    {
      "type": "regex",
      "value": "***"
    },
    {
      "type": "regex",
      "value": "***"
    },
    {
      "type": "regex",
      "value": "***"
    },
    {
      "type": "regex",
      "value": "***"
    },
    {
      "type": "regex",
      "value": "***"
    },
    {
      "type": "regex",
      "value": "***"
    },
    {
      "type": "regex",
      "value": "***"
    }
  ],
  "steps": [
    {
      "type": "action",
      "reference": {
        "type": "script"
      },
      "displayNameToken": {
        "type": 0,
        "file": 1,
        "line": 8,
        "col": 15,
        "lit": "Comparar DEV_TOKEN contra LOCAL_DEV_TOKEN"
      },
      "contextName": "__run",
      "environment": {
        "type": 2,
        "file": 1,
        "line": 10,
        "col": 11,
        "map": [
          {
            "key": {
              "type": 0,
              "file": 1,
              "line": 10,
              "col": 11,
              "lit": "SECRET_DEV_TOKEN"
            },
            "value": {
              "type": 3,
              "file": 1,
              "line": 10,
              "col": 29,
              "expr": "secrets.DEV_TOKEN"
            }
          }
        ]
      },
      "inputs": {
        "type": 2,
        "map": [
          {
            "key": "script",
            "value": {
              "type": 0,
              "file": 1,
              "line": 11,
              "col": 14,
              "lit": "if ($env:SECRET_DEV_TOKEN -eq $env:LOCAL_DEV_TOKEN) {\n  Write-Host \"¡Éxito! Los tokens coinciden.\"\n} else {\n  Write-Host \"Error: Los tokens NO coinciden.\"\n  exit 1\n}"
            }
          }
        ]
      },
      "condition": "success()",
      "id": "970c44fd-b752-4da4-8a94-d8d619094fbc",
      "name": "__run"
    }
  ],
  "variables": {
    "Actions.EnableHttpRedirects": {
      "value": "true"
    },
    "DEV_TOKEN": {
      "value": "***",
      "isSecret": true
    },
    "DistributedTask.AddWarningToNode12Action": {
      "value": "true"
    },
    "DistributedTask.AddWarningToNode16Action": {
      "value": "true"
    },
    "DistributedTask.AllowRunnerContainerHooks": {
      "value": "true"
    },
    "DistributedTask.DeprecateStepOutputCommands": {
      "value": "true"
    },
    "DistributedTask.DetailUntarFailure": {
      "value": "true"
    },
    "DistributedTask.EnableCompositeActions": {
      "value": "true"
    },
    "DistributedTask.EnableJobServerQueueTelemetry": {
      "value": "true"
    },
    "DistributedTask.EnhancedAnnotations": {
      "value": "true"
    },
    "DistributedTask.ForceGithubJavascriptActionsToNode16": {
      "value": "true"
    },
    "DistributedTask.ForceGithubJavascriptActionsToNode20": {
      "value": "true"
    },
    "DistributedTask.LogTemplateErrorsAsDebugMessages": {
      "value": "true"
    },
    "DistributedTask.MarkJobAsFailedOnWorkerCrash": {
      "value": "true"
    },
    "DistributedTask.NewActionMetadata": {
      "value": "true"
    },
    "DistributedTask.UploadStepSummary": {
      "value": "true"
    },
    "DistributedTask.UseActionArchiveCache": {
      "value": "true"
    },
    "DistributedTask.UseWhich2": {
      "value": "true"
    },
    "RunService.FixEmbeddedIssues": {
      "value": "true"
    },
    "actions.runner.requirenode24": {
      "value": "true"
    },
    "actions.runner.usenode24bydefault": {
      "value": "true"
    },
    "actions.runner.warnonnode20": {
      "value": "true"
    },
    "actions_add_check_run_id_to_job_context": {
      "value": "true"
    },
    "actions_batch_action_resolution": {
      "value": "false"
    },
    "actions_cache_mode": {
      "value": "write"
    },
    "actions_container_action_runner_temp": {
      "value": "true"
    },
    "actions_display_helpful_actions_download_errors": {
      "value": "true"
    },
    "actions_runner_allow_artifacts_file": {
      "value": "true"
    },
    "actions_runner_compare_workflow_parser": {
      "value": "false"
    },
    "actions_runner_deprecate_linux_arm32": {
      "value": "true"
    },
    "actions_runner_emit_composite_markers": {
      "value": "true"
    },
    "actions_runner_kill_linux_arm32": {
      "value": "true"
    },
    "actions_runner_node20_removal_date": {
      "value": "September 23rd, 2026"
    },
    "actions_runner_node24_default_date": {
      "value": "June 16th, 2026"
    },
    "actions_self_repository": {
      "value": "true"
    },
    "actions_service_container_command": {
      "value": "true"
    },
    "actions_set_orchestration_id_env_for_actions": {
      "value": "true"
    },
    "actions_skip_retry_complete_job_upon_known_errors": {
      "value": "true"
    },
    "actions_snapshot_preflight_hosted_runner_check": {
      "value": "false"
    },
    "actions_snapshot_preflight_image_gen_pool_check": {
      "value": "false"
    },
    "actions_use_bearer_token_for_codeload": {
      "value": "false"
    },
    "actions_uses_cache_service_v2": {
      "value": "true"
    },
    "github_token": {
      "value": "***",
      "isSecret": true
    },
    "system.from_run_service": {
      "value": "true"
    },
    "system.github.job": {
      "value": "comparar-tokens"
    },
    "system.github.launch_endpoint": {
      "value": "https://launch.actions.githubusercontent.com"
    },
    "system.github.results_endpoint": {
      "value": "https://results-receiver.actions.githubusercontent.com/"
    },
    "system.github.results_upload_with_sdk": {
      "value": "true"
    },
    "system.github.token": {
      "value": "***",
      "isSecret": true
    },
    "system.github.token.permissions": {
      "value": "{\"Contents\":\"read\",\"Metadata\":\"read\",\"Packages\":\"read\"}"
    },
    "system.orchestrationId": {
      "value": "609d09bd-c927-86aa-ae7e-ee346300e6c7.comparar-tokens.__default"
    },
    "system.phaseDisplayName": {
      "value": "comparar-tokens"
    },
    "system.runner.lowdiskspacethreshold": {
      "value": "100"
    },
    "system.runnerEnvironment": {
      "value": "self-hosted"
    },
    "system.runnerGroupName": {
      "value": "Default"
    }
  },
  "messageType": "RunnerJobRequest",
  "plan": {
    "scopeIdentifier": "00000000-0000-0000-0000-000000000000",
    "planType": "actions",
    "version": 0,
    "planId": "609d09bd-c927-86aa-ae7e-ee346300e6c7",
    "planGroup": null,
    "artifactUri": null,
    "artifactLocation": null,
    "definition": null,
    "owner": null
  },
  "timeline": {
    "id": "609d09bd-c927-86aa-ae7e-ee346300e6c7",
    "changeId": 0,
    "location": null
  },
  "jobId": "b0fd3d7d-0078-55ec-b207-5d1ab5eecc54",
  "jobDisplayName": "comparar-tokens",
  "jobName": "__default",
  "requestId": 0,
  "lockedUntil": "0001-01-01T00:00:00",
  "resources": {
    "endpoints": [
      {
        "data": {
          "ServerId": "",
          "ServerName": "",
          "CacheServerUrl": "https://artifactcache.actions.githubusercontent.com/CvnxluUQKJ2cRC5HvGwna7J3IosHjoEdR5DuRyC8dQbK4IzdW1/",
          "FeedStreamUrl": "wss://results-receiver.actions.githubusercontent.com/_ws/ingest.sock",
          "ResultsServiceUrl": "https://results-receiver.actions.githubusercontent.com/",
          "PipelinesServiceUrl": "https://pipelinesghubeus6.actions.githubusercontent.com/CvnxluUQKJ2cRC5HvGwna7J3IosHjoEdR5DuRyC8dQbK4IzdW1/",
          "GenerateIdTokenUrl": "",
          "ConnectivityChecks": "[\"https://broker.actions.githubusercontent.com/health\",\"https://token.actions.githubusercontent.com/ready\",\"https://run.actions.githubusercontent.com/health\"]",
          "ConnectivityAndDNSChecks": ""
        },
        "name": "SystemVssConnection",
        "url": "https://run-actions-3-azure-eastus.actions.githubusercontent.com/117/",
        "authorization": {
          "parameters": {
            "AccessToken": "***"
          },
          "scheme": "OAuth"
        },
        "isShared": false,
        "isReady": true
      }
    ]
  },
  "contextData": {
    "github": {
      "t": 2,
      "d": [
        {
          "k": "ref",
          "v": "refs/heads/main"
        },
        {
          "k": "sha",
          "v": "e4f1e1f2d5c7122d59543529abf0d6189d0f80e3"
        },
        {
          "k": "repository",
          "v": "CarlosCDAW/proyectoGit"
        },
        {
          "k": "repository_owner",
          "v": "CarlosCDAW"
        },
        {
          "k": "repository_owner_id",
          "v": "336977943"
        },
        {
          "k": "repositoryUrl",
          "v": "git://github.com/CarlosCDAW/proyectoGit.git"
        },
        {
          "k": "run_id",
          "v": "38048882997"
        },
        {
          "k": "run_number",
          "v": "6"
        },
        {
          "k": "retention_days",
          "v": "90"
        },
        {
          "k": "run_attempt",
          "v": "1"
        },
        {
          "k": "artifact_cache_size_limit",
          "v": "10"
        },
        {
          "k": "repository_visibility",
          "v": "public"
        },
        {
          "k": "actor_id",
          "v": "336977943"
        },
        {
          "k": "actor",
          "v": "CarlosCDAW"
        },
        {
          "k": "workflow",
          "v": "Validar Tokens"
        },
        {
          "k": "head_ref",
          "v": ""
        },
        {
          "k": "base_ref",
          "v": ""
        },
        {
          "k": "event_name",
          "v": "push"
        },
        {
          "k": "server_url",
          "v": "https://github.com"
        },
        {
          "k": "api_url",
          "v": "https://api.github.com"
        },
        {
          "k": "graphql_url",
          "v": "https://api.github.com/graphql"
        },
        {
          "k": "ref_name",
          "v": "main"
        },
        {
          "k": "ref_protected",
          "v": false
        },
        {
          "k": "ref_type",
          "v": "branch"
        },
        {
          "k": "secret_source",
          "v": "Actions"
        },
        {
          "k": "event",
          "v": {
            "t": 2,
            "d": [
              {
                "k": "after",
                "v": "e4f1e1f2d5c7122d59543529abf0d6189d0f80e3"
              },
              {
                "k": "base_ref",
                "v": null
              },
              {
                "k": "before",
                "v": "6db7cbcadcadd63b7cda8d2b896c50dd6a1f424a"
              },
              {
                "k": "commits",
                "v": {
                  "t": 1,
                  "a": [
                    {
                      "t": 2,
                      "d": [
                        {
                          "k": "author",
                          "v": {
                            "t": 2,
                            "d": [
                              {
                                "k": "email",
                                "v": "carlos.s608716@cesurformacion.com"
                              },
                              {
                                "k": "name",
                                "v": "CarlosCDAW"
                              },
                              {
                                "k": "username",
                                "v": "CarlosCDAW"
                              }
                            ]
                          }
                        },
                        {
                          "k": "committer",
                          "v": {
                            "t": 2,
                            "d": [
                              {
                                "k": "email",
                                "v": "carlos.s608716@cesurformacion.com"
                              },
                              {
                                "k": "name",
                                "v": "CarlosCDAW"
                              },
                              {
                                "k": "username",
                                "v": "CarlosCDAW"
                              }
                            ]
                          }
                        },
                        {
                          "k": "distinct",
                          "v": true
                        },
                        {
                          "k": "id",
                          "v": "e4f1e1f2d5c7122d59543529abf0d6189d0f80e3"
                        },
                        {
                          "k": "message",
                          "v": "Cambio a powershell v02"
                        },
                        {
                          "k": "timestamp",
                          "v": "2026-10-10T13:34:18+02:00"
                        },
                        {
                          "k": "tree_id",
                          "v": "975280bfe44e94862aeb531bbbc6a50a87aa01e9"
                        },
                        {
                          "k": "url",
                          "v": "https://github.com/CarlosCDAW/proyectoGit/commit/e4f1e1f2d5c7122d59543529abf0d6189d0f80e3"
                        }
                      ]
                    }
                  ]
                }
              },
              {
                "k": "compare",
                "v": "https://github.com/CarlosCDAW/proyectoGit/compare/6db7cbcadcad...e4f1e1f2d5c7"
              },
              {
                "k": "created",
                "v": false
              },
              {
                "k": "deleted",
                "v": false
              },
              {
                "k": "forced",
                "v": false
              },
              {
                "k": "head_commit",
                "v": {
                  "t": 2,
                  "d": [
                    {
                      "k": "author",
                      "v": {
                        "t": 2,
                        "d": [
                          {
                            "k": "email",
                            "v": "carlos.s608716@cesurformacion.com"
                          },
                          {
                            "k": "name",
                            "v": "CarlosCDAW"
                          },
                          {
                            "k": "username",
                            "v": "CarlosCDAW"
                          }
                        ]
                      }
                    },
                    {
                      "k": "committer",
                      "v": {
                        "t": 2,
                        "d": [
                          {
                            "k": "email",
                            "v": "carlos.s608716@cesurformacion.com"
                          },
                          {
                            "k": "name",
                            "v": "CarlosCDAW"
                          },
                          {
                            "k": "username",
                            "v": "CarlosCDAW"
                          }
                        ]
                      }
                    },
                    {
                      "k": "distinct",
                      "v": true
                    },
                    {
                      "k": "id",
                      "v": "e4f1e1f2d5c7122d59543529abf0d6189d0f80e3"
                    },
                    {
                      "k": "message",
                      "v": "Cambio a powershell v02"
                    },
                    {
                      "k": "timestamp",
                      "v": "2026-10-10T13:34:18+02:00"
                    },
                    {
                      "k": "tree_id",
                      "v": "975280bfe44e94862aeb531bbbc6a50a87aa01e9"
                    },
                    {
                      "k": "url",
                      "v": "https://github.com/CarlosCDAW/proyectoGit/commit/e4f1e1f2d5c7122d59543529abf0d6189d0f80e3"
                    }
                  ]
                }
              },
              {
                "k": "pusher",
                "v": {
                  "t": 2,
                  "d": [
                    {
                      "k": "email",
                      "v": "carlos.s608716@cesurformacion.com"
                    },
                    {
                      "k": "name",
                      "v": "CarlosCDAW"
                    }
                  ]
                }
              },
              {
                "k": "ref",
                "v": "refs/heads/main"
              },
              {
                "k": "repository",
                "v": {
                  "t": 2,
                  "d": [
                    {
                      "k": "allow_forking",
                      "v": true
                    },
                    {
                      "k": "archive_url",
                      "v": "https://api.github.com/repos/CarlosCDAW/proyectoGit/{archive_format}{/ref}"
                    },
                    {
                      "k": "archived",
                      "v": false
                    },
                    {
                      "k": "assignees_url",
                      "v": "https://api.github.com/repos/CarlosCDAW/proyectoGit/assignees{/user}"
                    },
                    {
                      "k": "blobs_url",
                      "v": "https://api.github.com/repos/CarlosCDAW/proyectoGit/git/blobs{/sha}"
                    },
                    {
                      "k": "branches_url",
                      "v": "https://api.github.com/repos/CarlosCDAW/proyectoGit/branches{/branch}"
                    },
                    {
                      "k": "clone_url",
                      "v": "https://github.com/CarlosCDAW/proyectoGit.git"
                    },
                    {
                      "k": "collaborators_url",
                      "v": "https://api.github.com/repos/CarlosCDAW/proyectoGit/collaborators{/collaborator}"
                    },
                    {
                      "k": "comments_url",
                      "v": "https://api.github.com/repos/CarlosCDAW/proyectoGit/comments{/number}"
                    },
                    {
                      "k": "commits_url",
                      "v": "https://api.github.com/repos/CarlosCDAW/proyectoGit/commits{/sha}"
                    },
                    {
                      "k": "compare_url",
                      "v": "https://api.github.com/repos/CarlosCDAW/proyectoGit/compare/{base}...{head}"
                    },
                    {
                      "k": "contents_url",
                      "v": "https://api.github.com/repos/CarlosCDAW/proyectoGit/contents/{+path}"
                    },
                    {
                      "k": "contributors_url",
                      "v": "https://api.github.com/repos/CarlosCDAW/proyectoGit/contributors"
                    },
                    {
                      "k": "created_at",
                      "v": 1791039835.0
                    },
                    {
                      "k": "default_branch",
                      "v": "main"
                    },
                    {
                      "k": "deployments_url",
                      "v": "https://api.github.com/repos/CarlosCDAW/proyectoGit/deployments"
                    },
                    {
                      "k": "description",
                      "v": "Prueba Git básico prácticas DAW"
                    },
                    {
                      "k": "disabled",
                      "v": false
                    },
                    {
                      "k": "downloads_url",
                      "v": "https://api.github.com/repos/CarlosCDAW/proyectoGit/downloads"
                    },
                    {
                      "k": "events_url",
                      "v": "https://api.github.com/repos/CarlosCDAW/proyectoGit/events"
                    },
                    {
                      "k": "fork",
                      "v": false
                    },
                    {
                      "k": "forks",
                      "v": 0.0
                    },
                    {
                      "k": "forks_count",
                      "v": 0.0
                    },
                    {
                      "k": "forks_url",
                      "v": "https://api.github.com/repos/CarlosCDAW/proyectoGit/forks"
                    },
                    {
                      "k": "full_name",
                      "v": "CarlosCDAW/proyectoGit"
                    },
                    {
                      "k": "git_commits_url",
                      "v": "https://api.github.com/repos/CarlosCDAW/proyectoGit/git/commits{/sha}"
                    },
                    {
                      "k": "git_refs_url",
                      "v": "https://api.github.com/repos/CarlosCDAW/proyectoGit/git/refs{/sha}"
                    },
                    {
                      "k": "git_tags_url",
                      "v": "https://api.github.com/repos/CarlosCDAW/proyectoGit/git/tags{/sha}"
                    },
                    {
                      "k": "git_url",
                      "v": "git://github.com/CarlosCDAW/proyectoGit.git"
                    },
                    {
                      "k": "has_discussions",
                      "v": false
                    },
                    {
                      "k": "has_downloads",
                      "v": true
                    },
                    {
                      "k": "has_issues",
                      "v": true
                    },
                    {
                      "k": "has_pages",
                      "v": false
                    },
                    {
                      "k": "has_projects",
                      "v": true
                    },
                    {
                      "k": "has_pull_requests",
                      "v": true
                    },
                    {
                      "k": "has_wiki",
                      "v": true
                    },
                    {
                      "k": "homepage",
                      "v": null
                    },
                    {
                      "k": "hooks_url",
                      "v": "https://api.github.com/repos/CarlosCDAW/proyectoGit/hooks"
                    },
                    {
                      "k": "html_url",
                      "v": "https://github.com/CarlosCDAW/proyectoGit"
                    },
                    {
                      "k": "id",
                      "v": 1403320920.0
                    },
                    {
                      "k": "is_template",
                      "v": false
                    },
                    {
                      "k": "issue_comment_url",
                      "v": "https://api.github.com/repos/CarlosCDAW/proyectoGit/issues/comments{/number}"
                    },
                    {
                      "k": "issue_events_url",
                      "v": "https://api.github.com/repos/CarlosCDAW/proyectoGit/issues/events{/number}"
                    },
                    {
                      "k": "issues_url",
                      "v": "https://api.github.com/repos/CarlosCDAW/proyectoGit/issues{/number}"
                    },
                    {
                      "k": "keys_url",
                      "v": "https://api.github.com/repos/CarlosCDAW/proyectoGit/keys{/key_id}"
                    },
                    {
                      "k": "labels_url",
                      "v": "https://api.github.com/repos/CarlosCDAW/proyectoGit/labels{/name}"
                    },
                    {
                      "k": "language",
                      "v": null
                    },
                    {
                      "k": "languages_url",
                      "v": "https://api.github.com/repos/CarlosCDAW/proyectoGit/languages"
                    },
                    {
                      "k": "license",
                      "v": null
                    },
                    {
                      "k": "master_branch",
                      "v": "main"
                    },
                    {
                      "k": "merges_url",
                      "v": "https://api.github.com/repos/CarlosCDAW/proyectoGit/merges"
                    },
                    {
                      "k": "milestones_url",
                      "v": "https://api.github.com/repos/CarlosCDAW/proyectoGit/milestones{/number}"
                    },
                    {
                      "k": "mirror_url",
                      "v": null
                    },
                    {
                      "k": "name",
                      "v": "proyectoGit"
                    },
                    {
                      "k": "node_id",
                      "v": "R_kgDOU6T6WA"
                    },
                    {
                      "k": "notifications_url",
                      "v": "https://api.github.com/repos/CarlosCDAW/proyectoGit/notifications{?since,all,participating}"
                    },
                    {
                      "k": "open_issues",
                      "v": 2.0
                    },
                    {
                      "k": "open_issues_count",
                      "v": 2.0
                    },
                    {
                      "k": "owner",
                      "v": {
                        "t": 2,
                        "d": [
                          {
                            "k": "avatar_url",
                            "v": "https://avatars.githubusercontent.com/u/336977943?v=4"
                          },
                          {
                            "k": "email",
                            "v": "carlos.s608716@cesurformacion.com"
                          },
                          {
                            "k": "events_url",
                            "v": "https://api.github.com/users/CarlosCDAW/events{/privacy}"
                          },
                          {
                            "k": "followers_url",
                            "v": "https://api.github.com/users/CarlosCDAW/followers"
                          },
                          {
                            "k": "following_url",
                            "v": "https://api.github.com/users/CarlosCDAW/following{/other_user}"
                          },
                          {
                            "k": "gists_url",
                            "v": "https://api.github.com/users/CarlosCDAW/gists{/gist_id}"
                          },
                          {
                            "k": "gravatar_id",
                            "v": ""
                          },
                          {
                            "k": "html_url",
                            "v": "https://github.com/CarlosCDAW"
                          },
                          {
                            "k": "id",
                            "v": 336977943.0
                          },
                          {
                            "k": "login",
                            "v": "CarlosCDAW"
                          },
                          {
                            "k": "name",
                            "v": "CarlosCDAW"
                          },
                          {
                            "k": "node_id",
                            "v": "U_kgDOFBXgFw"
                          },
                          {
                            "k": "organizations_url",
                            "v": "https://api.github.com/users/CarlosCDAW/orgs"
                          },
                          {
                            "k": "received_events_url",
                            "v": "https://api.github.com/users/CarlosCDAW/received_events"
                          },
                          {
                            "k": "repos_url",
                            "v": "https://api.github.com/users/CarlosCDAW/repos"
                          },
                          {
                            "k": "site_admin",
                            "v": false
                          },
                          {
                            "k": "starred_url",
                            "v": "https://api.github.com/users/CarlosCDAW/starred{/owner}{/repo}"
                          },
                          {
                            "k": "subscriptions_url",
                            "v": "https://api.github.com/users/CarlosCDAW/subscriptions"
                          },
                          {
                            "k": "type",
                            "v": "User"
                          },
                          {
                            "k": "url",
                            "v": "https://api.github.com/users/CarlosCDAW"
                          },
                          {
                            "k": "user_view_type",
                            "v": "public"
                          }
                        ]
                      }
                    },
                    {
                      "k": "private",
                      "v": false
                    },
                    {
                      "k": "pull_request_creation_policy",
                      "v": "all"
                    },
                    {
                      "k": "pulls_url",
                      "v": "https://api.github.com/repos/CarlosCDAW/proyectoGit/pulls{/number}"
                    },
                    {
                      "k": "pushed_at",
                      "v": 1791632062.0
                    },
                    {
                      "k": "releases_url",
                      "v": "https://api.github.com/repos/CarlosCDAW/proyectoGit/releases{/id}"
                    },
                    {
                      "k": "size",
                      "v": 5.0
                    },
                    {
                      "k": "ssh_url",
                      "v": "git@github.com:CarlosCDAW/proyectoGit.git"
                    },
                    {
                      "k": "stargazers",
                      "v": 0.0
                    },
                    {
                      "k": "stargazers_count",
                      "v": 0.0
                    },
                    {
                      "k": "stargazers_url",
                      "v": "https://api.github.com/repos/CarlosCDAW/proyectoGit/stargazers"
                    },
                    {
                      "k": "statuses_url",
                      "v": "https://api.github.com/repos/CarlosCDAW/proyectoGit/statuses/{sha}"
                    },
                    {
                      "k": "subscribers_url",
                      "v": "https://api.github.com/repos/CarlosCDAW/proyectoGit/subscribers"
                    },
                    {
                      "k": "subscription_url",
                      "v": "https://api.github.com/repos/CarlosCDAW/proyectoGit/subscription"
                    },
                    {
                      "k": "svn_url",
                      "v": "https://github.com/CarlosCDAW/proyectoGit"
                    },
                    {
                      "k": "tags_url",
                      "v": "https://api.github.com/repos/CarlosCDAW/proyectoGit/tags"
                    },
                    {
                      "k": "teams_url",
                      "v": "https://api.github.com/repos/CarlosCDAW/proyectoGit/teams"
                    },
                    {
                      "k": "topics",
                      "v": {
                        "t": 1
                      }
                    },
                    {
                      "k": "trees_url",
                      "v": "https://api.github.com/repos/CarlosCDAW/proyectoGit/git/trees{/sha}"
                    },
                    {
                      "k": "updated_at",
                      "v": "2026-10-10T11:28:00Z"
                    },
                    {
                      "k": "url",
                      "v": "https://api.github.com/repos/CarlosCDAW/proyectoGit"
                    },
                    {
                      "k": "visibility",
                      "v": "public"
                    },
                    {
                      "k": "watchers",
                      "v": 0.0
                    },
                    {
                      "k": "watchers_count",
                      "v": 0.0
                    },
                    {
                      "k": "web_commit_signoff_required",
                      "v": false
                    }
                  ]
                }
              },
              {
                "k": "sender",
                "v": {
                  "t": 2,
                  "d": [
                    {
                      "k": "avatar_url",
                      "v": "https://avatars.githubusercontent.com/u/336977943?v=4"
                    },
                    {
                      "k": "events_url",
                      "v": "https://api.github.com/users/CarlosCDAW/events{/privacy}"
                    },
                    {
                      "k": "followers_url",
                      "v": "https://api.github.com/users/CarlosCDAW/followers"
                    },
                    {
                      "k": "following_url",
                      "v": "https://api.github.com/users/CarlosCDAW/following{/other_user}"
                    },
                    {
                      "k": "gists_url",
                      "v": "https://api.github.com/users/CarlosCDAW/gists{/gist_id}"
                    },
                    {
                      "k": "gravatar_id",
                      "v": ""
                    },
                    {
                      "k": "html_url",
                      "v": "https://github.com/CarlosCDAW"
                    },
                    {
                      "k": "id",
                      "v": 336977943.0
                    },
                    {
                      "k": "login",
                      "v": "CarlosCDAW"
                    },
                    {
                      "k": "node_id",
                      "v": "U_kgDOFBXgFw"
                    },
                    {
                      "k": "organizations_url",
                      "v": "https://api.github.com/users/CarlosCDAW/orgs"
                    },
                    {
                      "k": "received_events_url",
                      "v": "https://api.github.com/users/CarlosCDAW/received_events"
                    },
                    {
                      "k": "repos_url",
                      "v": "https://api.github.com/users/CarlosCDAW/repos"
                    },
                    {
                      "k": "site_admin",
                      "v": false
                    },
                    {
                      "k": "starred_url",
                      "v": "https://api.github.com/users/CarlosCDAW/starred{/owner}{/repo}"
                    },
                    {
                      "k": "subscriptions_url",
                      "v": "https://api.github.com/users/CarlosCDAW/subscriptions"
                    },
                    {
                      "k": "type",
                      "v": "User"
                    },
                    {
                      "k": "url",
                      "v": "https://api.github.com/users/CarlosCDAW"
                    },
                    {
                      "k": "user_view_type",
                      "v": "public"
                    }
                  ]
                }
              }
            ]
          }
        },
        {
          "k": "workflow_ref",
          "v": "CarlosCDAW/proyectoGit/.github/workflows/prueba.yml@refs/heads/main"
        },
        {
          "k": "workflow_sha",
          "v": "e4f1e1f2d5c7122d59543529abf0d6189d0f80e3"
        },
        {
          "k": "repository_id",
          "v": "1403320920"
        },
        {
          "k": "triggering_actor",
          "v": "CarlosCDAW"
        }
      ]
    },
    "inputs": {
      "t": 2
    },
    "job": {
      "t": 2,
      "d": [
        {
          "k": "check_run_id",
          "v": 114203830087.0
        },
        {
          "k": "workflow_ref",
          "v": "CarlosCDAW/proyectoGit/.github/workflows/prueba.yml@refs/heads/main"
        },
        {
          "k": "workflow_sha",
          "v": "e4f1e1f2d5c7122d59543529abf0d6189d0f80e3"
        },
        {
          "k": "workflow_repository",
          "v": "CarlosCDAW/proyectoGit"
        },
        {
          "k": "workflow_file_path",
          "v": ".github/workflows/prueba.yml"
        }
      ]
    },
    "matrix": null,
    "needs": {
      "t": 2
    },
    "strategy": {
      "t": 2,
      "d": [
        {
          "k": "fail-fast",
          "v": true
        },
        {
          "k": "job-index",
          "v": 0.0
        },
        {
          "k": "job-total",
          "v": 1.0
        },
        {
          "k": "max-parallel",
          "v": 1.0
        }
      ]
    },
    "vars": {
      "t": 2
    }
  },
  "billingOwnerId": "U_kgDOFBXgFw"
}
[2026-10-10 11:34:27Z INFO JobRunner] Job ID b0fd3d7d-0078-55ec-b207-5d1ab5eecc54
[2026-10-10 11:34:27Z INFO ConfigurationStore] currentAssemblyLocation: C:\Users\CarlosC\OneDrive - Cesur-GCoremsa\Prácticas Data Center\Tareas\04 Git\proyectoGit\actions-runner\bin\Runner.Worker.dll
[2026-10-10 11:34:27Z INFO HostContext] Well known directory 'Bin': 'C:\Users\CarlosC\OneDrive - Cesur-GCoremsa\Prácticas Data Center\Tareas\04 Git\proyectoGit\actions-runner\bin'
[2026-10-10 11:34:27Z INFO ConfigurationStore] binPath: C:\Users\CarlosC\OneDrive - Cesur-GCoremsa\Prácticas Data Center\Tareas\04 Git\proyectoGit\actions-runner\bin
[2026-10-10 11:34:27Z INFO HostContext] Well known directory 'Bin': 'C:\Users\CarlosC\OneDrive - Cesur-GCoremsa\Prácticas Data Center\Tareas\04 Git\proyectoGit\actions-runner\bin'
[2026-10-10 11:34:27Z INFO HostContext] Well known directory 'Root': 'C:\Users\CarlosC\OneDrive - Cesur-GCoremsa\Prácticas Data Center\Tareas\04 Git\proyectoGit\actions-runner'
[2026-10-10 11:34:27Z INFO ConfigurationStore] RootFolder: C:\Users\CarlosC\OneDrive - Cesur-GCoremsa\Prácticas Data Center\Tareas\04 Git\proyectoGit\actions-runner
[2026-10-10 11:34:27Z INFO HostContext] Well known directory 'Bin': 'C:\Users\CarlosC\OneDrive - Cesur-GCoremsa\Prácticas Data Center\Tareas\04 Git\proyectoGit\actions-runner\bin'
[2026-10-10 11:34:27Z INFO HostContext] Well known directory 'Root': 'C:\Users\CarlosC\OneDrive - Cesur-GCoremsa\Prácticas Data Center\Tareas\04 Git\proyectoGit\actions-runner'
[2026-10-10 11:34:27Z INFO HostContext] Well known config file 'Runner': 'C:\Users\CarlosC\OneDrive - Cesur-GCoremsa\Prácticas Data Center\Tareas\04 Git\proyectoGit\actions-runner\.runner'
[2026-10-10 11:34:27Z INFO ConfigurationStore] ConfigFilePath: C:\Users\CarlosC\OneDrive - Cesur-GCoremsa\Prácticas Data Center\Tareas\04 Git\proyectoGit\actions-runner\.runner
[2026-10-10 11:34:27Z INFO HostContext] Well known directory 'Bin': 'C:\Users\CarlosC\OneDrive - Cesur-GCoremsa\Prácticas Data Center\Tareas\04 Git\proyectoGit\actions-runner\bin'
[2026-10-10 11:34:27Z INFO HostContext] Well known directory 'Root': 'C:\Users\CarlosC\OneDrive - Cesur-GCoremsa\Prácticas Data Center\Tareas\04 Git\proyectoGit\actions-runner'
[2026-10-10 11:34:27Z INFO HostContext] Well known config file 'MigratedRunner': 'C:\Users\CarlosC\OneDrive - Cesur-GCoremsa\Prácticas Data Center\Tareas\04 Git\proyectoGit\actions-runner\.runner_migrated'
[2026-10-10 11:34:27Z INFO ConfigurationStore] MigratedConfigFilePath: C:\Users\CarlosC\OneDrive - Cesur-GCoremsa\Prácticas Data Center\Tareas\04 Git\proyectoGit\actions-runner\.runner_migrated
[2026-10-10 11:34:27Z INFO HostContext] Well known directory 'Bin': 'C:\Users\CarlosC\OneDrive - Cesur-GCoremsa\Prácticas Data Center\Tareas\04 Git\proyectoGit\actions-runner\bin'
[2026-10-10 11:34:27Z INFO HostContext] Well known directory 'Root': 'C:\Users\CarlosC\OneDrive - Cesur-GCoremsa\Prácticas Data Center\Tareas\04 Git\proyectoGit\actions-runner'
[2026-10-10 11:34:27Z INFO HostContext] Well known config file 'Credentials': 'C:\Users\CarlosC\OneDrive - Cesur-GCoremsa\Prácticas Data Center\Tareas\04 Git\proyectoGit\actions-runner\.credentials'
[2026-10-10 11:34:27Z INFO ConfigurationStore] CredFilePath: C:\Users\CarlosC\OneDrive - Cesur-GCoremsa\Prácticas Data Center\Tareas\04 Git\proyectoGit\actions-runner\.credentials
[2026-10-10 11:34:27Z INFO HostContext] Well known directory 'Bin': 'C:\Users\CarlosC\OneDrive - Cesur-GCoremsa\Prácticas Data Center\Tareas\04 Git\proyectoGit\actions-runner\bin'
[2026-10-10 11:34:27Z INFO HostContext] Well known directory 'Root': 'C:\Users\CarlosC\OneDrive - Cesur-GCoremsa\Prácticas Data Center\Tareas\04 Git\proyectoGit\actions-runner'
[2026-10-10 11:34:27Z INFO HostContext] Well known config file 'MigratedCredentials': 'C:\Users\CarlosC\OneDrive - Cesur-GCoremsa\Prácticas Data Center\Tareas\04 Git\proyectoGit\actions-runner\.credentials_migrated'
[2026-10-10 11:34:27Z INFO ConfigurationStore] MigratedCredFilePath: C:\Users\CarlosC\OneDrive - Cesur-GCoremsa\Prácticas Data Center\Tareas\04 Git\proyectoGit\actions-runner\.credentials_migrated
[2026-10-10 11:34:27Z INFO HostContext] Well known directory 'Bin': 'C:\Users\CarlosC\OneDrive - Cesur-GCoremsa\Prácticas Data Center\Tareas\04 Git\proyectoGit\actions-runner\bin'
[2026-10-10 11:34:27Z INFO HostContext] Well known directory 'Root': 'C:\Users\CarlosC\OneDrive - Cesur-GCoremsa\Prácticas Data Center\Tareas\04 Git\proyectoGit\actions-runner'
[2026-10-10 11:34:27Z INFO HostContext] Well known config file 'Service': 'C:\Users\CarlosC\OneDrive - Cesur-GCoremsa\Prácticas Data Center\Tareas\04 Git\proyectoGit\actions-runner\.service'
[2026-10-10 11:34:27Z INFO ConfigurationStore] ServiceConfigFilePath: C:\Users\CarlosC\OneDrive - Cesur-GCoremsa\Prácticas Data Center\Tareas\04 Git\proyectoGit\actions-runner\.service
[2026-10-10 11:34:27Z INFO ConfigurationStore] Read setting file: 398 chars
[2026-10-10 11:34:27Z INFO JobRunner] Initializing launch client
[2026-10-10 11:34:27Z INFO JobServerQueue] Initializing results client
[2026-10-10 11:34:27Z INFO ResultServer] Creating websocket client ...wss://results-receiver.actions.githubusercontent.com/_ws/ingest.sock
[2026-10-10 11:34:27Z INFO ResultServer] Attempting to start websocket client with delay 00:00:00.
[2026-10-10 11:34:27Z INFO JobServerQueue] Start process web console line queue.
[2026-10-10 11:34:27Z INFO JobServerQueue] Start process file upload queue.
[2026-10-10 11:34:27Z INFO JobServerQueue] Start results file upload queue.
[2026-10-10 11:34:28Z INFO JobServerQueue] Starting results-based upload queue...
[2026-10-10 11:34:28Z INFO JobServerQueue] Start process timeline update queue.
[2026-10-10 11:34:28Z INFO ExecutionContext] Initializing Job context
[2026-10-10 11:34:28Z INFO ExecutionContext] Initialize GitHub context
[2026-10-10 11:34:28Z INFO ExecutionContext] Initialize Env context
[2026-10-10 11:34:28Z INFO HostContext] Well known directory 'Bin': 'C:\Users\CarlosC\OneDrive - Cesur-GCoremsa\Prácticas Data Center\Tareas\04 Git\proyectoGit\actions-runner\bin'
[2026-10-10 11:34:28Z INFO HostContext] Well known directory 'Root': 'C:\Users\CarlosC\OneDrive - Cesur-GCoremsa\Prácticas Data Center\Tareas\04 Git\proyectoGit\actions-runner'
[2026-10-10 11:34:28Z INFO HostContext] Well known directory 'Diag': 'C:\Users\CarlosC\OneDrive - Cesur-GCoremsa\Prácticas Data Center\Tareas\04 Git\proyectoGit\actions-runner\_diag'
[2026-10-10 11:34:28Z INFO HostContext] Well known directory 'Bin': 'C:\Users\CarlosC\OneDrive - Cesur-GCoremsa\Prácticas Data Center\Tareas\04 Git\proyectoGit\actions-runner\bin'
[2026-10-10 11:34:28Z INFO HostContext] Well known directory 'Root': 'C:\Users\CarlosC\OneDrive - Cesur-GCoremsa\Prácticas Data Center\Tareas\04 Git\proyectoGit\actions-runner'
[2026-10-10 11:34:28Z INFO HostContext] Well known directory 'Diag': 'C:\Users\CarlosC\OneDrive - Cesur-GCoremsa\Prácticas Data Center\Tareas\04 Git\proyectoGit\actions-runner\_diag'
[2026-10-10 11:34:28Z INFO JobRunner] Starting the job execution context.
[2026-10-10 11:34:28Z INFO HostContext] Well known directory 'Bin': 'C:\Users\CarlosC\OneDrive - Cesur-GCoremsa\Prácticas Data Center\Tareas\04 Git\proyectoGit\actions-runner\bin'
[2026-10-10 11:34:28Z INFO HostContext] Well known directory 'Root': 'C:\Users\CarlosC\OneDrive - Cesur-GCoremsa\Prácticas Data Center\Tareas\04 Git\proyectoGit\actions-runner'
[2026-10-10 11:34:28Z INFO HostContext] Well known directory 'Work': 'C:\Users\CarlosC\OneDrive - Cesur-GCoremsa\Prácticas Data Center\Tareas\04 Git\proyectoGit\actions-runner\_work'
[2026-10-10 11:34:28Z INFO JobRunner] Validating directory permissions for: 'C:\Users\CarlosC\OneDrive - Cesur-GCoremsa\Prácticas Data Center\Tareas\04 Git\proyectoGit\actions-runner\_work'
[2026-10-10 11:34:28Z INFO HostContext] Well known directory 'Bin': 'C:\Users\CarlosC\OneDrive - Cesur-GCoremsa\Prácticas Data Center\Tareas\04 Git\proyectoGit\actions-runner\bin'
[2026-10-10 11:34:28Z INFO HostContext] Well known directory 'Root': 'C:\Users\CarlosC\OneDrive - Cesur-GCoremsa\Prácticas Data Center\Tareas\04 Git\proyectoGit\actions-runner'
[2026-10-10 11:34:28Z INFO HostContext] Well known directory 'Work': 'C:\Users\CarlosC\OneDrive - Cesur-GCoremsa\Prácticas Data Center\Tareas\04 Git\proyectoGit\actions-runner\_work'
[2026-10-10 11:34:28Z INFO HostContext] Well known directory 'Tools': 'C:\Users\CarlosC\OneDrive - Cesur-GCoremsa\Prácticas Data Center\Tareas\04 Git\proyectoGit\actions-runner\_work\_tool'
[2026-10-10 11:34:28Z INFO HostContext] Well known directory 'Bin': 'C:\Users\CarlosC\OneDrive - Cesur-GCoremsa\Prácticas Data Center\Tareas\04 Git\proyectoGit\actions-runner\bin'
[2026-10-10 11:34:28Z INFO HostContext] Well known directory 'Root': 'C:\Users\CarlosC\OneDrive - Cesur-GCoremsa\Prácticas Data Center\Tareas\04 Git\proyectoGit\actions-runner'
[2026-10-10 11:34:28Z INFO HostContext] Well known directory 'Work': 'C:\Users\CarlosC\OneDrive - Cesur-GCoremsa\Prácticas Data Center\Tareas\04 Git\proyectoGit\actions-runner\_work'
[2026-10-10 11:34:28Z INFO HostContext] Well known directory 'Temp': 'C:\Users\CarlosC\OneDrive - Cesur-GCoremsa\Prácticas Data Center\Tareas\04 Git\proyectoGit\actions-runner\_work\_temp'
[2026-10-10 11:34:28Z INFO JobRunner] Getting job extension.
[2026-10-10 11:34:28Z INFO JobRunner] Initialize job. Getting all job steps.
[2026-10-10 11:34:28Z INFO HostContext] Well known directory 'Bin': 'C:\Users\CarlosC\OneDrive - Cesur-GCoremsa\Prácticas Data Center\Tareas\04 Git\proyectoGit\actions-runner\bin'
[2026-10-10 11:34:28Z INFO HostContext] Well known directory 'Root': 'C:\Users\CarlosC\OneDrive - Cesur-GCoremsa\Prácticas Data Center\Tareas\04 Git\proyectoGit\actions-runner'
[2026-10-10 11:34:28Z INFO HostContext] Well known directory 'Diag': 'C:\Users\CarlosC\OneDrive - Cesur-GCoremsa\Prácticas Data Center\Tareas\04 Git\proyectoGit\actions-runner\_diag'
[2026-10-10 11:34:28Z INFO HostContext] Well known directory 'Bin': 'C:\Users\CarlosC\OneDrive - Cesur-GCoremsa\Prácticas Data Center\Tareas\04 Git\proyectoGit\actions-runner\bin'
[2026-10-10 11:34:28Z INFO HostContext] Well known directory 'Root': 'C:\Users\CarlosC\OneDrive - Cesur-GCoremsa\Prácticas Data Center\Tareas\04 Git\proyectoGit\actions-runner'
[2026-10-10 11:34:28Z INFO HostContext] Well known directory 'Diag': 'C:\Users\CarlosC\OneDrive - Cesur-GCoremsa\Prácticas Data Center\Tareas\04 Git\proyectoGit\actions-runner\_diag'
[2026-10-10 11:34:28Z INFO HostContext] Well known directory 'Bin': 'C:\Users\CarlosC\OneDrive - Cesur-GCoremsa\Prácticas Data Center\Tareas\04 Git\proyectoGit\actions-runner\bin'
[2026-10-10 11:34:28Z INFO HostContext] Well known directory 'Root': 'C:\Users\CarlosC\OneDrive - Cesur-GCoremsa\Prácticas Data Center\Tareas\04 Git\proyectoGit\actions-runner'
[2026-10-10 11:34:28Z INFO HostContext] Well known config file 'Credentials': 'C:\Users\CarlosC\OneDrive - Cesur-GCoremsa\Prácticas Data Center\Tareas\04 Git\proyectoGit\actions-runner\.credentials'
[2026-10-10 11:34:28Z INFO HostContext] Well known directory 'Bin': 'C:\Users\CarlosC\OneDrive - Cesur-GCoremsa\Prácticas Data Center\Tareas\04 Git\proyectoGit\actions-runner\bin'
[2026-10-10 11:34:28Z INFO HostContext] Well known directory 'Root': 'C:\Users\CarlosC\OneDrive - Cesur-GCoremsa\Prácticas Data Center\Tareas\04 Git\proyectoGit\actions-runner'
[2026-10-10 11:34:28Z INFO HostContext] Well known config file 'SetupInfo': 'C:\Users\CarlosC\OneDrive - Cesur-GCoremsa\Prácticas Data Center\Tareas\04 Git\proyectoGit\actions-runner\.setup_info'
[2026-10-10 11:34:28Z INFO HostContext] Well known directory 'Bin': 'C:\Users\CarlosC\OneDrive - Cesur-GCoremsa\Prácticas Data Center\Tareas\04 Git\proyectoGit\actions-runner\bin'
[2026-10-10 11:34:28Z INFO HostContext] Well known directory 'Root': 'C:\Users\CarlosC\OneDrive - Cesur-GCoremsa\Prácticas Data Center\Tareas\04 Git\proyectoGit\actions-runner'
[2026-10-10 11:34:28Z INFO HostContext] Well known directory 'Work': 'C:\Users\CarlosC\OneDrive - Cesur-GCoremsa\Prácticas Data Center\Tareas\04 Git\proyectoGit\actions-runner\_work'
[2026-10-10 11:34:28Z INFO PipelineDirectoryManager] Loading tracking config if exists: C:\Users\CarlosC\OneDrive - Cesur-GCoremsa\Prácticas Data Center\Tareas\04 Git\proyectoGit\actions-runner\_work\_PipelineMapping\CarlosCDAW/proyectoGit\PipelineFolder.json
[2026-10-10 11:34:28Z INFO PipelineDirectoryManager] Updating job run properties.
[2026-10-10 11:34:28Z INFO HostContext] Well known directory 'Bin': 'C:\Users\CarlosC\OneDrive - Cesur-GCoremsa\Prácticas Data Center\Tareas\04 Git\proyectoGit\actions-runner\bin'
[2026-10-10 11:34:28Z INFO HostContext] Well known directory 'Root': 'C:\Users\CarlosC\OneDrive - Cesur-GCoremsa\Prácticas Data Center\Tareas\04 Git\proyectoGit\actions-runner'
[2026-10-10 11:34:28Z INFO HostContext] Well known directory 'Work': 'C:\Users\CarlosC\OneDrive - Cesur-GCoremsa\Prácticas Data Center\Tareas\04 Git\proyectoGit\actions-runner\_work'
[2026-10-10 11:34:28Z INFO HostContext] Well known directory 'Bin': 'C:\Users\CarlosC\OneDrive - Cesur-GCoremsa\Prácticas Data Center\Tareas\04 Git\proyectoGit\actions-runner\bin'
[2026-10-10 11:34:28Z INFO HostContext] Well known directory 'Root': 'C:\Users\CarlosC\OneDrive - Cesur-GCoremsa\Prácticas Data Center\Tareas\04 Git\proyectoGit\actions-runner'
[2026-10-10 11:34:28Z INFO HostContext] Well known directory 'Work': 'C:\Users\CarlosC\OneDrive - Cesur-GCoremsa\Prácticas Data Center\Tareas\04 Git\proyectoGit\actions-runner\_work'
[2026-10-10 11:34:28Z INFO HostContext] Well known directory 'Bin': 'C:\Users\CarlosC\OneDrive - Cesur-GCoremsa\Prácticas Data Center\Tareas\04 Git\proyectoGit\actions-runner\bin'
[2026-10-10 11:34:28Z INFO HostContext] Well known directory 'Root': 'C:\Users\CarlosC\OneDrive - Cesur-GCoremsa\Prácticas Data Center\Tareas\04 Git\proyectoGit\actions-runner'
[2026-10-10 11:34:28Z INFO HostContext] Well known directory 'Work': 'C:\Users\CarlosC\OneDrive - Cesur-GCoremsa\Prácticas Data Center\Tareas\04 Git\proyectoGit\actions-runner\_work'
[2026-10-10 11:34:28Z INFO JobExtension] Downloading actions
[2026-10-10 11:34:28Z INFO HostContext] Well known directory 'Bin': 'C:\Users\CarlosC\OneDrive - Cesur-GCoremsa\Prácticas Data Center\Tareas\04 Git\proyectoGit\actions-runner\bin'
[2026-10-10 11:34:28Z INFO HostContext] Well known directory 'Root': 'C:\Users\CarlosC\OneDrive - Cesur-GCoremsa\Prácticas Data Center\Tareas\04 Git\proyectoGit\actions-runner'
[2026-10-10 11:34:28Z INFO HostContext] Well known directory 'Work': 'C:\Users\CarlosC\OneDrive - Cesur-GCoremsa\Prácticas Data Center\Tareas\04 Git\proyectoGit\actions-runner\_work'
[2026-10-10 11:34:28Z INFO HostContext] Well known directory 'Actions': 'C:\Users\CarlosC\OneDrive - Cesur-GCoremsa\Prácticas Data Center\Tareas\04 Git\proyectoGit\actions-runner\_work\_actions'
[2026-10-10 11:34:28Z INFO JobExtension] Adding .
[2026-10-10 11:34:28Z INFO HostContext] Well known directory 'Bin': 'C:\Users\CarlosC\OneDrive - Cesur-GCoremsa\Prácticas Data Center\Tareas\04 Git\proyectoGit\actions-runner\bin'
[2026-10-10 11:34:28Z INFO HostContext] Well known directory 'Root': 'C:\Users\CarlosC\OneDrive - Cesur-GCoremsa\Prácticas Data Center\Tareas\04 Git\proyectoGit\actions-runner'
[2026-10-10 11:34:28Z INFO HostContext] Well known directory 'Diag': 'C:\Users\CarlosC\OneDrive - Cesur-GCoremsa\Prácticas Data Center\Tareas\04 Git\proyectoGit\actions-runner\_diag'
[2026-10-10 11:34:28Z INFO HostContext] Well known directory 'Bin': 'C:\Users\CarlosC\OneDrive - Cesur-GCoremsa\Prácticas Data Center\Tareas\04 Git\proyectoGit\actions-runner\bin'
[2026-10-10 11:34:28Z INFO HostContext] Well known directory 'Root': 'C:\Users\CarlosC\OneDrive - Cesur-GCoremsa\Prácticas Data Center\Tareas\04 Git\proyectoGit\actions-runner'
[2026-10-10 11:34:28Z INFO HostContext] Well known directory 'Diag': 'C:\Users\CarlosC\OneDrive - Cesur-GCoremsa\Prácticas Data Center\Tareas\04 Git\proyectoGit\actions-runner\_diag'
[2026-10-10 11:34:28Z INFO JobExtension] Total accessible running process: 284.
[2026-10-10 11:34:28Z INFO HostContext] Well known directory 'Bin': 'C:\Users\CarlosC\OneDrive - Cesur-GCoremsa\Prácticas Data Center\Tareas\04 Git\proyectoGit\actions-runner\bin'
[2026-10-10 11:34:28Z INFO HostContext] Well known directory 'Root': 'C:\Users\CarlosC\OneDrive - Cesur-GCoremsa\Prácticas Data Center\Tareas\04 Git\proyectoGit\actions-runner'
[2026-10-10 11:34:28Z INFO HostContext] Well known directory 'Work': 'C:\Users\CarlosC\OneDrive - Cesur-GCoremsa\Prácticas Data Center\Tareas\04 Git\proyectoGit\actions-runner\_work'
[2026-10-10 11:34:28Z INFO JobExtension] Start checking server connectivity.
[2026-10-10 11:34:28Z INFO JobExtension] Check server connectivity for https://broker.actions.githubusercontent.com/health.
[2026-10-10 11:34:28Z INFO JobExtension] Check server connectivity for https://token.actions.githubusercontent.com/ready.
[2026-10-10 11:34:28Z INFO JobExtension] Check server connectivity for https://run.actions.githubusercontent.com/health.
[2026-10-10 11:34:28Z INFO JobExtension] Start checking service connectivity in background.
[2026-10-10 11:34:28Z INFO ExecutionContext] Publish step telemetry for current step {
  "action": "setup_job",
  "type": "runner",
  "stage": "Pre",
  "stepId": "7be67bab-7e7f-498a-9cfe-d728d6c14de6",
  "result": "succeeded",
  "errorMessages": [],
  "executionTimeInSeconds": 1,
  "startTime": "2026-10-10T11:34:28.023651Z",
  "finishTime": "2026-10-10T11:34:28.0713191Z"
}.
[2026-10-10 11:34:28Z INFO JobRunner] Total job steps: 1.
[2026-10-10 11:34:28Z INFO JobRunner] Run all job steps.
[2026-10-10 11:34:28Z INFO DapDebugger] DapDebugger initialized
[2026-10-10 11:34:28Z INFO StepsRunner] Processing step: DisplayName='Comparar DEV_TOKEN contra LOCAL_DEV_TOKEN'
[2026-10-10 11:34:28Z INFO StepsRunner] Evaluating: success()
[2026-10-10 11:34:28Z INFO StepsRunner] Result: true
[2026-10-10 11:34:28Z INFO StepsRunner] Starting the step.
[2026-10-10 11:34:28Z INFO HostContext] Well known directory 'Bin': 'C:\Users\CarlosC\OneDrive - Cesur-GCoremsa\Prácticas Data Center\Tareas\04 Git\proyectoGit\actions-runner\bin'
[2026-10-10 11:34:28Z INFO HostContext] Well known directory 'Root': 'C:\Users\CarlosC\OneDrive - Cesur-GCoremsa\Prácticas Data Center\Tareas\04 Git\proyectoGit\actions-runner'
[2026-10-10 11:34:28Z INFO HostContext] Well known directory 'Work': 'C:\Users\CarlosC\OneDrive - Cesur-GCoremsa\Prácticas Data Center\Tareas\04 Git\proyectoGit\actions-runner\_work'
[2026-10-10 11:34:28Z INFO StepsRunner] Which2: 'chcp'
[2026-10-10 11:34:28Z INFO StepsRunner] Location: 'C:\WINDOWS\system32\chcp.COM'
[2026-10-10 11:34:28Z INFO ProcessInvokerWrapper] Starting process:
[2026-10-10 11:34:28Z INFO ProcessInvokerWrapper]   File name: 'C:\WINDOWS\system32\chcp.COM'
[2026-10-10 11:34:28Z INFO ProcessInvokerWrapper]   Arguments: '65001'
[2026-10-10 11:34:28Z INFO ProcessInvokerWrapper]   Working directory: 'C:\Users\CarlosC\OneDrive - Cesur-GCoremsa\Prácticas Data Center\Tareas\04 Git\proyectoGit\actions-runner\_work'
[2026-10-10 11:34:28Z INFO ProcessInvokerWrapper]   Require exit code zero: 'False'
[2026-10-10 11:34:28Z INFO ProcessInvokerWrapper]   Encoding web name:  ; code page: ''
[2026-10-10 11:34:28Z INFO ProcessInvokerWrapper]   Force kill process on cancellation: 'False'
[2026-10-10 11:34:28Z INFO ProcessInvokerWrapper]   Redirected STDIN: 'False'
[2026-10-10 11:34:28Z INFO ProcessInvokerWrapper]   Persist current code page: 'True'
[2026-10-10 11:34:28Z INFO ProcessInvokerWrapper]   Keep redirected STDIN open: 'False'
[2026-10-10 11:34:28Z INFO ProcessInvokerWrapper]   High priority process: 'False'
[2026-10-10 11:34:28Z INFO ProcessInvokerWrapper] Process started with process id 15880, waiting for process exit.
[2026-10-10 11:34:28Z INFO Worker] Listening for cancel message from the channel.
[2026-10-10 11:34:28Z INFO Worker] Waiting for the job to complete or for a cancel message from the channel.
[2026-10-10 11:34:28Z INFO ProcessInvokerWrapper] STDOUT/STDERR stream read finished.
[2026-10-10 11:34:28Z INFO ProcessInvokerWrapper] STDOUT/STDERR stream read finished.
[2026-10-10 11:34:28Z INFO ProcessInvokerWrapper] Finished process 15880 with exit code 0, and elapsed time 00:00:00.0107609.
[2026-10-10 11:34:28Z INFO StepsRunner] Successfully returned to code page 65001 (UTF8)
[2026-10-10 11:34:28Z INFO HostContext] Well known directory 'Bin': 'C:\Users\CarlosC\OneDrive - Cesur-GCoremsa\Prácticas Data Center\Tareas\04 Git\proyectoGit\actions-runner\bin'
[2026-10-10 11:34:28Z INFO HostContext] Well known directory 'Root': 'C:\Users\CarlosC\OneDrive - Cesur-GCoremsa\Prácticas Data Center\Tareas\04 Git\proyectoGit\actions-runner'
[2026-10-10 11:34:28Z INFO HostContext] Well known directory 'Work': 'C:\Users\CarlosC\OneDrive - Cesur-GCoremsa\Prácticas Data Center\Tareas\04 Git\proyectoGit\actions-runner\_work'
[2026-10-10 11:34:28Z INFO HostContext] Well known directory 'Temp': 'C:\Users\CarlosC\OneDrive - Cesur-GCoremsa\Prácticas Data Center\Tareas\04 Git\proyectoGit\actions-runner\_work\_temp'
[2026-10-10 11:34:28Z INFO ExecutionContext] Write event payload to C:\Users\CarlosC\OneDrive - Cesur-GCoremsa\Prácticas Data Center\Tareas\04 Git\proyectoGit\actions-runner\_work\_temp\_github_workflow\event.json
[2026-10-10 11:34:28Z INFO HostContext] Well known directory 'Bin': 'C:\Users\CarlosC\OneDrive - Cesur-GCoremsa\Prácticas Data Center\Tareas\04 Git\proyectoGit\actions-runner\bin'
[2026-10-10 11:34:28Z INFO HostContext] Well known directory 'Root': 'C:\Users\CarlosC\OneDrive - Cesur-GCoremsa\Prácticas Data Center\Tareas\04 Git\proyectoGit\actions-runner'
[2026-10-10 11:34:28Z INFO HostContext] Well known directory 'Work': 'C:\Users\CarlosC\OneDrive - Cesur-GCoremsa\Prácticas Data Center\Tareas\04 Git\proyectoGit\actions-runner\_work'
[2026-10-10 11:34:28Z INFO HostContext] Well known directory 'Temp': 'C:\Users\CarlosC\OneDrive - Cesur-GCoremsa\Prácticas Data Center\Tareas\04 Git\proyectoGit\actions-runner\_work\_temp'
[2026-10-10 11:34:28Z INFO ExtensionManager] Getting extensions for interface: 'GitHub.Runner.Worker.IFileCommandExtension'
[2026-10-10 11:34:28Z INFO ExtensionManager] Creating instance: GitHub.Runner.Worker.AddPathFileCommand, Runner.Worker
[2026-10-10 11:34:28Z INFO ExtensionManager] Creating instance: GitHub.Runner.Worker.SetEnvFileCommand, Runner.Worker
[2026-10-10 11:34:28Z INFO ExtensionManager] Creating instance: GitHub.Runner.Worker.CreateStepSummaryCommand, Runner.Worker
[2026-10-10 11:34:28Z INFO ExtensionManager] Creating instance: GitHub.Runner.Worker.SaveStateFileCommand, Runner.Worker
[2026-10-10 11:34:28Z INFO ExtensionManager] Creating instance: GitHub.Runner.Worker.SetOutputFileCommand, Runner.Worker
[2026-10-10 11:34:28Z INFO ExtensionManager] Creating instance: GitHub.Runner.Worker.CreateArtifactsFileCommand, Runner.Worker
[2026-10-10 11:34:28Z INFO ExtensionManager] Creating instance: GitHub.Runner.Worker.ArtifactsListFileCommand, Runner.Worker
[2026-10-10 11:34:28Z INFO ArtifactsListFileCommand] Wrote $GITHUB_ARTIFACTS_LIST with 0 subject(s) to 'C:\Users\CarlosC\OneDrive - Cesur-GCoremsa\Prácticas Data Center\Tareas\04 Git\proyectoGit\actions-runner\_work\_temp\_runner_file_commands\artifacts_list_579e49a8-a9a9-44ea-a50d-ccae46765c22'
[2026-10-10 11:34:28Z INFO ExtensionManager] Getting extensions for interface: 'GitHub.Runner.Worker.IActionCommandExtension'
[2026-10-10 11:34:28Z INFO ExtensionManager] Creating instance: GitHub.Runner.Worker.InternalPluginSetRepoPathCommandExtension, Runner.Worker
[2026-10-10 11:34:28Z INFO ExtensionManager] Creating instance: GitHub.Runner.Worker.SetEnvCommandExtension, Runner.Worker
[2026-10-10 11:34:28Z INFO ExtensionManager] Creating instance: GitHub.Runner.Worker.SetOutputCommandExtension, Runner.Worker
[2026-10-10 11:34:28Z INFO ExtensionManager] Creating instance: GitHub.Runner.Worker.SaveStateCommandExtension, Runner.Worker
[2026-10-10 11:34:28Z INFO ExtensionManager] Creating instance: GitHub.Runner.Worker.AddPathCommandExtension, Runner.Worker
[2026-10-10 11:34:28Z INFO ExtensionManager] Creating instance: GitHub.Runner.Worker.AddMaskCommandExtension, Runner.Worker
[2026-10-10 11:34:28Z INFO ExtensionManager] Creating instance: GitHub.Runner.Worker.AddMatcherCommandExtension, Runner.Worker
[2026-10-10 11:34:28Z INFO ExtensionManager] Creating instance: GitHub.Runner.Worker.RemoveMatcherCommandExtension, Runner.Worker
[2026-10-10 11:34:28Z INFO ExtensionManager] Creating instance: GitHub.Runner.Worker.WarningCommandExtension, Runner.Worker
[2026-10-10 11:34:28Z INFO ExtensionManager] Creating instance: GitHub.Runner.Worker.ErrorCommandExtension, Runner.Worker
[2026-10-10 11:34:28Z INFO ExtensionManager] Creating instance: GitHub.Runner.Worker.NoticeCommandExtension, Runner.Worker
[2026-10-10 11:34:28Z INFO ExtensionManager] Creating instance: GitHub.Runner.Worker.DebugCommandExtension, Runner.Worker
[2026-10-10 11:34:28Z INFO ExtensionManager] Creating instance: GitHub.Runner.Worker.GroupCommandExtension, Runner.Worker
[2026-10-10 11:34:28Z INFO ExtensionManager] Creating instance: GitHub.Runner.Worker.EndGroupCommandExtension, Runner.Worker
[2026-10-10 11:34:28Z INFO ExtensionManager] Creating instance: GitHub.Runner.Worker.EchoCommandExtension, Runner.Worker
[2026-10-10 11:34:28Z INFO ActionCommandManager] Register action command extension for command internal-set-repo-path
[2026-10-10 11:34:28Z INFO ActionCommandManager] Register action command extension for command set-env
[2026-10-10 11:34:28Z INFO ActionCommandManager] Register action command extension for command set-output
[2026-10-10 11:34:28Z INFO ActionCommandManager] Register action command extension for command save-state
[2026-10-10 11:34:28Z INFO ActionCommandManager] Register action command extension for command add-path
[2026-10-10 11:34:28Z INFO ActionCommandManager] Register action command extension for command add-mask
[2026-10-10 11:34:28Z INFO ActionCommandManager] Register action command extension for command add-matcher
[2026-10-10 11:34:28Z INFO ActionCommandManager] Register action command extension for command remove-matcher
[2026-10-10 11:34:28Z INFO ActionCommandManager] Register action command extension for command warning
[2026-10-10 11:34:28Z INFO ActionCommandManager] Register action command extension for command error
[2026-10-10 11:34:28Z INFO ActionCommandManager] Register action command extension for command notice
[2026-10-10 11:34:28Z INFO ActionCommandManager] Register action command extension for command debug
[2026-10-10 11:34:28Z INFO ActionCommandManager] Register action command extension for command group
[2026-10-10 11:34:28Z INFO ActionCommandManager] Register action command extension for command endgroup
[2026-10-10 11:34:28Z INFO ActionCommandManager] Register action command extension for command echo
[2026-10-10 11:34:28Z INFO ScriptHandler] Which2: 'pwsh'
[2026-10-10 11:34:28Z INFO ScriptHandler] pwsh: command not found. Make sure 'pwsh' is installed and its location included in the 'Path' environment variable.
[2026-10-10 11:34:28Z INFO ScriptHandler] Defaulting to powershell
[2026-10-10 11:34:28Z INFO ScriptHandler] Which2: 'powershell'
[2026-10-10 11:34:28Z INFO ScriptHandler] Location: 'C:\WINDOWS\System32\WindowsPowerShell\v1.0\powershell.EXE'
[2026-10-10 11:34:28Z INFO HostContext] Well known directory 'Bin': 'C:\Users\CarlosC\OneDrive - Cesur-GCoremsa\Prácticas Data Center\Tareas\04 Git\proyectoGit\actions-runner\bin'
[2026-10-10 11:34:28Z INFO HostContext] Well known directory 'Root': 'C:\Users\CarlosC\OneDrive - Cesur-GCoremsa\Prácticas Data Center\Tareas\04 Git\proyectoGit\actions-runner'
[2026-10-10 11:34:28Z INFO HostContext] Well known directory 'Work': 'C:\Users\CarlosC\OneDrive - Cesur-GCoremsa\Prácticas Data Center\Tareas\04 Git\proyectoGit\actions-runner\_work'
[2026-10-10 11:34:28Z INFO HostContext] Well known directory 'Temp': 'C:\Users\CarlosC\OneDrive - Cesur-GCoremsa\Prácticas Data Center\Tareas\04 Git\proyectoGit\actions-runner\_work\_temp'
[2026-10-10 11:34:28Z INFO ScriptHandler] Which2: 'pwsh'
[2026-10-10 11:34:28Z INFO ScriptHandler] pwsh: command not found. Make sure 'pwsh' is installed and its location included in the 'Path' environment variable.
[2026-10-10 11:34:28Z INFO ScriptHandler] Defaulting to powershell
[2026-10-10 11:34:28Z INFO ScriptHandler] Which2: 'powershell'
[2026-10-10 11:34:28Z INFO ScriptHandler] Location: 'C:\WINDOWS\System32\WindowsPowerShell\v1.0\powershell.EXE'
[2026-10-10 11:34:28Z INFO ProcessInvokerWrapper] Starting process:
[2026-10-10 11:34:28Z INFO ProcessInvokerWrapper]   File name: 'C:\WINDOWS\System32\WindowsPowerShell\v1.0\powershell.EXE'
[2026-10-10 11:34:28Z INFO ProcessInvokerWrapper]   Arguments: '-command ". 'C:\Users\CarlosC\OneDrive - Cesur-GCoremsa\Prácticas Data Center\Tareas\04 Git\proyectoGit\actions-runner\_work\_temp\e9b3bd0e-117c-4c65-a5dd-ea6c147ad2d0.ps1'"'
[2026-10-10 11:34:28Z INFO ProcessInvokerWrapper]   Working directory: 'C:\Users\CarlosC\OneDrive - Cesur-GCoremsa\Prácticas Data Center\Tareas\04 Git\proyectoGit\actions-runner\_work\proyectoGit\proyectoGit'
[2026-10-10 11:34:28Z INFO ProcessInvokerWrapper]   Require exit code zero: 'False'
[2026-10-10 11:34:28Z INFO ProcessInvokerWrapper]   Encoding web name:  ; code page: ''
[2026-10-10 11:34:28Z INFO ProcessInvokerWrapper]   Force kill process on cancellation: 'False'
[2026-10-10 11:34:28Z INFO ProcessInvokerWrapper]   Redirected STDIN: 'False'
[2026-10-10 11:34:28Z INFO ProcessInvokerWrapper]   Persist current code page: 'True'
[2026-10-10 11:34:28Z INFO ProcessInvokerWrapper]   Keep redirected STDIN open: 'False'
[2026-10-10 11:34:28Z INFO ProcessInvokerWrapper]   High priority process: 'False'
[2026-10-10 11:34:28Z INFO ProcessInvokerWrapper] Process started with process id 18464, waiting for process exit.
[2026-10-10 11:34:28Z INFO ProcessInvokerWrapper] STDOUT/STDERR stream read finished.
[2026-10-10 11:34:28Z INFO ProcessInvokerWrapper] STDOUT/STDERR stream read finished.
[2026-10-10 11:34:28Z INFO ProcessInvokerWrapper] Finished process 18464 with exit code 0, and elapsed time 00:00:00.2269315.
[2026-10-10 11:34:28Z INFO CreateStepSummaryCommand] Step Summary file (C:\Users\CarlosC\OneDrive - Cesur-GCoremsa\Prácticas Data Center\Tareas\04 Git\proyectoGit\actions-runner\_work\_temp\_runner_file_commands\step_summary_579e49a8-a9a9-44ea-a50d-ccae46765c22) is empty; skipping attachment upload
[2026-10-10 11:34:28Z INFO CreateArtifactsFileCommand] Processing $GITHUB_ARTIFACTS file 'C:\Users\CarlosC\OneDrive - Cesur-GCoremsa\Prácticas Data Center\Tareas\04 Git\proyectoGit\actions-runner\_work\_temp\_runner_file_commands\artifacts_579e49a8-a9a9-44ea-a50d-ccae46765c22'
[2026-10-10 11:34:28Z INFO CreateArtifactsFileCommand] $GITHUB_ARTIFACTS file is empty; nothing to process.
[2026-10-10 11:34:28Z INFO StepsRunner] Step result: 
[2026-10-10 11:34:28Z INFO ExecutionContext] Publish step telemetry for current step {
  "action": "powershell",
  "type": "run",
  "stage": "Main",
  "stepId": "970c44fd-b752-4da4-8a94-d8d619094fbc",
  "stepContextName": "__run",
  "result": "succeeded",
  "errorMessages": [],
  "executionTimeInSeconds": 1,
  "startTime": "2026-10-10T11:34:28.0794373Z",
  "finishTime": "2026-10-10T11:34:28.3744142Z"
}.
[2026-10-10 11:34:28Z INFO StepsRunner] No need for updating job result with current step result 'Succeeded'.
[2026-10-10 11:34:28Z INFO StepsRunner] Current state: job state = ''
[2026-10-10 11:34:28Z INFO JobRunner] Finalize job.
[2026-10-10 11:34:28Z INFO HostContext] Well known directory 'Bin': 'C:\Users\CarlosC\OneDrive - Cesur-GCoremsa\Prácticas Data Center\Tareas\04 Git\proyectoGit\actions-runner\bin'
[2026-10-10 11:34:28Z INFO HostContext] Well known directory 'Root': 'C:\Users\CarlosC\OneDrive - Cesur-GCoremsa\Prácticas Data Center\Tareas\04 Git\proyectoGit\actions-runner'
[2026-10-10 11:34:28Z INFO HostContext] Well known directory 'Diag': 'C:\Users\CarlosC\OneDrive - Cesur-GCoremsa\Prácticas Data Center\Tareas\04 Git\proyectoGit\actions-runner\_diag'
[2026-10-10 11:34:28Z INFO HostContext] Well known directory 'Bin': 'C:\Users\CarlosC\OneDrive - Cesur-GCoremsa\Prácticas Data Center\Tareas\04 Git\proyectoGit\actions-runner\bin'
[2026-10-10 11:34:28Z INFO HostContext] Well known directory 'Root': 'C:\Users\CarlosC\OneDrive - Cesur-GCoremsa\Prácticas Data Center\Tareas\04 Git\proyectoGit\actions-runner'
[2026-10-10 11:34:28Z INFO HostContext] Well known directory 'Diag': 'C:\Users\CarlosC\OneDrive - Cesur-GCoremsa\Prácticas Data Center\Tareas\04 Git\proyectoGit\actions-runner\_diag'
[2026-10-10 11:34:28Z INFO JobExtension] Initialize Env context
[2026-10-10 11:34:28Z INFO JobExtension] Initialize steps context
[2026-10-10 11:34:28Z INFO JobExtension] Total accessible running process: 284.
[2026-10-10 11:34:28Z INFO JobExtension] Wait for all connectivity checks to finish.
[2026-10-10 11:34:28Z INFO JobExtension] Connectivity check result: {
  "endpointUrl": "https://broker.actions.githubusercontent.com/health",
  "endpointIPs": null,
  "startTime": "2026-10-10T11:34:28.0651493Z",
  "statusCode": "http_OK",
  "requestId": "CE4B:183993:88BBD8:8F3B36:6ACA22C3",
  "httpRequestDurationInMs": 342,
  "dnsResolutionDurationInMs": 0,
  "dnsError": null
}
[2026-10-10 11:34:28Z INFO JobExtension] Connectivity check result: {
  "endpointUrl": "https://token.actions.githubusercontent.com/ready",
  "endpointIPs": null,
  "startTime": "2026-10-10T11:34:28.0692512Z",
  "statusCode": "http_NoContent",
  "requestId": "CE4D:76E44:32A3D78:3957213:6ACA22C3",
  "httpRequestDurationInMs": 368,
  "dnsResolutionDurationInMs": 0,
  "dnsError": null
}
[2026-10-10 11:34:28Z INFO JobExtension] Connectivity check result: {
  "endpointUrl": "https://run.actions.githubusercontent.com/health",
  "endpointIPs": null,
  "startTime": "2026-10-10T11:34:28.0694202Z",
  "statusCode": "http_OK",
  "requestId": "CE4C:161945:86C6C5:8D45B4:6ACA22C3",
  "httpRequestDurationInMs": 356,
  "dnsResolutionDurationInMs": 0,
  "dnsError": null
}
[2026-10-10 11:34:28Z INFO ExecutionContext] Publish step telemetry for current step {
  "action": "complete_job",
  "type": "runner",
  "stage": "Post",
  "stepId": "ece942c8-b9db-43d2-8ff4-dc408266cabc",
  "result": "succeeded",
  "errorMessages": [],
  "executionTimeInSeconds": 1,
  "startTime": "2026-10-10T11:34:28.3800003Z",
  "finishTime": "2026-10-10T11:34:28.4400628Z"
}.
[2026-10-10 11:34:28Z INFO JobRunner] Job result after all job steps finish: Succeeded
[2026-10-10 11:34:28Z INFO JobRunner] Completing the job execution context.
[2026-10-10 11:34:28Z INFO JobRunner] Shutting down the job server queue.
[2026-10-10 11:34:28Z INFO JobServerQueue] Fire signal to shutdown all queues.
[2026-10-10 11:34:28Z INFO ResultServer] Successfully started websocket client.
[2026-10-10 11:34:28Z INFO JobServerQueue] Try to append 1 batches web console lines for record '7be67bab-7e7f-498a-9cfe-d728d6c14de6', success rate: 1/1.
[2026-10-10 11:34:28Z INFO JobServerQueue] Try to append 1 batches web console lines for record '970c44fd-b752-4da4-8a94-d8d619094fbc', success rate: 1/1.
[2026-10-10 11:34:29Z INFO JobServerQueue] All queue process task stopped.
[2026-10-10 11:34:29Z INFO JobServerQueue] Try to append 1 batches web console lines for record '970c44fd-b752-4da4-8a94-d8d619094fbc', success rate: 1/1.
[2026-10-10 11:34:29Z INFO JobServerQueue] Try to append 1 batches web console lines for record 'ece942c8-b9db-43d2-8ff4-dc408266cabc', success rate: 1/1.
[2026-10-10 11:34:29Z INFO JobServerQueue] Web console line queue drained.
[2026-10-10 11:34:29Z INFO JobServerQueue] Uploading 4 files in one shot.
[2026-10-10 11:34:29Z INFO JobServerQueue] Try to upload 4 log files or attachments, success rate: 4/4.
[2026-10-10 11:34:29Z INFO JobServerQueue] File upload queue drained.
[2026-10-10 11:34:29Z INFO JobServerQueue] Starting results-based upload queue...
[2026-10-10 11:34:29Z INFO JobServerQueue] Uploading 4 file(s) in one shot through results service.
[2026-10-10 11:34:29Z INFO JobServerQueue] Got a step log file to send to results service.
[2026-10-10 11:34:29Z INFO JobServerQueue] Starting upload of step log file to results service ResultsLog, C:\Users\CarlosC\OneDrive - Cesur-GCoremsa\Prácticas Data Center\Tareas\04 Git\proyectoGit\actions-runner\_diag\blocks\609d09bd-c927-86aa-ae7e-ee346300e6c7_7be67bab-7e7f-498a-9cfe-d728d6c14de6.1
[2026-10-10 11:34:29Z INFO JobServerQueue] Got a step log file to send to results service.
[2026-10-10 11:34:29Z INFO JobServerQueue] Starting upload of step log file to results service ResultsLog, C:\Users\CarlosC\OneDrive - Cesur-GCoremsa\Prácticas Data Center\Tareas\04 Git\proyectoGit\actions-runner\_diag\blocks\609d09bd-c927-86aa-ae7e-ee346300e6c7_970c44fd-b752-4da4-8a94-d8d619094fbc.1
[2026-10-10 11:34:30Z INFO JobServerQueue] Got a step log file to send to results service.
[2026-10-10 11:34:30Z INFO JobServerQueue] Starting upload of step log file to results service ResultsLog, C:\Users\CarlosC\OneDrive - Cesur-GCoremsa\Prácticas Data Center\Tareas\04 Git\proyectoGit\actions-runner\_diag\blocks\609d09bd-c927-86aa-ae7e-ee346300e6c7_ece942c8-b9db-43d2-8ff4-dc408266cabc.1
[2026-10-10 11:34:30Z INFO JobServerQueue] Got a job log file to send to results service.
[2026-10-10 11:34:30Z INFO JobServerQueue] Starting upload of job log file to results service ResultsLog, C:\Users\CarlosC\OneDrive - Cesur-GCoremsa\Prácticas Data Center\Tareas\04 Git\proyectoGit\actions-runner\_diag\blocks\609d09bd-c927-86aa-ae7e-ee346300e6c7_b0fd3d7d-0078-55ec-b207-5d1ab5eecc54.1
[2026-10-10 11:34:31Z INFO JobServerQueue] Tried to upload 4 file(s) to results, success rate: 4/4.
[2026-10-10 11:34:31Z INFO JobServerQueue] Results upload queue drained.
[2026-10-10 11:34:31Z INFO JobServerQueue] Job timeline record has been updated for the first time.
[2026-10-10 11:34:31Z INFO JobServerQueue] Timeline update queue drained.
[2026-10-10 11:34:31Z INFO JobServerQueue] Disposing job server ...
[2026-10-10 11:34:31Z INFO JobServerQueue] Disposing results server ...
[2026-10-10 11:34:31Z INFO JobServerQueue] All queue process tasks have been stopped, and all queues are drained.
[2026-10-10 11:34:31Z INFO TempDirectoryManager] Cleaning runner temp folder: C:\Users\CarlosC\OneDrive - Cesur-GCoremsa\Prácticas Data Center\Tareas\04 Git\proyectoGit\actions-runner\_work\_temp
[2026-10-10 11:34:31Z INFO HostContext] Well known directory 'Bin': 'C:\Users\CarlosC\OneDrive - Cesur-GCoremsa\Prácticas Data Center\Tareas\04 Git\proyectoGit\actions-runner\bin'
[2026-10-10 11:34:31Z INFO HostContext] Well known directory 'Root': 'C:\Users\CarlosC\OneDrive - Cesur-GCoremsa\Prácticas Data Center\Tareas\04 Git\proyectoGit\actions-runner'
[2026-10-10 11:34:31Z INFO HostContext] Well known directory 'Diag': 'C:\Users\CarlosC\OneDrive - Cesur-GCoremsa\Prácticas Data Center\Tareas\04 Git\proyectoGit\actions-runner\_diag'
[2026-10-10 11:34:31Z INFO HostContext] Well known config file 'Telemetry': 'C:\Users\CarlosC\OneDrive - Cesur-GCoremsa\Prácticas Data Center\Tareas\04 Git\proyectoGit\actions-runner\_diag\.telemetry'
[2026-10-10 11:34:31Z INFO JobRunner] Raising job completed against run service
[2026-10-10 11:34:31Z INFO Worker] Job completed.
